Archive member included to satisfy reference by file (symbol)

c:/siliconlabs/simplicitystudio/v5/developer/toolchains/gnu_arm/10.3_2021.10/bin/../lib/gcc/arm-none-eabi/10.3.1/../../../../arm-none-eabi/lib/thumb/v8-m.main+fp/hard\libstdc++_nano.a(atexit_arm.o)
                              ./innilib/System/GeckoSystem/GeckoSystem.o (__aeabi_atexit)
c:/siliconlabs/simplicitystudio/v5/developer/toolchains/gnu_arm/10.3_2021.10/bin/../lib/gcc/arm-none-eabi/10.3.1/../../../../arm-none-eabi/lib/thumb/v8-m.main+fp/hard\libstdc++_nano.a(del_ops.o)
                              ./innilib/System/GeckoSystem/GeckoSystem.o (operator delete(void*, unsigned int))
c:/siliconlabs/simplicitystudio/v5/developer/toolchains/gnu_arm/10.3_2021.10/bin/../lib/gcc/arm-none-eabi/10.3.1/../../../../arm-none-eabi/lib/thumb/v8-m.main+fp/hard\libstdc++_nano.a(guard.o)
                              ./innilib/System/GeckoSystem/GeckoSystem.o (__cxa_guard_acquire)
c:/siliconlabs/simplicitystudio/v5/developer/toolchains/gnu_arm/10.3_2021.10/bin/../lib/gcc/arm-none-eabi/10.3.1/../../../../arm-none-eabi/lib/thumb/v8-m.main+fp/hard\libstdc++_nano.a(new_op.o)
                              ./innilib/System/GeckoSystem/GeckoSystem.o (operator new(unsigned int))
c:/siliconlabs/simplicitystudio/v5/developer/toolchains/gnu_arm/10.3_2021.10/bin/../lib/gcc/arm-none-eabi/10.3.1/../../../../arm-none-eabi/lib/thumb/v8-m.main+fp/hard\libstdc++_nano.a(functexcept.o)
                              ./innilib/System/GeckoSystem/GeckoSystem.o (std::__throw_bad_alloc())
c:/siliconlabs/simplicitystudio/v5/developer/toolchains/gnu_arm/10.3_2021.10/bin/../lib/gcc/arm-none-eabi/10.3.1/../../../../arm-none-eabi/lib/thumb/v8-m.main+fp/hard\libstdc++_nano.a(functional.o)
                              ./innilib/System/GeckoSystem/GeckoSystem.o (std::__throw_bad_function_call())
c:/siliconlabs/simplicitystudio/v5/developer/toolchains/gnu_arm/10.3_2021.10/bin/../lib/gcc/arm-none-eabi/10.3.1/../../../../arm-none-eabi/lib/thumb/v8-m.main+fp/hard\libstdc++_nano.a(snprintf_lite.o)
                              c:/siliconlabs/simplicitystudio/v5/developer/toolchains/gnu_arm/10.3_2021.10/bin/../lib/gcc/arm-none-eabi/10.3.1/../../../../arm-none-eabi/lib/thumb/v8-m.main+fp/hard\libstdc++_nano.a(functexcept.o) (__gnu_cxx::__snprintf_lite(char*, unsigned int, char const*, std::__va_list))
c:/siliconlabs/simplicitystudio/v5/developer/toolchains/gnu_arm/10.3_2021.10/bin/../lib/gcc/arm-none-eabi/10.3.1/../../../../arm-none-eabi/lib/thumb/v8-m.main+fp/hard\libstdc++_nano.a(del_op.o)
                              c:/siliconlabs/simplicitystudio/v5/developer/toolchains/gnu_arm/10.3_2021.10/bin/../lib/gcc/arm-none-eabi/10.3.1/../../../../arm-none-eabi/lib/thumb/v8-m.main+fp/hard\libstdc++_nano.a(del_ops.o) (operator delete(void*))
c:/siliconlabs/simplicitystudio/v5/developer/toolchains/gnu_arm/10.3_2021.10/bin/../lib/gcc/arm-none-eabi/10.3.1/../../../../arm-none-eabi/lib/thumb/v8-m.main+fp/hard\libstdc++_nano.a(eh_exception.o)
                              c:/siliconlabs/simplicitystudio/v5/developer/toolchains/gnu_arm/10.3_2021.10/bin/../lib/gcc/arm-none-eabi/10.3.1/../../../../arm-none-eabi/lib/thumb/v8-m.main+fp/hard\libstdc++_nano.a(functional.o) (std::exception::~exception())
c:/siliconlabs/simplicitystudio/v5/developer/toolchains/gnu_arm/10.3_2021.10/bin/../lib/gcc/arm-none-eabi/10.3.1/../../../../arm-none-eabi/lib/thumb/v8-m.main+fp/hard\libstdc++_nano.a(new_handler.o)
                              c:/siliconlabs/simplicitystudio/v5/developer/toolchains/gnu_arm/10.3_2021.10/bin/../lib/gcc/arm-none-eabi/10.3.1/../../../../arm-none-eabi/lib/thumb/v8-m.main+fp/hard\libstdc++_nano.a(new_op.o) (std::get_new_handler())
c:/siliconlabs/simplicitystudio/v5/developer/toolchains/gnu_arm/10.3_2021.10/bin/../lib/gcc/arm-none-eabi/10.3.1/../../../../arm-none-eabi/lib/thumb/v8-m.main+fp/hard\libstdc++_nano.a(pure.o)
                              c:/siliconlabs/simplicitystudio/v5/developer/toolchains/gnu_arm/10.3_2021.10/bin/../lib/gcc/arm-none-eabi/10.3.1/../../../../arm-none-eabi/lib/thumb/v8-m.main+fp/hard\libstdc++_nano.a(eh_exception.o) (__cxa_pure_virtual)
c:/siliconlabs/simplicitystudio/v5/developer/toolchains/gnu_arm/10.3_2021.10/bin/../lib/gcc/arm-none-eabi/10.3.1/../../../../arm-none-eabi/lib/thumb/v8-m.main+fp/hard\libstdc++_nano.a(si_class_type_info.o)
                              c:/siliconlabs/simplicitystudio/v5/developer/toolchains/gnu_arm/10.3_2021.10/bin/../lib/gcc/arm-none-eabi/10.3.1/../../../../arm-none-eabi/lib/thumb/v8-m.main+fp/hard\libstdc++_nano.a(functional.o) (vtable for __cxxabiv1::__si_class_type_info)
c:/siliconlabs/simplicitystudio/v5/developer/toolchains/gnu_arm/10.3_2021.10/bin/../lib/gcc/arm-none-eabi/10.3.1/../../../../arm-none-eabi/lib/thumb/v8-m.main+fp/hard\libstdc++_nano.a(tinfo.o)
[...]
Memory Configuration

Name             Origin             Length             Attributes
FLASH            0x00000000         0x0007e000         xr
RAM              0x20000000         0x00008000         xrw
*default*        0x00000000         0xffffffff

Linker script and memory map

LOAD c:/siliconlabs/simplicitystudio/v5/developer/toolchains/gnu_arm/10.3_2021.10/bin/../lib/gcc/arm-none-eabi/10.3.1/thumb/v8-m.main+fp/hard/crti.o
LOAD c:/siliconlabs/simplicitystudio/v5/developer/toolchains/gnu_arm/10.3_2021.10/bin/../lib/gcc/arm-none-eabi/10.3.1/thumb/v8-m.main+fp/hard/crtbegin.o
LOAD c:/siliconlabs/simplicitystudio/v5/developer/toolchains/gnu_arm/10.3_2021.10/bin/../lib/gcc/arm-none-eabi/10.3.1/../../../../arm-none-eabi/lib/thumb/v8-m.main+fp/hard/crt0.o
START GROUP
LOAD ./innilib/System/GeckoSystem/GeckoSystem.o
LOAD ./innilib/System/GeckoSystem/GeckoSystemTests.o
LOAD ./innilib/System/GeckoSystem/gecko_sdk_4.2.1/bgm22/startup_bgm22.o
LOAD ./innilib/System/GeckoSystem/gecko_sdk_4.2.1/bgm22/system_bgm22.o
LOAD ./innilib/System/GeckoSystem/gecko_sdk_4.2.1/common/sl_assert.o
LOAD ./innilib/System/GeckoSystem/gecko_sdk_4.2.1/common/sl_memory.o
LOAD ./innilib/System/GeckoSystem/gecko_sdk_4.2.1/common/sl_slist.o
LOAD ./innilib/System/GeckoSystem/gecko_sdk_4.2.1/emlib/em_burtc.o
LOAD ./innilib/System/GeckoSystem/gecko_sdk_4.2.1/emlib/em_cmu.o
LOAD ./innilib/System/GeckoSystem/gecko_sdk_4.2.1/emlib/em_core.o
LOAD ./innilib/System/GeckoSystem/gecko_sdk_4.2.1/emlib/em_emu.o
LOAD ./innilib/System/GeckoSystem/gecko_sdk_4.2.1/emlib/em_eusart.o
LOAD ./innilib/System/GeckoSystem/gecko_sdk_4.2.1/emlib/em_gpcrc.o
LOAD ./innilib/System/GeckoSystem/gecko_sdk_4.2.1/emlib/em_gpio.o
LOAD ./innilib/System/GeckoSystem/gecko_sdk_4.2.1/emlib/em_i2c.o
LOAD ./innilib/System/GeckoSystem/gecko_sdk_4.2.1/emlib/em_iadc.o
LOAD ./innilib/System/GeckoSystem/gecko_sdk_4.2.1/emlib/em_ldma.o
LOAD ./innilib/System/GeckoSystem/gecko_sdk_4.2.1/emlib/em_letimer.o
LOAD ./innilib/System/GeckoSystem/gecko_sdk_4.2.1/emlib/em_msc.o
LOAD ./innilib/System/GeckoSystem/gecko_sdk_4.2.1/emlib/em_pdm.o
LOAD ./innilib/System/GeckoSystem/gecko_sdk_4.2.1/emlib/em_prs.o
LOAD ./innilib/System/GeckoSystem/gecko_sdk_4.2.1/emlib/em_rmu.o
LOAD ./innilib/System/GeckoSystem/gecko_sdk_4.2.1/emlib/em_rtcc.o
LOAD ./innilib/System/GeckoSystem/gecko_sdk_4.2.1/emlib/em_system.o
LOAD ./innilib/System/GeckoSystem/gecko_sdk_4.2.1/emlib/em_timer.o
LOAD ./innilib/System/GeckoSystem/gecko_sdk_4.2.1/emlib/em_usart.o
LOAD ./innilib/System/GeckoSystem/gecko_sdk_4.2.1/emlib/em_wdog.o
LOAD ./innilib/System/GeckoSystem/gecko_sdk_4.2.1/hfxo_manager/sl_hfxo_manager.o
LOAD ./innilib/System/GeckoSystem/gecko_sdk_4.2.1/hfxo_manager/sl_hfxo_manager_hal_s2.o
LOAD ./innilib/System/GeckoSystem/gecko_sdk_4.2.1/power_manager/sl_power_manager.o
LOAD ./innilib/System/GeckoSystem/gecko_sdk_4.2.1/power_manager/sl_power_manager_debug.o
LOAD ./innilib/System/GeckoSystem/gecko_sdk_4.2.1/power_manager/sl_power_manager_hal_s2.o
LOAD ./innilib/System/GeckoSystem/gecko_sdk_4.2.1/power_manager/sl_power_manager_handler.o
LOAD ./innilib/System/GeckoSystem/gecko_sdk_4.2.1/sleeptimer/sl_sleeptimer.o
LOAD ./innilib/System/GeckoSystem/gecko_sdk_4.2.1/sleeptimer/sl_sleeptimer_hal_rtcc.o
LOAD ./main.o
LOAD c:/siliconlabs/simplicitystudio/v5/developer/toolchains/gnu_arm/10.3_2021.10/bin/../lib/gcc/arm-none-eabi/10.3.1/../../../../arm-none-eabi/lib/thumb/v8-m.main+fp/hard\libstdc++_nano.a
LOAD c:/siliconlabs/simplicitystudio/v5/developer/toolchains/gnu_arm/10.3_2021.10/bin/../lib/gcc/arm-none-eabi/10.3.1/thumb/v8-m.main+fp/hard\libgcc.a
LOAD c:/siliconlabs/simplicitystudio/v5/developer/toolchains/gnu_arm/10.3_2021.10/bin/../lib/gcc/arm-none-eabi/10.3.1/../../../../arm-none-eabi/lib/thumb/v8-m.main+fp/hard\libnosys.a
END GROUP
START GROUP
LOAD c:/siliconlabs/simplicitystudio/v5/developer/toolchains/gnu_arm/10.3_2021.10/bin/../lib/gcc/arm-none-eabi/10.3.1/thumb/v8-m.main+fp/hard\libgcc.a
LOAD c:/siliconlabs/simplicitystudio/v5/developer/toolchains/gnu_arm/10.3_2021.10/bin/../lib/gcc/arm-none-eabi/10.3.1/../../../../arm-none-eabi/lib/thumb/v8-m.main+fp/hard\libc_nano.a
LOAD c:/siliconlabs/simplicitystudio/v5/developer/toolchains/gnu_arm/10.3_2021.10/bin/../lib/gcc/arm-none-eabi/10.3.1/../../../../arm-none-eabi/lib/thumb/v8-m.main+fp/hard\libnosys.a
END GROUP
LOAD c:/siliconlabs/simplicitystudio/v5/developer/toolchains/gnu_arm/10.3_2021.10/bin/../lib/gcc/arm-none-eabi/10.3.1/../../../../arm-none-eabi/lib/thumb/v8-m.main+fp/hard\libstdc++_nano.a
LOAD c:/siliconlabs/simplicitystudio/v5/developer/toolchains/gnu_arm/10.3_2021.10/bin/../lib/gcc/arm-none-eabi/10.3.1/../../../../arm-none-eabi/lib/thumb/v8-m.main+fp/hard\libm.a
LOAD c:/siliconlabs/simplicitystudio/v5/developer/toolchains/gnu_arm/10.3_2021.10/bin/../lib/gcc/arm-none-eabi/10.3.1/../../../../arm-none-eabi/lib/thumb/v8-m.main+fp/hard\libc_nano.a
START GROUP
LOAD c:/siliconlabs/simplicitystudio/v5/developer/toolchains/gnu_arm/10.3_2021.10/bin/../lib/gcc/arm-none-eabi/10.3.1/thumb/v8-m.main+fp/hard\libgcc.a
LOAD c:/siliconlabs/simplicitystudio/v5/developer/toolchains/gnu_arm/10.3_2021.10/bin/../lib/gcc/arm-none-eabi/10.3.1/../../../../arm-none-eabi/lib/thumb/v8-m.main+fp/hard\libg_nano.a
LOAD c:/siliconlabs/simplicitystudio/v5/developer/toolchains/gnu_arm/10.3_2021.10/bin/../lib/gcc/arm-none-eabi/10.3.1/../../../../arm-none-eabi/lib/thumb/v8-m.main+fp/hard\libc_nano.a
END GROUP
START GROUP
LOAD c:/siliconlabs/simplicitystudio/v5/developer/toolchains/gnu_arm/10.3_2021.10/bin/../lib/gcc/arm-none-eabi/10.3.1/thumb/v8-m.main+fp/hard\libgcc.a
LOAD c:/siliconlabs/simplicitystudio/v5/developer/toolchains/gnu_arm/10.3_2021.10/bin/../lib/gcc/arm-none-eabi/10.3.1/../../../../arm-none-eabi/lib/thumb/v8-m.main+fp/hard\libc_nano.a
LOAD c:/siliconlabs/simplicitystudio/v5/developer/toolchains/gnu_arm/10.3_2021.10/bin/../lib/gcc/arm-none-eabi/10.3.1/../../../../arm-none-eabi/lib/thumb/v8-m.main+fp/hard\libnosys.a
END GROUP
START GROUP
LOAD c:/siliconlabs/simplicitystudio/v5/developer/toolchains/gnu_arm/10.3_2021.10/bin/../lib/gcc/arm-none-eabi/10.3.1/thumb/v8-m.main+fp/hard\libgcc.a
LOAD c:/siliconlabs/simplicitystudio/v5/developer/toolchains/gnu_arm/10.3_2021.10/bin/../lib/gcc/arm-none-eabi/10.3.1/../../../../arm-none-eabi/lib/thumb/v8-m.main+fp/hard\libc_nano.a
LOAD c:/siliconlabs/simplicitystudio/v5/developer/toolchains/gnu_arm/10.3_2021.10/bin/../lib/gcc/arm-none-eabi/10.3.1/../../../../arm-none-eabi/lib/thumb/v8-m.main+fp/hard\libnosys.a
END GROUP
LOAD c:/siliconlabs/simplicitystudio/v5/developer/toolchains/gnu_arm/10.3_2021.10/bin/../lib/gcc/arm-none-eabi/10.3.1/thumb/v8-m.main+fp/hard/crtend.o
LOAD c:/siliconlabs/simplicitystudio/v5/developer/toolchains/gnu_arm/10.3_2021.10/bin/../lib/gcc/arm-none-eabi/10.3.1/thumb/v8-m.main+fp/hard/crtn.o

.text           0x00000000     0x58e8
                0x00000000                linker_vectors_begin = .
 *(.vectors)
 .vectors       0x00000000      0x140 ./innilib/System/GeckoSystem/gecko_sdk_4.2.1/bgm22/startup_bgm22.o
                0x00000000                __Vectors
                0x00000140                linker_vectors_end = .
                0x00000140                __Vectors_End = .
                0x00000140                __Vectors_Size = (__Vectors_End - __Vectors)
                0x00000140                linker_code_begin = .
 *(.text*)
 .text          0x00000140       0x40 c:/siliconlabs/simplicitystudio/v5/developer/toolchains/gnu_arm/10.3_2021.10/bin/../lib/gcc/arm-none-eabi/10.3.1/thumb/v8-m.main+fp/hard/crtbegin.o
 .text          0x00000180       0x7c c:/siliconlabs/simplicitystudio/v5/developer/toolchains/gnu_arm/10.3_2021.10/bin/../lib/gcc/arm-none-eabi/10.3.1/../../../../arm-none-eabi/lib/thumb/v8-m.main+fp/hard/crt0.o
                0x00000180                _stack_init
                0x00000188                _start
                0x00000188                _mainCRTStartup
 .text._ZN8innirion11AdcObserver19ComparatorTriggeredEf
                0x000001fc        0x4 ./innilib/System/GeckoSystem/GeckoSystem.o
                0x000001fc                innirion::AdcObserver::ComparatorTriggered(float)
 .text._ZN8innirion19UartReceiveObserver43UartReceiveFrameCompletedInInterruptContextEm
                0x00000200        0x4 ./innilib/System/GeckoSystem/GeckoSystem.o
                0x00000200                innirion::UartReceiveObserver::UartReceiveFrameCompletedInInterruptContext(unsigned long)
 .text._ZN8innirion18GeckoSchedulerImpl5ResetEv
                0x00000204       0x24 ./innilib/System/GeckoSystem/GeckoSystem.o
                0x00000204                innirion::GeckoSchedulerImpl::Reset()
 .text._ZN8innirion18GeckoSchedulerImpl13EnterCriticalEv
                0x00000228        0xc ./innilib/System/GeckoSystem/GeckoSystem.o
                0x00000228                innirion::GeckoSchedulerImpl::EnterCritical()
 .text._ZN8innirion18GeckoSchedulerImpl12ExitCriticalEv
                0x00000234        0x8 ./innilib/System/GeckoSystem/GeckoSystem.o
                0x00000234                innirion::GeckoSchedulerImpl::ExitCritical()
 .text._ZNSt17_Function_handlerIFvvEZN8innirion12_GLOBAL__N_110DmaManager9HandleIrqEmEUlvE_E9_M_invokeERKSt9_Any_data
                0x0000023c        0x8 ./innilib/System/GeckoSystem/GeckoSystem.o
 .text._ZNSt17_Function_handlerIFvvEZN8innirion12_GLOBAL__N_111GeckoI2cNewILi0EE9HandleIrqEvEUlvE_E9_M_invokeERKSt9_Any_data
                0x00000244       0x10 ./innilib/System/GeckoSystem/GeckoSystem.o
 .text._ZNSt17_Function_handlerIFvvEZN8innirion12_GLOBAL__N_111GeckoI2cNewILi0EE9HandleIrqEvEUlvE0_E9_M_invokeERKSt9_Any_data
                0x00000254        0xc ./innilib/System/GeckoSystem/GeckoSystem.o
 .text._ZNSt17_Function_handlerIFvvEZN8innirion12_GLOBAL__N_111GeckoI2cNewILi1EE9HandleIrqEvEUlvE_E9_M_invokeERKSt9_Any_data
                0x00000260       0x10 ./innilib/System/GeckoSystem/GeckoSystem.o
 .text._ZNSt17_Function_handlerIFvvEZN8innirion12_GLOBAL__N_111GeckoI2cNewILi1EE9HandleIrqEvEUlvE0_E9_M_invokeERKSt9_Any_data
                0x00000270        0xc ./innilib/System/GeckoSystem/GeckoSystem.o
 .text._ZNSt17_Function_handlerIFvvEZN8innirion12_GLOBAL__N_116GeckoDmaUartImplILi0EE9HandleIrqEvEUlvE_E9_M_invokeERKSt9_Any_data
                0x0000027c       0x18 ./innilib/System/GeckoSystem/GeckoSystem.o
 .text._ZNSt17_Function_handlerIFvvEZN8innirion12_GLOBAL__N_116GeckoDmaUartImplILi1EE9HandleIrqEvEUlvE_E9_M_invokeERKSt9_Any_data
                0x00000294       0x18 ./innilib/System/GeckoSystem/GeckoSystem.o
 .text._ZN8innirion18GeckoSchedulerImpl5SleepEv
                0x000002ac        0x4 ./innilib/System/GeckoSystem/GeckoSystem.o
                0x000002ac                innirion::GeckoSchedulerImpl::Sleep()
 .text._ZN8innirion12_GLOBAL__N_122PortToMemoryDmaChannel13StartTransferENS_6RegionE
                0x000002b0       0x28 ./innilib/System/GeckoSystem/GeckoSystem.o
 .text._ZN8innirion12_GLOBAL__N_122MemoryToPortDmaChannel13StartTransferENS_6RegionE
                0x000002d8       0x28 ./innilib/System/GeckoSystem/GeckoSystem.o
 .text._ZN8innirion12_GLOBAL__N_122PortToMemoryDmaChannel12StopTransferEv
                0x00000300        0x8 ./innilib/System/GeckoSystem/GeckoSystem.o
 .text._ZN8innirion12_GLOBAL__N_122MemoryToPortDmaChannel12StopTransferEv
                0x00000308        0x8 ./innilib/System/GeckoSystem/GeckoSystem.o
 .text._ZNSt17_Function_handlerIFvvEZN8innirion12_GLOBAL__N_110DmaManager9HandleIrqEmEUlvE_E10_M_managerERSt9_Any_dataRKS6_St18_Manager_operation
                0x00000310       0x18 ./innilib/System/GeckoSystem/GeckoSystem.o
 .text._ZNSt17_Function_handlerIFvvEZN8innirion12_GLOBAL__N_116GeckoDmaUartImplILi0EE9HandleIrqEvEUlvE_E10_M_managerERSt9_Any_dataRKS7_St18_Manager_operation
                0x00000328       0x18 ./innilib/System/GeckoSystem/GeckoSystem.o
 .text._ZNSt17_Function_handlerIFvvEZN8innirion12_GLOBAL__N_116GeckoDmaUartImplILi1EE9HandleIrqEvEUlvE_E10_M_managerERSt9_Any_dataRKS7_St18_Manager_operation
                0x00000340       0x18 ./innilib/System/GeckoSystem/GeckoSystem.o
 .text._ZNSt17_Function_handlerIFvvEZN8innirion12_GLOBAL__N_111GeckoI2cNewILi1EE9HandleIrqEvEUlvE0_E10_M_managerERSt9_Any_dataRKS7_St18_Manager_operation
                0x00000358       0x1c ./innilib/System/GeckoSystem/GeckoSystem.o
 .text._ZNSt17_Function_handlerIFvvEZN8innirion12_GLOBAL__N_111GeckoI2cNewILi1EE9HandleIrqEvEUlvE_E10_M_managerERSt9_Any_dataRKS7_St18_Manager_operation
                0x00000374       0x1c ./innilib/System/GeckoSystem/GeckoSystem.o
 .text._ZNSt17_Function_handlerIFvvEZN8innirion12_GLOBAL__N_111GeckoI2cNewILi0EE9HandleIrqEvEUlvE0_E10_M_managerERSt9_Any_dataRKS7_St18_Manager_operation
                0x00000390       0x1c ./innilib/System/GeckoSystem/GeckoSystem.o
 .text._ZNSt17_Function_handlerIFvvEZN8innirion12_GLOBAL__N_111GeckoI2cNewILi0EE9HandleIrqEvEUlvE_E10_M_managerERSt9_Any_dataRKS7_St18_Manager_operation
                0x000003ac       0x1c ./innilib/System/GeckoSystem/GeckoSystem.o
 .text._ZN8innirion12_GLOBAL__N_122PortToMemoryDmaChannel4BusyEv
                0x000003c8       0x24 ./innilib/System/GeckoSystem/GeckoSystem.o
 .text._ZN8innirion12_GLOBAL__N_122MemoryToPortDmaChannel4BusyEv
                0x000003ec       0x24 ./innilib/System/GeckoSystem/GeckoSystem.o
 .text._ZN8innirion18GeckoSchedulerImpl3RunEv
                0x00000410       0xa8 ./innilib/System/GeckoSystem/GeckoSystem.o
                0x00000410                innirion::GeckoSchedulerImpl::Run()
 .text._ZN8innirion18GeckoSchedulerImplD2Ev
                0x000004b8       0xd0 ./innilib/System/GeckoSystem/GeckoSystem.o
                0x000004b8                innirion::GeckoSchedulerImpl::~GeckoSchedulerImpl()
                0x000004b8                innirion::GeckoSchedulerImpl::~GeckoSchedulerImpl()
 .text._ZN8innirion18GeckoSchedulerImplC2EONS_14GeckoScheduler9McuConfigE
                0x00000588      0x210 ./innilib/System/GeckoSystem/GeckoSystem.o
                0x00000588                innirion::GeckoSchedulerImpl::GeckoSchedulerImpl(innirion::GeckoScheduler::McuConfig&&)
                0x00000588                innirion::GeckoSchedulerImpl::GeckoSchedulerImpl(innirion::GeckoScheduler::McuConfig&&)
 .text._ZN8innirion14GeckoScheduler4InitEONS0_9McuConfigE
                0x00000798       0x54 ./innilib/System/GeckoSystem/GeckoSystem.o
                0x00000798                innirion::GeckoScheduler::Init(innirion::GeckoScheduler::McuConfig&&)
 .text.app_is_ok_to_sleep
                0x000007ec       0x18 ./innilib/System/GeckoSystem/GeckoSystem.o
                0x000007ec                app_is_ok_to_sleep
 .text.app_sleep_on_isr_exit
                0x00000804       0x18 ./innilib/System/GeckoSystem/GeckoSystem.o
                0x00000804                app_sleep_on_isr_exit
 .text.IADC_IRQHandler
                0x0000081c       0x7c ./innilib/System/GeckoSystem/GeckoSystem.o
                0x0000081c                IADC_IRQHandler
 .text.USART0_TX_IRQHandler
                0x00000898       0x40 ./innilib/System/GeckoSystem/GeckoSystem.o
                0x00000898                USART0_TX_IRQHandler
 .text.USART1_TX_IRQHandler
                0x000008d8       0x40 ./innilib/System/GeckoSystem/GeckoSystem.o
                0x000008d8                USART1_TX_IRQHandler
 .text.EUART0_RX_IRQHandler
                0x00000918       0x3c ./innilib/System/GeckoSystem/GeckoSystem.o
                0x00000918                EUART0_RX_IRQHandler
 .text.EUART0_TX_IRQHandler
                0x00000954       0x30 ./innilib/System/GeckoSystem/GeckoSystem.o
                0x00000954                EUART0_TX_IRQHandler
 .text._ZNSt5dequeISt8functionIFvvEESaIS2_EE17_M_reallocate_mapEjb
                0x00000984       0xc8 ./innilib/System/GeckoSystem/GeckoSystem.o
                0x00000984                std::deque<std::function<void ()>, std::allocator<std::function<void ()> > >::_M_reallocate_map(unsigned int, bool)
 .text._ZN8innirion18GeckoSchedulerImpl15RequestTimeSlotESt8functionIFvvEE
                0x00000a4c       0xd0 ./innilib/System/GeckoSystem/GeckoSystem.o
                0x00000a4c                innirion::GeckoSchedulerImpl::RequestTimeSlot(std::function<void ()>)
 .text.LDMA_IRQHandler
                0x00000b1c      0x164 ./innilib/System/GeckoSystem/GeckoSystem.o
                0x00000b1c                LDMA_IRQHandler
 .text.GPIO_ODD_IRQHandler
                0x00000c80      0x190 ./innilib/System/GeckoSystem/GeckoSystem.o
                0x00000c80                GPIO_ODD_IRQHandler
 .text.GPIO_EVEN_IRQHandler
                0x00000e10      0x190 ./innilib/System/GeckoSystem/GeckoSystem.o
                0x00000e10                GPIO_EVEN_IRQHandler
 .text.USART1_RX_IRQHandler
                0x00000fa0      0x170 ./innilib/System/GeckoSystem/GeckoSystem.o
                0x00000fa0                USART1_RX_IRQHandler
 .text.USART0_RX_IRQHandler
                0x00001110      0x170 ./innilib/System/GeckoSystem/GeckoSystem.o
                0x00001110                USART0_RX_IRQHandler
 .text.I2C1_IRQHandler
                0x00001280      0x2c8 ./innilib/System/GeckoSystem/GeckoSystem.o
                0x00001280                I2C1_IRQHandler
 .text.I2C0_IRQHandler
                0x00001548      0x2c8 ./innilib/System/GeckoSystem/GeckoSystem.o
                0x00001548                I2C0_IRQHandler
 .text.startup._GLOBAL__sub_I__ZN8innirion14GeckoScheduler4InitEONS0_9McuConfigE
                0x00001810       0x48 ./innilib/System/GeckoSystem/GeckoSystem.o
 .text.Default_Handler
                0x00001858        0x4 ./innilib/System/GeckoSystem/gecko_sdk_4.2.1/bgm22/startup_bgm22.o
                0x00001858                ULFRCO_IRQHandler
                0x00001858                SW2_IRQHandler
                0x00001858                TIMER2_IRQHandler
                0x00001858                DebugMon_Handler
                0x00001858                PKE_IRQHandler
                0x00001858                PRORTC_IRQHandler
                0x00001858                LFXO_IRQHandler
                0x00001858                CRYPTOACC_IRQHandler
                0x00001858                HardFault_Handler
                0x00001858                SMU_SECURE_IRQHandler
                0x00001858                SysTick_Handler
                0x00001858                EMUEFP_IRQHandler
                0x00001858                PendSV_Handler
                0x00001858                NMI_Handler
                0x00001858                SYNTH_IRQHandler
                0x00001858                PDM_IRQHandler
                0x00001858                WDOG0_IRQHandler
                0x00001858                TIMER3_IRQHandler
                0x00001858                SYSCFG_IRQHandler
                0x00001858                EMUSE_IRQHandler
                0x00001858                EMUDG_IRQHandler
                0x00001858                MSC_IRQHandler
                0x00001858                DPLL0_IRQHandler
                0x00001858                UsageFault_Handler
                0x00001858                M33CTI1_IRQHandler
                0x00001858                TIMER4_IRQHandler
                0x00001858                SW0_IRQHandler
                0x00001858                TIMER0_IRQHandler
                0x00001858                LETIMER0_IRQHandler
                0x00001858                TIMER1_IRQHandler
                0x00001858                HFRCO0_IRQHandler
                0x00001858                RFSENSE_IRQHandler
                0x00001858                SecureFault_Handler
                0x00001858                BUFC_IRQHandler
                0x00001858                DCDC_IRQHandler
                0x00001858                MODEM_IRQHandler
                0x00001858                Default_Handler
                0x00001858                RAC_SEQ_IRQHandler
                0x00001858                FRC_PRI_IRQHandler
                0x00001858                EMU_IRQHandler
                0x00001858                SW3_IRQHandler
                0x00001858                KERNEL0_IRQHandler
                0x00001858                FRC_IRQHandler
                0x00001858                KERNEL1_IRQHandler
                0x00001858                AGC_IRQHandler
                0x00001858                sl_app_properties
                0x00001858                BURTC_IRQHandler
                0x00001858                LFRCO_IRQHandler
                0x00001858                MemManage_Handler
                0x00001858                RDMAILBOX_IRQHandler
                0x00001858                SVC_Handler
                0x00001858                SMU_S_PRIVILEGED_IRQHandler
                0x00001858                SW1_IRQHandler
                0x00001858                CMU_IRQHandler
                0x00001858                RAC_RSM_IRQHandler
                0x00001858                AES_IRQHandler
                0x00001858                M33CTI0_IRQHandler
                0x00001858                ICACHE0_IRQHandler
                0x00001858                SMU_NS_PRIVILEGED_IRQHandler
                0x00001858                PROTIMER_IRQHandler
                0x00001858                BusFault_Handler
                0x00001858                TRNG_IRQHandler
 .text.Reset_Handler
                0x0000185c       0x90 ./innilib/System/GeckoSystem/gecko_sdk_4.2.1/bgm22/startup_bgm22.o
                0x0000185c                Reset_Handler
 .text.SystemInit
                0x000018ec       0x68 ./innilib/System/GeckoSystem/gecko_sdk_4.2.1/bgm22/system_bgm22.o
                0x000018ec                SystemInit
 .text.SystemHFRCODPLLClockGet
                0x00001954        0xc ./innilib/System/GeckoSystem/gecko_sdk_4.2.1/bgm22/system_bgm22.o
                0x00001954                SystemHFRCODPLLClockGet
 .text.SystemHFRCODPLLClockSet
                0x00001960        0xc ./innilib/System/GeckoSystem/gecko_sdk_4.2.1/bgm22/system_bgm22.o
                0x00001960                SystemHFRCODPLLClockSet
 .text.SystemSYSCLKGet
                0x0000196c       0x38 ./innilib/System/GeckoSystem/gecko_sdk_4.2.1/bgm22/system_bgm22.o
                0x0000196c                SystemSYSCLKGet
 .text.SystemHCLKGet
                0x000019a4       0x4c ./innilib/System/GeckoSystem/gecko_sdk_4.2.1/bgm22/system_bgm22.o
                0x000019a4                SystemHCLKGet
 .text.SystemMaxCoreClockGet
                0x000019f0        0x8 ./innilib/System/GeckoSystem/gecko_sdk_4.2.1/bgm22/system_bgm22.o
                0x000019f0                SystemMaxCoreClockGet
 .text.SystemHFXOClockGet
                0x000019f8        0xc ./innilib/System/GeckoSystem/gecko_sdk_4.2.1/bgm22/system_bgm22.o
                0x000019f8                SystemHFXOClockGet
 .text.SystemHFXOClockSet
                0x00001a04       0x20 ./innilib/System/GeckoSystem/gecko_sdk_4.2.1/bgm22/system_bgm22.o
                0x00001a04                SystemHFXOClockSet
 .text.SystemCLKIN0Get
                0x00001a24        0x4 ./innilib/System/GeckoSystem/gecko_sdk_4.2.1/bgm22/system_bgm22.o
                0x00001a24                SystemCLKIN0Get
 .text.SystemFSRCOClockGet
                0x00001a28        0x8 ./innilib/System/GeckoSystem/gecko_sdk_4.2.1/bgm22/system_bgm22.o
                0x00001a28                SystemFSRCOClockGet
 .text.SystemLFRCOClockGet
                0x00001a30        0x8 ./innilib/System/GeckoSystem/gecko_sdk_4.2.1/bgm22/system_bgm22.o
                0x00001a30                SystemLFRCOClockGet
 .text.SystemULFRCOClockGet
                0x00001a38        0x8 ./innilib/System/GeckoSystem/gecko_sdk_4.2.1/bgm22/system_bgm22.o
                0x00001a38                SystemULFRCOClockGet
 .text.SystemLFXOClockGet
                0x00001a40        0xc ./innilib/System/GeckoSystem/gecko_sdk_4.2.1/bgm22/system_bgm22.o
                0x00001a40                SystemLFXOClockGet
 .text.assertEFM
                0x00001a4c        0x4 ./innilib/System/GeckoSystem/gecko_sdk_4.2.1/common/sl_assert.o
                0x00001a4c                assertEFM
 .text._sbrk    0x00001a50       0x24 ./innilib/System/GeckoSystem/gecko_sdk_4.2.1/common/sl_memory.o
                0x00001a50                _sbrk
 .text.sl_slist_init
                0x00001a74        0x8 ./innilib/System/GeckoSystem/gecko_sdk_4.2.1/common/sl_slist.o
                0x00001a74                sl_slist_init
 .text.HFRCODPLLDevinfoGet
                0x00001a7c      0x10c ./innilib/System/GeckoSystem/gecko_sdk_4.2.1/emlib/em_cmu.o
 .text.em01GrpaClkGet
                0x00001b88       0x54 ./innilib/System/GeckoSystem/gecko_sdk_4.2.1/emlib/em_cmu.o
 .text.iadcClkGet
                0x00001bdc       0x54 ./innilib/System/GeckoSystem/gecko_sdk_4.2.1/emlib/em_cmu.o
 .text.em01GrpbClkGet
                0x00001c30       0x70 ./innilib/System/GeckoSystem/gecko_sdk_4.2.1/emlib/em_cmu.o
 .text.em23GrpaClkGet
                0x00001ca0       0x54 ./innilib/System/GeckoSystem/gecko_sdk_4.2.1/emlib/em_cmu.o
 .text.wdog0ClkGet
                0x00001cf4       0x60 ./innilib/System/GeckoSystem/gecko_sdk_4.2.1/emlib/em_cmu.o
 .text.rtccClkGet
                0x00001d54       0x54 ./innilib/System/GeckoSystem/gecko_sdk_4.2.1/emlib/em_cmu.o
 .text.em4GrpaClkGet
                0x00001da8       0x54 ./innilib/System/GeckoSystem/gecko_sdk_4.2.1/emlib/em_cmu.o
 .text.euart0ClkGet
                0x00001dfc       0x40 ./innilib/System/GeckoSystem/gecko_sdk_4.2.1/emlib/em_cmu.o
 .text.waitStateMax
                0x00001e3c       0x7c ./innilib/System/GeckoSystem/gecko_sdk_4.2.1/emlib/em_cmu.o
 .text.CMU_ClockDivGet
                0x00001eb8       0x9c ./innilib/System/GeckoSystem/gecko_sdk_4.2.1/emlib/em_cmu.o
                0x00001eb8                CMU_ClockDivGet
 .text.CMU_ClockEnable
                0x00001f54       0x60 ./innilib/System/GeckoSystem/gecko_sdk_4.2.1/emlib/em_cmu.o
                0x00001f54                CMU_ClockEnable
 .text.CMU_ClockFreqGet
                0x00001fb4      0x348 ./innilib/System/GeckoSystem/gecko_sdk_4.2.1/emlib/em_cmu.o
                0x00001fb4                CMU_ClockFreqGet
 .text.pclkDivOptimize
                0x000022fc       0x2c ./innilib/System/GeckoSystem/gecko_sdk_4.2.1/emlib/em_cmu.o
 .text.CMU_ClockSelectGet
                0x00002328      0x1a8 ./innilib/System/GeckoSystem/gecko_sdk_4.2.1/emlib/em_cmu.o
                0x00002328                CMU_ClockSelectGet
 .text.CMU_HFXOInit
                0x000024d0      0x214 ./innilib/System/GeckoSystem/gecko_sdk_4.2.1/emlib/em_cmu.o
                0x000024d0                CMU_HFXOInit
 .text.CMU_HFXOCTuneDeltaGet
                0x000026e4        0xc ./innilib/System/GeckoSystem/gecko_sdk_4.2.1/emlib/em_cmu.o
                0x000026e4                CMU_HFXOCTuneDeltaGet
 .text.CMU_LFRCOSetPrecision
                0x000026f0       0x84 ./innilib/System/GeckoSystem/gecko_sdk_4.2.1/emlib/em_cmu.o
                0x000026f0                CMU_LFRCOSetPrecision
 .text.CMU_UpdateWaitStates
                0x00002774       0x78 ./innilib/System/GeckoSystem/gecko_sdk_4.2.1/emlib/em_cmu.o
                0x00002774                CMU_UpdateWaitStates
 .text.CMU_ClockDivSet
                0x000027ec      0x134 ./innilib/System/GeckoSystem/gecko_sdk_4.2.1/emlib/em_cmu.o
                0x000027ec                CMU_ClockDivSet
 .text.CMU_ClockSelectSet
                0x00002920      0x428 ./innilib/System/GeckoSystem/gecko_sdk_4.2.1/emlib/em_cmu.o
                0x00002920                CMU_ClockSelectSet
 .text.CMU_DPLLLock
                0x00002d48      0x37c ./innilib/System/GeckoSystem/gecko_sdk_4.2.1/emlib/em_cmu.o
                0x00002d48                CMU_DPLLLock
 .text.CORE_EnterCritical
                0x000030c4        0x8 ./innilib/System/GeckoSystem/gecko_sdk_4.2.1/emlib/em_core.o
                0x000030c4                CORE_EnterCritical
 .text.CORE_ExitCritical
                0x000030cc        0x8 ./innilib/System/GeckoSystem/gecko_sdk_4.2.1/emlib/em_core.o
                0x000030cc                CORE_ExitCritical
 .text.CORE_EnterAtomic
                0x000030d4        0xc ./innilib/System/GeckoSystem/gecko_sdk_4.2.1/emlib/em_core.o
                0x000030d4                CORE_EnterAtomic
 .text.CORE_ExitAtomic
                0x000030e0        0x8 ./innilib/System/GeckoSystem/gecko_sdk_4.2.1/emlib/em_core.o
                0x000030e0                CORE_ExitAtomic
 .text.dpllState.part.0
                0x000030e8       0x80 ./innilib/System/GeckoSystem/gecko_sdk_4.2.1/emlib/em_emu.o
 .text.EMU_EM23Init
                0x00003168       0x18 ./innilib/System/GeckoSystem/gecko_sdk_4.2.1/emlib/em_emu.o
                0x00003168                EMU_EM23Init
 .text.EMU_EFPEM23PresleepHook
                0x00003180        0x4 ./innilib/System/GeckoSystem/gecko_sdk_4.2.1/emlib/em_emu.o
                0x00003180                EMU_EFPEM23PresleepHook
 .text.EMU_EFPEM23PostsleepHook
                0x00003184        0x4 ./innilib/System/GeckoSystem/gecko_sdk_4.2.1/emlib/em_emu.o
                0x00003184                EMU_EFPEM23PostsleepHook
 .text.EMU_EnterEM2
                0x00003188       0x94 ./innilib/System/GeckoSystem/gecko_sdk_4.2.1/emlib/em_emu.o
                0x00003188                EMU_EnterEM2
 .text.EMU_EnterEM3
                0x0000321c       0x84 ./innilib/System/GeckoSystem/gecko_sdk_4.2.1/emlib/em_emu.o
                0x0000321c                EMU_EnterEM3
 .text.EMU_Save
                0x000032a0       0x34 ./innilib/System/GeckoSystem/gecko_sdk_4.2.1/emlib/em_emu.o
                0x000032a0                EMU_Save
 .text.EMU_Restore
                0x000032d4        0x4 ./innilib/System/GeckoSystem/gecko_sdk_4.2.1/emlib/em_emu.o
                0x000032d4                EMU_Restore
 .text.EMU_EM4Init
                0x000032d8       0x14 ./innilib/System/GeckoSystem/gecko_sdk_4.2.1/emlib/em_emu.o
                0x000032d8                EMU_EM4Init
 .text.EMU_EFPEM01VScale
                0x000032ec        0x4 ./innilib/System/GeckoSystem/gecko_sdk_4.2.1/emlib/em_emu.o
                0x000032ec                EMU_EFPEM01VScale
 .text.EMU_VScaleEM01
                0x000032f0       0xb4 ./innilib/System/GeckoSystem/gecko_sdk_4.2.1/emlib/em_emu.o
                0x000032f0                EMU_VScaleEM01
 .text.EMU_VScaleEM01ByClock
                0x000033a4       0x38 ./innilib/System/GeckoSystem/gecko_sdk_4.2.1/emlib/em_emu.o
                0x000033a4                EMU_VScaleEM01ByClock
 .text.EMU_EM01Init
                0x000033dc       0x34 ./innilib/System/GeckoSystem/gecko_sdk_4.2.1/emlib/em_emu.o
                0x000033dc                EMU_EM01Init
 .text.EMU_DCDCUpdatedHook
                0x00003410        0x4 ./innilib/System/GeckoSystem/gecko_sdk_4.2.1/emlib/em_emu.o
                0x00003410                EMU_DCDCUpdatedHook
 .text.EMU_DCDCModeSet
                0x00003414       0x74 ./innilib/System/GeckoSystem/gecko_sdk_4.2.1/emlib/em_emu.o
                0x00003414                EMU_DCDCModeSet
 .text.EMU_DCDCInit
                0x00003488       0x80 ./innilib/System/GeckoSystem/gecko_sdk_4.2.1/emlib/em_emu.o
                0x00003488                EMU_DCDCInit
 .text.I2C_Transfer
                0x00003508      0x290 ./innilib/System/GeckoSystem/gecko_sdk_4.2.1/emlib/em_i2c.o
                0x00003508                I2C_Transfer
 .text.LDMA_Init
                0x00003798       0xa0 ./innilib/System/GeckoSystem/gecko_sdk_4.2.1/emlib/em_ldma.o
                0x00003798                LDMA_Init
 .text.LDMA_StartTransfer
                0x00003838      0x13c ./innilib/System/GeckoSystem/gecko_sdk_4.2.1/emlib/em_ldma.o
                0x00003838                LDMA_StartTransfer
 .text.LDMA_StopTransfer
                0x00003974       0x3c ./innilib/System/GeckoSystem/gecko_sdk_4.2.1/emlib/em_ldma.o
                0x00003974                LDMA_StopTransfer
 .text.LDMA_TransferRemainingCount
                0x000039b0       0x54 ./innilib/System/GeckoSystem/gecko_sdk_4.2.1/emlib/em_ldma.o
                0x000039b0                LDMA_TransferRemainingCount
 .text.RTCC_ChannelInit
                0x00003a04       0x4c ./innilib/System/GeckoSystem/gecko_sdk_4.2.1/emlib/em_rtcc.o
                0x00003a04                RTCC_ChannelInit
 .text.RTCC_Enable
                0x00003a50       0x84 ./innilib/System/GeckoSystem/gecko_sdk_4.2.1/emlib/em_rtcc.o
                0x00003a50                RTCC_Enable
 .text.RTCC_Init
                0x00003ad4       0x74 ./innilib/System/GeckoSystem/gecko_sdk_4.2.1/emlib/em_rtcc.o
                0x00003ad4                RTCC_Init
 .text.sl_hfxo_manager_init_hardware
                0x00003b48        0x4 ./innilib/System/GeckoSystem/gecko_sdk_4.2.1/hfxo_manager/sl_hfxo_manager.o
                0x00003b48                sl_hfxo_manager_init_hardware
 .text.sl_hfxo_manager_init
                0x00003b4c       0x60 ./innilib/System/GeckoSystem/gecko_sdk_4.2.1/hfxo_manager/sl_hfxo_manager.o
                0x00003b4c                sl_hfxo_manager_init
 .text.sli_hfxo_manager_begin_startup_measurement
                0x00003bac       0x1c ./innilib/System/GeckoSystem/gecko_sdk_4.2.1/hfxo_manager/sl_hfxo_manager.o
                0x00003bac                sli_hfxo_manager_begin_startup_measurement
 .text.sli_hfxo_manager_end_startup_measurement
                0x00003bc8       0x80 ./innilib/System/GeckoSystem/gecko_sdk_4.2.1/hfxo_manager/sl_hfxo_manager.o
                0x00003bc8                sli_hfxo_manager_end_startup_measurement
 .text.sli_hfxo_manager_get_startup_time
                0x00003c48        0xc ./innilib/System/GeckoSystem/gecko_sdk_4.2.1/hfxo_manager/sl_hfxo_manager.o
                0x00003c48                sli_hfxo_manager_get_startup_time
 .text.sli_hfxo_manager_init_hardware
                0x00003c54       0x44 ./innilib/System/GeckoSystem/gecko_sdk_4.2.1/hfxo_manager/sl_hfxo_manager_hal_s2.o
                0x00003c54                sli_hfxo_manager_init_hardware
 .text.sli_hfxo_manager_is_hfxo_ready
                0x00003c98       0x18 ./innilib/System/GeckoSystem/gecko_sdk_4.2.1/hfxo_manager/sl_hfxo_manager_hal_s2.o
                0x00003c98                sli_hfxo_manager_is_hfxo_ready
 .text.HFXO0_IRQHandler
                0x00003cb0       0x40 ./innilib/System/GeckoSystem/gecko_sdk_4.2.1/hfxo_manager/sl_hfxo_manager_hal_s2.o
                0x00003cb0                HFXO0_IRQHandler
 .text.power_manager_notify_em_transition
                0x00003cf0       0x64 ./innilib/System/GeckoSystem/gecko_sdk_4.2.1/power_manager/sl_power_manager.o
 .text.clock_restore
                0x00003d54       0x68 ./innilib/System/GeckoSystem/gecko_sdk_4.2.1/power_manager/sl_power_manager.o
 .text.on_clock_wakeup_timeout
                0x00003dbc       0x20 ./innilib/System/GeckoSystem/gecko_sdk_4.2.1/power_manager/sl_power_manager.o
 .text.update_em1_requirement
                0x00003ddc       0x70 ./innilib/System/GeckoSystem/gecko_sdk_4.2.1/power_manager/sl_power_manager.o
 .text.sl_power_manager_init
                0x00003e4c       0x64 ./innilib/System/GeckoSystem/gecko_sdk_4.2.1/power_manager/sl_power_manager.o
                0x00003e4c                sl_power_manager_init
 .text.sli_power_manager_convert_delay_us_to_tick
                0x00003eb0       0x24 ./innilib/System/GeckoSystem/gecko_sdk_4.2.1/power_manager/sl_power_manager.o
                0x00003eb0                sli_power_manager_convert_delay_us_to_tick
 .text.sl_power_manager_sleep
                0x00003ed4      0x260 ./innilib/System/GeckoSystem/gecko_sdk_4.2.1/power_manager/sl_power_manager.o
                0x00003ed4                sl_power_manager_sleep
 .text.sl_power_manager_is_latest_wakeup_internal
                0x00004134       0x20 ./innilib/System/GeckoSystem/gecko_sdk_4.2.1/power_manager/sl_power_manager.o
                0x00004134                sl_power_manager_is_latest_wakeup_internal
 .text.sli_hfxo_manager_notify_ready_for_power_manager
                0x00004154       0x3c ./innilib/System/GeckoSystem/gecko_sdk_4.2.1/power_manager/sl_power_manager.o
                0x00004154                sli_hfxo_manager_notify_ready_for_power_manager
 .text.sli_power_manager_init_hardware
                0x00004190      0x148 ./innilib/System/GeckoSystem/gecko_sdk_4.2.1/power_manager/sl_power_manager_hal_s2.o
                0x00004190                sli_power_manager_init_hardware
 .text.sli_power_manager_save_states
                0x000042d8        0x4 ./innilib/System/GeckoSystem/gecko_sdk_4.2.1/power_manager/sl_power_manager_hal_s2.o
                0x000042d8                sli_power_manager_save_states
 .text.EMU_EM23PresleepHook
                0x000042dc       0x28 ./innilib/System/GeckoSystem/gecko_sdk_4.2.1/power_manager/sl_power_manager_hal_s2.o
                0x000042dc                EMU_EM23PresleepHook
 .text.EMU_EM23PostsleepHook
                0x00004304       0x54 ./innilib/System/GeckoSystem/gecko_sdk_4.2.1/power_manager/sl_power_manager_hal_s2.o
                0x00004304                EMU_EM23PostsleepHook
 .text.sli_power_manager_handle_pre_deepsleep_operations
                0x00004358        0xc ./innilib/System/GeckoSystem/gecko_sdk_4.2.1/power_manager/sl_power_manager_hal_s2.o
                0x00004358                sli_power_manager_handle_pre_deepsleep_operations
 .text.sli_power_manager_restore_high_freq_accuracy_clk
                0x00004364       0x48 ./innilib/System/GeckoSystem/gecko_sdk_4.2.1/power_manager/sl_power_manager_hal_s2.o
                0x00004364                sli_power_manager_restore_high_freq_accuracy_clk
 .text.sli_power_manager_is_high_freq_accuracy_clk_ready
                0x000043ac       0x14 ./innilib/System/GeckoSystem/gecko_sdk_4.2.1/power_manager/sl_power_manager_hal_s2.o
                0x000043ac                sli_power_manager_is_high_freq_accuracy_clk_ready
 .text.sli_power_manager_restore_states
                0x000043c0       0x3c ./innilib/System/GeckoSystem/gecko_sdk_4.2.1/power_manager/sl_power_manager_hal_s2.o
                0x000043c0                sli_power_manager_restore_states
 .text.sli_power_manager_apply_em
                0x000043fc       0x38 ./innilib/System/GeckoSystem/gecko_sdk_4.2.1/power_manager/sl_power_manager_hal_s2.o
                0x000043fc                sli_power_manager_apply_em
 .text.sli_power_manager_get_default_high_frequency_minimum_offtime
                0x00004434        0x8 ./innilib/System/GeckoSystem/gecko_sdk_4.2.1/power_manager/sl_power_manager_hal_s2.o
                0x00004434                sli_power_manager_get_default_high_frequency_minimum_offtime
 .text.sli_power_manager_get_wakeup_process_time_overhead
                0x0000443c       0x28 ./innilib/System/GeckoSystem/gecko_sdk_4.2.1/power_manager/sl_power_manager_hal_s2.o
                0x0000443c                sli_power_manager_get_wakeup_process_time_overhead
 .text.sl_power_manager_is_ok_to_sleep
                0x00004464        0x8 ./innilib/System/GeckoSystem/gecko_sdk_4.2.1/power_manager/sl_power_manager_handler.o
                0x00004464                sl_power_manager_is_ok_to_sleep
 .text.sl_power_manager_sleep_on_isr_exit
                0x0000446c       0x20 ./innilib/System/GeckoSystem/gecko_sdk_4.2.1/power_manager/sl_power_manager_handler.o
                0x0000446c                sl_power_manager_sleep_on_isr_exit
 .text.delta_list_insert_timer
                0x0000448c       0x4c ./innilib/System/GeckoSystem/gecko_sdk_4.2.1/sleeptimer/sl_sleeptimer.o
 .text.update_delta_list
                0x000044d8       0x3c ./innilib/System/GeckoSystem/gecko_sdk_4.2.1/sleeptimer/sl_sleeptimer.o
 .text.set_comparator_for_next_timer
                0x00004514       0x5c ./innilib/System/GeckoSystem/gecko_sdk_4.2.1/sleeptimer/sl_sleeptimer.o
 .text.create_timer
                0x00004570       0x70 ./innilib/System/GeckoSystem/gecko_sdk_4.2.1/sleeptimer/sl_sleeptimer.o
 .text.delta_list_remove_timer
                0x000045e0       0x48 ./innilib/System/GeckoSystem/gecko_sdk_4.2.1/sleeptimer/sl_sleeptimer.o
 .text.sl_sleeptimer_init
                0x00004628       0x74 ./innilib/System/GeckoSystem/gecko_sdk_4.2.1/sleeptimer/sl_sleeptimer.o
                0x00004628                sl_sleeptimer_init
 .text.sl_sleeptimer_stop_timer
                0x0000469c       0x60 ./innilib/System/GeckoSystem/gecko_sdk_4.2.1/sleeptimer/sl_sleeptimer.o
                0x0000469c                sl_sleeptimer_stop_timer
 .text.sl_sleeptimer_restart_timer
                0x000046fc       0x40 ./innilib/System/GeckoSystem/gecko_sdk_4.2.1/sleeptimer/sl_sleeptimer.o
                0x000046fc                sl_sleeptimer_restart_timer
 .text.sl_sleeptimer_get_remaining_time_of_first_timer
                0x0000473c       0x60 ./innilib/System/GeckoSystem/gecko_sdk_4.2.1/sleeptimer/sl_sleeptimer.o
                0x0000473c                sl_sleeptimer_get_remaining_time_of_first_timer
 .text.sli_sleeptimer_is_power_manager_timer_next_to_expire
                0x0000479c        0xc ./innilib/System/GeckoSystem/gecko_sdk_4.2.1/sleeptimer/sl_sleeptimer.o
                0x0000479c                sli_sleeptimer_is_power_manager_timer_next_to_expire
 .text.sl_sleeptimer_get_tick_count
                0x000047a8       0x18 ./innilib/System/GeckoSystem/gecko_sdk_4.2.1/sleeptimer/sl_sleeptimer.o
                0x000047a8                sl_sleeptimer_get_tick_count
 .text.sl_sleeptimer_get_timer_frequency
                0x000047c0        0xc ./innilib/System/GeckoSystem/gecko_sdk_4.2.1/sleeptimer/sl_sleeptimer.o
                0x000047c0                sl_sleeptimer_get_timer_frequency
 .text.process_timer_irq
                0x000047cc      0x1ac ./innilib/System/GeckoSystem/gecko_sdk_4.2.1/sleeptimer/sl_sleeptimer.o
                0x000047cc                process_timer_irq
 .text.sl_sleeptimer_is_power_manager_early_restore_timer_latest_to_expire
                0x00004978       0x18 ./innilib/System/GeckoSystem/gecko_sdk_4.2.1/sleeptimer/sl_sleeptimer.o
                0x00004978                sl_sleeptimer_is_power_manager_early_restore_timer_latest_to_expire
 .text.sleeptimer_hal_init_timer
                0x00004990       0x88 ./innilib/System/GeckoSystem/gecko_sdk_4.2.1/sleeptimer/sl_sleeptimer_hal_rtcc.o
                0x00004990                sleeptimer_hal_init_timer
 .text.sleeptimer_hal_get_counter
                0x00004a18       0x10 ./innilib/System/GeckoSystem/gecko_sdk_4.2.1/sleeptimer/sl_sleeptimer_hal_rtcc.o
                0x00004a18                sleeptimer_hal_get_counter
 .text.sleeptimer_hal_set_compare
                0x00004a28       0x68 ./innilib/System/GeckoSystem/gecko_sdk_4.2.1/sleeptimer/sl_sleeptimer_hal_rtcc.o
                0x00004a28                sleeptimer_hal_set_compare
 .text.sleeptimer_hal_enable_int
                0x00004a90       0x18 ./innilib/System/GeckoSystem/gecko_sdk_4.2.1/sleeptimer/sl_sleeptimer_hal_rtcc.o
                0x00004a90                sleeptimer_hal_enable_int
 .text.sleeptimer_hal_disable_int
                0x00004aa8       0x38 ./innilib/System/GeckoSystem/gecko_sdk_4.2.1/sleeptimer/sl_sleeptimer_hal_rtcc.o
                0x00004aa8                sleeptimer_hal_disable_int
 .text.sleeptimer_hal_set_int
                0x00004ae0       0x10 ./innilib/System/GeckoSystem/gecko_sdk_4.2.1/sleeptimer/sl_sleeptimer_hal_rtcc.o
                0x00004ae0                sleeptimer_hal_set_int
 .text.sli_sleeptimer_hal_is_int_status_set
                0x00004af0       0x20 ./innilib/System/GeckoSystem/gecko_sdk_4.2.1/sleeptimer/sl_sleeptimer_hal_rtcc.o
                0x00004af0                sli_sleeptimer_hal_is_int_status_set
 .text.RTCC_IRQHandler
                0x00004b10       0x34 ./innilib/System/GeckoSystem/gecko_sdk_4.2.1/sleeptimer/sl_sleeptimer_hal_rtcc.o
                0x00004b10                RTCC_IRQHandler
 .text.sleeptimer_hal_get_timer_frequency
                0x00004b44        0x8 ./innilib/System/GeckoSystem/gecko_sdk_4.2.1/sleeptimer/sl_sleeptimer_hal_rtcc.o
                0x00004b44                sleeptimer_hal_get_timer_frequency
 .text.startup.main
                0x00004b4c       0x28 ./main.o
                0x00004b4c                main
 .text.__aeabi_atexit
                0x00004b74        0xa c:/siliconlabs/simplicitystudio/v5/developer/toolchains/gnu_arm/10.3_2021.10/bin/../lib/gcc/arm-none-eabi/10.3.1/../../../../arm-none-eabi/lib/thumb/v8-m.main+fp/hard\libstdc++_nano.a(atexit_arm.o)
                0x00004b74                __aeabi_atexit
 .text._ZdlPvj  0x00004b7e        0x4 c:/siliconlabs/simplicitystudio/v5/developer/toolchains/gnu_arm/10.3_2021.10/bin/../lib/gcc/arm-none-eabi/10.3.1/../../../../arm-none-eabi/lib/thumb/v8-m.main+fp/hard\libstdc++_nano.a(del_ops.o)
                0x00004b7e                operator delete(void*, unsigned int)
 .text.__cxa_guard_acquire
                0x00004b82       0x18 c:/siliconlabs/simplicitystudio/v5/developer/toolchains/gnu_arm/10.3_2021.10/bin/../lib/gcc/arm-none-eabi/10.3.1/../../../../arm-none-eabi/lib/thumb/v8-m.main+fp/hard\libstdc++_nano.a(guard.o)
                0x00004b82                __cxa_guard_acquire
 .text.__cxa_guard_release
                0x00004b9a        0x6 c:/siliconlabs/simplicitystudio/v5/developer/toolchains/gnu_arm/10.3_2021.10/bin/../lib/gcc/arm-none-eabi/10.3.1/../../../../arm-none-eabi/lib/thumb/v8-m.main+fp/hard\libstdc++_nano.a(guard.o)
                0x00004b9a                __cxa_guard_release
 .text._Znwj    0x00004ba0       0x22 c:/siliconlabs/simplicitystudio/v5/developer/toolchains/gnu_arm/10.3_2021.10/bin/../lib/gcc/arm-none-eabi/10.3.1/../../../../arm-none-eabi/lib/thumb/v8-m.main+fp/hard\libstdc++_nano.a(new_op.o)
                0x00004ba0                operator new(unsigned int)
 .text.unlikely._ZSt17__throw_bad_allocv
                0x00004bc2        0x6 c:/siliconlabs/simplicitystudio/v5/developer/toolchains/gnu_arm/10.3_2021.10/bin/../lib/gcc/arm-none-eabi/10.3.1/../../../../arm-none-eabi/lib/thumb/v8-m.main+fp/hard\libstdc++_nano.a(functexcept.o)
                0x00004bc2                std::__throw_bad_alloc()
 .text.unlikely._ZSt20__throw_length_errorPKc
                0x00004bc8        0x6 c:/siliconlabs/simplicitystudio/v5/developer/toolchains/gnu_arm/10.3_2021.10/bin/../lib/gcc/arm-none-eabi/10.3.1/../../../../arm-none-eabi/lib/thumb/v8-m.main+fp/hard\libstdc++_nano.a(functexcept.o)
                0x00004bc8                std::__throw_length_error(char const*)
 .text.unlikely._ZSt25__throw_bad_function_callv
                0x00004bce        0x6 c:/siliconlabs/simplicitystudio/v5/developer/toolchains/gnu_arm/10.3_2021.10/bin/../lib/gcc/arm-none-eabi/10.3.1/../../../../arm-none-eabi/lib/thumb/v8-m.main+fp/hard\libstdc++_nano.a(functional.o)
                0x00004bce                std::__throw_bad_function_call()
 .text._ZdlPv   0x00004bd4        0x4 c:/siliconlabs/simplicitystudio/v5/developer/toolchains/gnu_arm/10.3_2021.10/bin/../lib/gcc/arm-none-eabi/10.3.1/../../../../arm-none-eabi/lib/thumb/v8-m.main+fp/hard\libstdc++_nano.a(del_op.o)
                0x00004bd4                operator delete(void*)
 .text._ZSt15get_new_handlerv
                0x00004bd8        0xc c:/siliconlabs/simplicitystudio/v5/developer/toolchains/gnu_arm/10.3_2021.10/bin/../lib/gcc/arm-none-eabi/10.3.1/../../../../arm-none-eabi/lib/thumb/v8-m.main+fp/hard\libstdc++_nano.a(new_handler.o)
                0x00004bd8                std::get_new_handler()
 .text          0x00004be4       0x30 c:/siliconlabs/simplicitystudio/v5/developer/toolchains/gnu_arm/10.3_2021.10/bin/../lib/gcc/arm-none-eabi/10.3.1/thumb/v8-m.main+fp/hard\libgcc.a(_aeabi_uldivmod.o)
                0x00004be4                __aeabi_uldivmod
 .text          0x00004c14      0x2ec c:/siliconlabs/simplicitystudio/v5/developer/toolchains/gnu_arm/10.3_2021.10/bin/../lib/gcc/arm-none-eabi/10.3.1/thumb/v8-m.main+fp/hard\libgcc.a(_udivmoddi4.o)
                0x00004c14                __udivmoddi4
 .text          0x00004f00        0x4 c:/siliconlabs/simplicitystudio/v5/developer/toolchains/gnu_arm/10.3_2021.10/bin/../lib/gcc/arm-none-eabi/10.3.1/thumb/v8-m.main+fp/hard\libgcc.a(_dvmd_tls.o)
                0x00004f00                __aeabi_idiv0
                0x00004f00                __aeabi_ldiv0
 .text.abort    0x00004f04        0xe c:/siliconlabs/simplicitystudio/v5/developer/toolchains/gnu_arm/10.3_2021.10/bin/../lib/gcc/arm-none-eabi/10.3.1/../../../../arm-none-eabi/lib/thumb/v8-m.main+fp/hard\libc_nano.a(lib_a-abort.o)
                0x00004f04                abort
 *fill*         0x00004f12        0x2 
 .text.__cxa_atexit
                0x00004f14       0x1c c:/siliconlabs/simplicitystudio/v5/developer/toolchains/gnu_arm/10.3_2021.10/bin/../lib/gcc/arm-none-eabi/10.3.1/../../../../arm-none-eabi/lib/thumb/v8-m.main+fp/hard\libc_nano.a(lib_a-cxa_atexit.o)
                0x00004f14                __cxa_atexit
 .text.exit     0x00004f30       0x28 c:/siliconlabs/simplicitystudio/v5/developer/toolchains/gnu_arm/10.3_2021.10/bin/../lib/gcc/arm-none-eabi/10.3.1/../../../../arm-none-eabi/lib/thumb/v8-m.main+fp/hard\libc_nano.a(lib_a-exit.o)
                0x00004f30                exit
 .text.__libc_init_array
                0x00004f58       0x48 c:/siliconlabs/simplicitystudio/v5/developer/toolchains/gnu_arm/10.3_2021.10/bin/../lib/gcc/arm-none-eabi/10.3.1/../../../../arm-none-eabi/lib/thumb/v8-m.main+fp/hard\libc_nano.a(lib_a-init.o)
                0x00004f58                __libc_init_array
 .text.malloc   0x00004fa0       0x10 c:/siliconlabs/simplicitystudio/v5/developer/toolchains/gnu_arm/10.3_2021.10/bin/../lib/gcc/arm-none-eabi/10.3.1/../../../../arm-none-eabi/lib/thumb/v8-m.main+fp/hard\libc_nano.a(lib_a-malloc.o)
                0x00004fa0                malloc
 .text.free     0x00004fb0       0x10 c:/siliconlabs/simplicitystudio/v5/developer/toolchains/gnu_arm/10.3_2021.10/bin/../lib/gcc/arm-none-eabi/10.3.1/../../../../arm-none-eabi/lib/thumb/v8-m.main+fp/hard\libc_nano.a(lib_a-malloc.o)
                0x00004fb0                free
 .text.memmove  0x00004fc0       0x34 c:/siliconlabs/simplicitystudio/v5/developer/toolchains/gnu_arm/10.3_2021.10/bin/../lib/gcc/arm-none-eabi/10.3.1/../../../../arm-none-eabi/lib/thumb/v8-m.main+fp/hard\libc_nano.a(lib_a-memmove.o)
                0x00004fc0                memmove
 .text.memset   0x00004ff4       0x10 c:/siliconlabs/simplicitystudio/v5/developer/toolchains/gnu_arm/10.3_2021.10/bin/../lib/gcc/arm-none-eabi/10.3.1/../../../../arm-none-eabi/lib/thumb/v8-m.main+fp/hard\libc_nano.a(lib_a-memset.o)
                0x00004ff4                memset
 .text._free_r  0x00005004       0x98 c:/siliconlabs/simplicitystudio/v5/developer/toolchains/gnu_arm/10.3_2021.10/bin/../lib/gcc/arm-none-eabi/10.3.1/../../../../arm-none-eabi/lib/thumb/v8-m.main+fp/hard\libc_nano.a(lib_a-nano-freer.o)
                0x00005004                _free_r
 .text.sbrk_aligned
                0x0000509c       0x40 c:/siliconlabs/simplicitystudio/v5/developer/toolchains/gnu_arm/10.3_2021.10/bin/../lib/gcc/arm-none-eabi/10.3.1/../../../../arm-none-eabi/lib/thumb/v8-m.main+fp/hard\libc_nano.a(lib_a-nano-mallocr.o)
 .text._malloc_r
                0x000050dc       0xe8 c:/siliconlabs/simplicitystudio/v5/developer/toolchains/gnu_arm/10.3_2021.10/bin/../lib/gcc/arm-none-eabi/10.3.1/../../../../arm-none-eabi/lib/thumb/v8-m.main+fp/hard\libc_nano.a(lib_a-nano-mallocr.o)
                0x000050dc                _malloc_r
 .text._sbrk_r  0x000051c4       0x20 c:/siliconlabs/simplicitystudio/v5/developer/toolchains/gnu_arm/10.3_2021.10/bin/../lib/gcc/arm-none-eabi/10.3.1/../../../../arm-none-eabi/lib/thumb/v8-m.main+fp/hard\libc_nano.a(lib_a-sbrkr.o)
                0x000051c4                _sbrk_r
 .text._raise_r
                0x000051e4       0x50 c:/siliconlabs/simplicitystudio/v5/developer/toolchains/gnu_arm/10.3_2021.10/bin/../lib/gcc/arm-none-eabi/10.3.1/../../../../arm-none-eabi/lib/thumb/v8-m.main+fp/hard\libc_nano.a(lib_a-signal.o)
                0x000051e4                _raise_r
 .text.raise    0x00005234       0x10 c:/siliconlabs/simplicitystudio/v5/developer/toolchains/gnu_arm/10.3_2021.10/bin/../lib/gcc/arm-none-eabi/10.3.1/../../../../arm-none-eabi/lib/thumb/v8-m.main+fp/hard\libc_nano.a(lib_a-signal.o)
                0x00005234                raise
 .text._kill_r  0x00005244       0x24 c:/siliconlabs/simplicitystudio/v5/developer/toolchains/gnu_arm/10.3_2021.10/bin/../lib/gcc/arm-none-eabi/10.3.1/../../../../arm-none-eabi/lib/thumb/v8-m.main+fp/hard\libc_nano.a(lib_a-signalr.o)
                0x00005244                _kill_r
 .text._getpid_r
                0x00005268        0x4 c:/siliconlabs/simplicitystudio/v5/developer/toolchains/gnu_arm/10.3_2021.10/bin/../lib/gcc/arm-none-eabi/10.3.1/../../../../arm-none-eabi/lib/thumb/v8-m.main+fp/hard\libc_nano.a(lib_a-signalr.o)
                0x00005268                _getpid_r
 .text.__malloc_lock
                0x0000526c        0xc c:/siliconlabs/simplicitystudio/v5/developer/toolchains/gnu_arm/10.3_2021.10/bin/../lib/gcc/arm-none-eabi/10.3.1/../../../../arm-none-eabi/lib/thumb/v8-m.main+fp/hard\libc_nano.a(lib_a-mlock.o)
                0x0000526c                __malloc_lock
 .text.__malloc_unlock
                0x00005278        0xc c:/siliconlabs/simplicitystudio/v5/developer/toolchains/gnu_arm/10.3_2021.10/bin/../lib/gcc/arm-none-eabi/10.3.1/../../../../arm-none-eabi/lib/thumb/v8-m.main+fp/hard\libc_nano.a(lib_a-mlock.o)
                0x00005278                __malloc_unlock
 .text.__retarget_lock_acquire_recursive
                0x00005284        0x2 c:/siliconlabs/simplicitystudio/v5/developer/toolchains/gnu_arm/10.3_2021.10/bin/../lib/gcc/arm-none-eabi/10.3.1/../../../../arm-none-eabi/lib/thumb/v8-m.main+fp/hard\libc_nano.a(lib_a-lock.o)
                0x00005284                __retarget_lock_acquire_recursive
 .text.__retarget_lock_release_recursive
                0x00005286        0x2 c:/siliconlabs/simplicitystudio/v5/developer/toolchains/gnu_arm/10.3_2021.10/bin/../lib/gcc/arm-none-eabi/10.3.1/../../../../arm-none-eabi/lib/thumb/v8-m.main+fp/hard\libc_nano.a(lib_a-lock.o)
                0x00005286                __retarget_lock_release_recursive
 .text._getpid  0x00005288       0x10 c:/siliconlabs/simplicitystudio/v5/developer/toolchains/gnu_arm/10.3_2021.10/bin/../lib/gcc/arm-none-eabi/10.3.1/../../../../arm-none-eabi/lib/thumb/v8-m.main+fp/hard\libnosys.a(getpid.o)
                0x00005288                _getpid
 .text._kill    0x00005298       0x10 c:/siliconlabs/simplicitystudio/v5/developer/toolchains/gnu_arm/10.3_2021.10/bin/../lib/gcc/arm-none-eabi/10.3.1/../../../../arm-none-eabi/lib/thumb/v8-m.main+fp/hard\libnosys.a(kill.o)
                0x00005298                _kill
 .text._exit    0x000052a8        0x4 c:/siliconlabs/simplicitystudio/v5/developer/toolchains/gnu_arm/10.3_2021.10/bin/../lib/gcc/arm-none-eabi/10.3.1/../../../../arm-none-eabi/lib/thumb/v8-m.main+fp/hard\libnosys.a(_exit.o)
                0x000052a8                _exit
                0x000052ac                linker_code_end = .
 *(.init)
 .init          0x000052ac        0x4 c:/siliconlabs/simplicitystudio/v5/developer/toolchains/gnu_arm/10.3_2021.10/bin/../lib/gcc/arm-none-eabi/10.3.1/thumb/v8-m.main+fp/hard/crti.o
                0x000052ac                _init
 .init          0x000052b0        0x8 c:/siliconlabs/simplicitystudio/v5/developer/toolchains/gnu_arm/10.3_2021.10/bin/../lib/gcc/arm-none-eabi/10.3.1/thumb/v8-m.main+fp/hard/crtn.o
 *(.fini)
 .fini          0x000052b8        0x4 c:/siliconlabs/simplicitystudio/v5/developer/toolchains/gnu_arm/10.3_2021.10/bin/../lib/gcc/arm-none-eabi/10.3.1/thumb/v8-m.main+fp/hard/crti.o
                0x000052b8                _fini
 .fini          0x000052bc        0x8 c:/siliconlabs/simplicitystudio/v5/developer/toolchains/gnu_arm/10.3_2021.10/bin/../lib/gcc/arm-none-eabi/10.3.1/thumb/v8-m.main+fp/hard/crtn.o
 *fill*         0x000052c4        0x4 
 .fini.__stub   0x000052c8       0x10 linker stubs
 *crtbegin.o(.ctors)
 *crtbegin?.o(.ctors)
 *(EXCLUDE_FILE(*crtend.o *crtend?.o) .ctors)
 *(SORT_BY_NAME(.ctors.*))
 *(.ctors)
 *crtbegin.o(.dtors)
 *crtbegin?.o(.dtors)
 *(EXCLUDE_FILE(*crtend.o *crtend?.o) .dtors)
 *(SORT_BY_NAME(.dtors.*))
 *(.dtors)
 *(.rodata*)
 .rodata._ZN8innirion18GeckoSchedulerImpl15RequestTimeSlotESt8functionIFvvEE.str1.4
                0x000052d8       0x30 ./innilib/System/GeckoSystem/GeckoSystem.o
 .rodata._ZTVN8innirion18GeckoSchedulerImplE
                0x00005308       0x20 ./innilib/System/GeckoSystem/GeckoSystem.o
                0x00005308                vtable for innirion::GeckoSchedulerImpl
 .rodata        0x00005328       0xdc ./innilib/System/GeckoSystem/GeckoSystem.o
 .rodata.CSWTCH.300
                0x00005404       0x14 ./innilib/System/GeckoSystem/GeckoSystem.o
 .rodata._ZTVN8innirion12_GLOBAL__N_122MemoryToPortDmaChannelE
                0x00005418       0x14 ./innilib/System/GeckoSystem/GeckoSystem.o
 .rodata._ZTVN8innirion12_GLOBAL__N_122PortToMemoryDmaChannelE
                0x0000542c       0x14 ./innilib/System/GeckoSystem/GeckoSystem.o
 .rodata.HFRCODPLLDevinfoGet.str1.4
                0x00005440       0x48 ./innilib/System/GeckoSystem/gecko_sdk_4.2.1/emlib/em_cmu.o
 .rodata.CSWTCH.73
                0x00005488       0x10 ./innilib/System/GeckoSystem/gecko_sdk_4.2.1/emlib/em_cmu.o
 .rodata.CSWTCH.75
                0x00005498       0x18 ./innilib/System/GeckoSystem/gecko_sdk_4.2.1/emlib/em_cmu.o
 .rodata.hfrcoCalTable
                0x000054b0      0x190 ./innilib/System/GeckoSystem/gecko_sdk_4.2.1/emlib/em_cmu.o
 .rodata.EMU_VScaleEM01.str1.4
                0x00005640       0x48 ./innilib/System/GeckoSystem/gecko_sdk_4.2.1/emlib/em_emu.o
 .rodata.I2C_BusFreqSet.part.0.str1.4
                0x00005688       0x48 ./innilib/System/GeckoSystem/gecko_sdk_4.2.1/emlib/em_i2c.o
 .rodata.LDMA_EnableChannelRequest.str1.4
                0x000056d0       0x94 ./innilib/System/GeckoSystem/gecko_sdk_4.2.1/emlib/em_ldma.o
 .rodata.RTCC_ChannelInit.str1.4
                0x00005764       0x49 ./innilib/System/GeckoSystem/gecko_sdk_4.2.1/emlib/em_rtcc.o
 *fill*         0x000057ad        0x3 
 .rodata.power_manager_notify_em_transition.str1.4
                0x000057b0       0x5a ./innilib/System/GeckoSystem/gecko_sdk_4.2.1/power_manager/sl_power_manager.o
 *fill*         0x0000580a        0x2 
 .rodata.CSWTCH.63
                0x0000580c       0x10 ./innilib/System/GeckoSystem/gecko_sdk_4.2.1/power_manager/sl_power_manager.o
 .rodata.sli_power_manager_init_hardware.str1.4
                0x0000581c       0x61 ./innilib/System/GeckoSystem/gecko_sdk_4.2.1/power_manager/sl_power_manager_hal_s2.o
 *fill*         0x0000587d        0x3 
 .rodata.process_timer_irq.str1.4
                0x00005880       0x54 ./innilib/System/GeckoSystem/gecko_sdk_4.2.1/sleeptimer/sl_sleeptimer.o
 .rodata        0x000058d4        0xd ./innilib/System/GeckoSystem/gecko_sdk_4.2.1/sleeptimer/sl_sleeptimer_hal_rtcc.o
 *fill*         0x000058e1        0x3 
 .rodata._global_impure_ptr
                0x000058e4        0x4 c:/siliconlabs/simplicitystudio/v5/developer/toolchains/gnu_arm/10.3_2021.10/bin/../lib/gcc/arm-none-eabi/10.3.1/../../../../arm-none-eabi/lib/thumb/v8-m.main+fp/hard\libc_nano.a(lib_a-impure.o)
                0x000058e4                _global_impure_ptr
 *(.eh_frame*)
 .eh_frame      0x000058e8        0x0 c:/siliconlabs/simplicitystudio/v5/developer/toolchains/gnu_arm/10.3_2021.10/bin/../lib/gcc/arm-none-eabi/10.3.1/thumb/v8-m.main+fp/hard/crtbegin.o

.glue_7         0x000058e8        0x0
 .glue_7        0x000058e8        0x0 linker stubs

.glue_7t        0x000058e8        0x0
 .glue_7t       0x000058e8        0x0 linker stubs

.vfp11_veneer   0x000058e8        0x0
 .vfp11_veneer  0x000058e8        0x0 linker stubs

.v4_bx          0x000058e8        0x0
 .v4_bx         0x000058e8        0x0 linker stubs

.iplt           0x000058e8        0x0
 .iplt          0x000058e8        0x0 c:/siliconlabs/simplicitystudio/v5/developer/toolchains/gnu_arm/10.3_2021.10/bin/../lib/gcc/arm-none-eabi/10.3.1/thumb/v8-m.main+fp/hard/crtbegin.o

.ARM.extab
 *(.ARM.extab* .gnu.linkonce.armextab.*)
                0x000058e8                __exidx_start = .

.ARM.exidx      0x000058e8        0x8
 *(.ARM.exidx* .gnu.linkonce.armexidx.*)
 .ARM.exidx     0x000058e8        0x8 c:/siliconlabs/simplicitystudio/v5/developer/toolchains/gnu_arm/10.3_2021.10/bin/../lib/gcc/arm-none-eabi/10.3.1/../../../../arm-none-eabi/lib/thumb/v8-m.main+fp/hard/crt0.o
                                 0x10 (size before relaxing)
 .ARM.exidx     0x000058f0        0x0 c:/siliconlabs/simplicitystudio/v5/developer/toolchains/gnu_arm/10.3_2021.10/bin/../lib/gcc/arm-none-eabi/10.3.1/thumb/v8-m.main+fp/hard\libgcc.a(_udivmoddi4.o)
                                  0x8 (size before relaxing)
                0x000058f0                __exidx_end = .

.rel.dyn        0x000058f0        0x0
 .rel.iplt      0x000058f0        0x0 c:/siliconlabs/simplicitystudio/v5/developer/toolchains/gnu_arm/10.3_2021.10/bin/../lib/gcc/arm-none-eabi/10.3.1/thumb/v8-m.main+fp/hard/crtbegin.o

.copy.table     0x000058f0        0xc
                0x000058f0                . = ALIGN (0x4)
                0x000058f0                __copy_table_start__ = .
                0x000058f0        0x4 LONG 0x58fc __etext
                0x000058f4        0x4 LONG 0x20001000 __data_start__
                0x000058f8        0x4 LONG 0x2f ((__data_end__ - __data_start__) / 0x4)
                0x000058fc                __copy_table_end__ = .

.zero.table     0x000058fc        0x0
                0x000058fc                . = ALIGN (0x4)
                0x000058fc                __zero_table_start__ = .
                0x000058fc                __zero_table_end__ = .
                0x000058fc                __etext = .
                0x20000000                . = ORIGIN (RAM)

.stack          0x20000000     0x1000
                0x20000000                __StackLimit = .
 *(.stack*)
 .stack         0x20000000     0x1000 ./innilib/System/GeckoSystem/gecko_sdk_4.2.1/common/sl_memory.o
                0x20001000                . = ALIGN (0x4)
                0x20001000                __StackTop = .
                0x20001000                PROVIDE (__stack = __StackTop)

.noinit
 *(.noinit*)

.data           0x20001000       0xbc load address 0x000058fc
                0x20001000                . = ALIGN (0x4)
                0x20001000                __data_start__ = .
 *(vtable)
 *(.data*)
 .data          0x20001000        0x4 c:/siliconlabs/simplicitystudio/v5/developer/toolchains/gnu_arm/10.3_2021.10/bin/../lib/gcc/arm-none-eabi/10.3.1/thumb/v8-m.main+fp/hard/crtbegin.o
                0x20001000                __dso_handle
 .data.SystemCoreClock
                0x20001004        0x4 ./innilib/System/GeckoSystem/gecko_sdk_4.2.1/bgm22/system_bgm22.o
                0x20001004                SystemCoreClock
 .data.SystemHFRCODPLLClock
                0x20001008        0x4 ./innilib/System/GeckoSystem/gecko_sdk_4.2.1/bgm22/system_bgm22.o
 .data.SystemHFXOClock
                0x2000100c        0x4 ./innilib/System/GeckoSystem/gecko_sdk_4.2.1/bgm22/system_bgm22.o
 .data.SystemLFXOClock
                0x20001010        0x4 ./innilib/System/GeckoSystem/gecko_sdk_4.2.1/bgm22/system_bgm22.o
 .data.heap_end.0
                0x20001014        0x4 ./innilib/System/GeckoSystem/gecko_sdk_4.2.1/common/sl_memory.o
 .data.is_fast_wakeup_enabled
                0x20001018        0x1 ./innilib/System/GeckoSystem/gecko_sdk_4.2.1/power_manager/sl_power_manager_hal_s2.o
 .data.cc_disabled
                0x20001019        0x1 ./innilib/System/GeckoSystem/gecko_sdk_4.2.1/sleeptimer/sl_sleeptimer_hal_rtcc.o
 *fill*         0x2000101a        0x2 
 .data._impure_ptr
                0x2000101c        0x4 c:/siliconlabs/simplicitystudio/v5/developer/toolchains/gnu_arm/10.3_2021.10/bin/../lib/gcc/arm-none-eabi/10.3.1/../../../../arm-none-eabi/lib/thumb/v8-m.main+fp/hard\libc_nano.a(lib_a-impure.o)
                0x2000101c                _impure_ptr
 .data.impure_data
                0x20001020       0x60 c:/siliconlabs/simplicitystudio/v5/developer/toolchains/gnu_arm/10.3_2021.10/bin/../lib/gcc/arm-none-eabi/10.3.1/../../../../arm-none-eabi/lib/thumb/v8-m.main+fp/hard\libc_nano.a(lib_a-impure.o)
                0x20001080                . = ALIGN (0x4)
                [!provide]                PROVIDE (__ram_func_section_start = .)
 *(.ram)
 .ram           0x20001080       0x30 ./innilib/System/GeckoSystem/gecko_sdk_4.2.1/emlib/em_emu.o
                [!provide]                PROVIDE (__ram_func_section_end = .)
                0x200010b0                . = ALIGN (0x4)
                0x200010b0                PROVIDE (__preinit_array_start = .)
 *(.preinit_array)
                0x200010b0                PROVIDE (__preinit_array_end = .)
                0x200010b0                . = ALIGN (0x4)
                0x200010b0                PROVIDE (__init_array_start = .)
 *(SORT_BY_NAME(.init_array.*))
 *(.init_array)
 .init_array    0x200010b0        0x4 c:/siliconlabs/simplicitystudio/v5/developer/toolchains/gnu_arm/10.3_2021.10/bin/../lib/gcc/arm-none-eabi/10.3.1/thumb/v8-m.main+fp/hard/crtbegin.o
 .init_array    0x200010b4        0x4 ./innilib/System/GeckoSystem/GeckoSystem.o
                0x200010b8                PROVIDE (__init_array_end = .)
                0x200010b8                . = ALIGN (0x4)
                [!provide]                PROVIDE (__fini_array_start = .)
 *(SORT_BY_NAME(.fini_array.*))
 *(.fini_array)
 .fini_array    0x200010b8        0x4 c:/siliconlabs/simplicitystudio/v5/developer/toolchains/gnu_arm/10.3_2021.10/bin/../lib/gcc/arm-none-eabi/10.3.1/thumb/v8-m.main+fp/hard/crtbegin.o
                [!provide]                PROVIDE (__fini_array_end = .)
                0x200010bc                . = ALIGN (0x4)
                0x200010bc                __data_end__ = .

.igot.plt       0x200010bc        0x0 load address 0x000059b8
 .igot.plt      0x200010bc        0x0 c:/siliconlabs/simplicitystudio/v5/developer/toolchains/gnu_arm/10.3_2021.10/bin/../lib/gcc/arm-none-eabi/10.3.1/thumb/v8-m.main+fp/hard/crtbegin.o

.bss            0x200010bc      0x290 load address 0x000059b8
                0x200010bc                . = ALIGN (0x4)
                0x200010bc                __bss_start__ = .
 *(.bss*)
 .bss           0x200010bc       0x1c c:/siliconlabs/simplicitystudio/v5/developer/toolchains/gnu_arm/10.3_2021.10/bin/../lib/gcc/arm-none-eabi/10.3.1/thumb/v8-m.main+fp/hard/crtbegin.o
 .bss._ZGVZN8innirion15GeckoPinManager8InstanceEvE3gpm
                0x200010d8        0x4 ./innilib/System/GeckoSystem/GeckoSystem.o
                0x200010d8                guard variable for innirion::GeckoPinManager::Instance()::gpm
 .bss._ZZN8innirion15GeckoPinManager8InstanceEvE3gpm
                0x200010dc        0x8 ./innilib/System/GeckoSystem/GeckoSystem.o
                0x200010dc                innirion::GeckoPinManager::Instance()::gpm
 .bss._ZGVZN8innirion18GeckoSchedulerImpl4InitEONS_14GeckoScheduler9McuConfigEE1k
                0x200010e4        0x4 ./innilib/System/GeckoSystem/GeckoSystem.o
                0x200010e4                guard variable for innirion::GeckoSchedulerImpl::Init(innirion::GeckoScheduler::McuConfig&&)::k
 .bss._ZZN8innirion18GeckoSchedulerImpl4InitEONS_14GeckoScheduler9McuConfigEE1k
                0x200010e8       0x30 ./innilib/System/GeckoSystem/GeckoSystem.o
                0x200010e8                innirion::GeckoSchedulerImpl::Init(innirion::GeckoScheduler::McuConfig&&)::k
 .bss._ZN8innirion18GeckoSchedulerImpl8instanceE
                0x20001118        0x4 ./innilib/System/GeckoSystem/GeckoSystem.o
                0x20001118                innirion::GeckoSchedulerImpl::instance
 .bss._ZGVZN8innirion12_GLOBAL__N_110DmaManager8InstanceEvE1m
                0x2000111c        0x4 ./innilib/System/GeckoSystem/GeckoSystem.o
 .bss._ZN8innirion12_GLOBAL__N_111GeckoI2cNewILi0EE8observerE
                0x20001120        0x4 ./innilib/System/GeckoSystem/GeckoSystem.o
 .bss._ZN8innirion12_GLOBAL__N_111GeckoI2cNewILi0EE8sequenceE
                0x20001124       0x14 ./innilib/System/GeckoSystem/GeckoSystem.o
 .bss._ZN8innirion12_GLOBAL__N_111GeckoI2cNewILi1EE8observerE
                0x20001138        0x4 ./innilib/System/GeckoSystem/GeckoSystem.o
 .bss._ZN8innirion12_GLOBAL__N_111GeckoI2cNewILi1EE8sequenceE
                0x2000113c       0x14 ./innilib/System/GeckoSystem/GeckoSystem.o
 .bss._ZN8innirion12_GLOBAL__N_112adc_observerE
                0x20001150        0x4 ./innilib/System/GeckoSystem/GeckoSystem.o
 .bss._ZN8innirion12_GLOBAL__N_116GeckoDmaUartImplILi0EE10rx_channelE
                0x20001154       0x2c ./innilib/System/GeckoSystem/GeckoSystem.o
 .bss._ZN8innirion12_GLOBAL__N_116GeckoDmaUartImplILi0EE10tx_channelE
                0x20001180       0x2c ./innilib/System/GeckoSystem/GeckoSystem.o
 .bss._ZN8innirion12_GLOBAL__N_116GeckoDmaUartImplILi0EE11rx_observerE
                0x200011ac        0x4 ./innilib/System/GeckoSystem/GeckoSystem.o
 .bss._ZN8innirion12_GLOBAL__N_116GeckoDmaUartImplILi0EE21use_interrupt_contextE
                0x200011b0        0x1 ./innilib/System/GeckoSystem/GeckoSystem.o
 *fill*         0x200011b1        0x3 
 .bss._ZN8innirion12_GLOBAL__N_116GeckoDmaUartImplILi1EE10rx_channelE
                0x200011b4       0x2c ./innilib/System/GeckoSystem/GeckoSystem.o
 .bss._ZN8innirion12_GLOBAL__N_116GeckoDmaUartImplILi1EE10tx_channelE
                0x200011e0       0x2c ./innilib/System/GeckoSystem/GeckoSystem.o
 .bss._ZN8innirion12_GLOBAL__N_116GeckoDmaUartImplILi1EE11rx_observerE
                0x2000120c        0x4 ./innilib/System/GeckoSystem/GeckoSystem.o
 .bss._ZN8innirion12_GLOBAL__N_116GeckoDmaUartImplILi1EE21use_interrupt_contextE
                0x20001210        0x1 ./innilib/System/GeckoSystem/GeckoSystem.o
 *fill*         0x20001211        0x3 
 .bss._ZN8innirion12_GLOBAL__N_117uart_rx_observersE
                0x20001214        0xc ./innilib/System/GeckoSystem/GeckoSystem.o
 .bss._ZN8innirion12_GLOBAL__N_117uart_tx_observersE
                0x20001220        0xc ./innilib/System/GeckoSystem/GeckoSystem.o
 .bss._ZN8innirion12_GLOBAL__N_118euart_rx_observersE
                0x2000122c        0xc ./innilib/System/GeckoSystem/GeckoSystem.o
 .bss._ZN8innirion12_GLOBAL__N_118euart_tx_observersE
                0x20001238        0xc ./innilib/System/GeckoSystem/GeckoSystem.o
 .bss._ZZN8innirion12_GLOBAL__N_110DmaManager8InstanceEvE1m
                0x20001244       0x20 ./innilib/System/GeckoSystem/GeckoSystem.o
 .bss.ctuneDelta
                0x20001264        0x1 ./innilib/System/GeckoSystem/gecko_sdk_4.2.1/emlib/em_cmu.o
 *fill*         0x20001265        0x3 
 .bss.dpllRefClk.0
                0x20001268        0x4 ./innilib/System/GeckoSystem/gecko_sdk_4.2.1/emlib/em_emu.o
 .bss.vScaleEM01Config
                0x2000126c        0x1 ./innilib/System/GeckoSystem/gecko_sdk_4.2.1/emlib/em_emu.o
 *fill*         0x2000126d        0x3 
 .bss.i2cTransfer
                0x20001270       0x18 ./innilib/System/GeckoSystem/gecko_sdk_4.2.1/emlib/em_i2c.o
 .bss.hfxo_last_startup_time
                0x20001288        0x4 ./innilib/System/GeckoSystem/gecko_sdk_4.2.1/hfxo_manager/sl_hfxo_manager.o
 .bss.hfxo_measurement_on
                0x2000128c        0x1 ./innilib/System/GeckoSystem/gecko_sdk_4.2.1/hfxo_manager/sl_hfxo_manager.o
 *fill*         0x2000128d        0x3 
 .bss.hfxo_startup_time_sum_average
                0x20001290        0x4 ./innilib/System/GeckoSystem/gecko_sdk_4.2.1/hfxo_manager/sl_hfxo_manager.o
 .bss.hfxo_startup_time_table
                0x20001294       0x28 ./innilib/System/GeckoSystem/gecko_sdk_4.2.1/hfxo_manager/sl_hfxo_manager.o
 .bss.hfxo_startup_time_table_index
                0x200012bc        0x1 ./innilib/System/GeckoSystem/gecko_sdk_4.2.1/hfxo_manager/sl_hfxo_manager.o
 *fill*         0x200012bd        0x3 
 .bss.hfxo_startup_time_tc_inital
                0x200012c0        0x4 ./innilib/System/GeckoSystem/gecko_sdk_4.2.1/hfxo_manager/sl_hfxo_manager.o
 .bss.hfxo_startup_time_tick
                0x200012c4        0x4 ./innilib/System/GeckoSystem/gecko_sdk_4.2.1/hfxo_manager/sl_hfxo_manager.o
 .bss.clock_wakeup_timer_handle
                0x200012c8       0x20 ./innilib/System/GeckoSystem/gecko_sdk_4.2.1/power_manager/sl_power_manager.o
 .bss.current_em
                0x200012e8        0x1 ./innilib/System/GeckoSystem/gecko_sdk_4.2.1/power_manager/sl_power_manager.o
 *fill*         0x200012e9        0x3 
 .bss.high_frequency_min_offtime_tick
                0x200012ec        0x4 ./innilib/System/GeckoSystem/gecko_sdk_4.2.1/power_manager/sl_power_manager.o
                0x200012ec                high_frequency_min_offtime_tick
 .bss.is_actively_waiting_for_clock_restore
                0x200012f0        0x1 ./innilib/System/GeckoSystem/gecko_sdk_4.2.1/power_manager/sl_power_manager.o
 .bss.is_hf_x_oscillator_not_preserved
                0x200012f1        0x1 ./innilib/System/GeckoSystem/gecko_sdk_4.2.1/power_manager/sl_power_manager.o
 .bss.is_initialized
                0x200012f2        0x1 ./innilib/System/GeckoSystem/gecko_sdk_4.2.1/power_manager/sl_power_manager.o
 .bss.is_restored_from_hfxo_isr
                0x200012f3        0x1 ./innilib/System/GeckoSystem/gecko_sdk_4.2.1/power_manager/sl_power_manager.o
 .bss.is_restored_from_hfxo_isr_internal
                0x200012f4        0x1 ./innilib/System/GeckoSystem/gecko_sdk_4.2.1/power_manager/sl_power_manager.o
 .bss.is_sleeping_waiting_for_clock_restore
                0x200012f5        0x1 ./innilib/System/GeckoSystem/gecko_sdk_4.2.1/power_manager/sl_power_manager.o
 .bss.is_states_saved
                0x200012f6        0x1 ./innilib/System/GeckoSystem/gecko_sdk_4.2.1/power_manager/sl_power_manager.o
 *fill*         0x200012f7        0x1 
 .bss.power_manager_em_transition_event_list
                0x200012f8        0x4 ./innilib/System/GeckoSystem/gecko_sdk_4.2.1/power_manager/sl_power_manager.o
 .bss.requirement_em_table
                0x200012fc        0x2 ./innilib/System/GeckoSystem/gecko_sdk_4.2.1/power_manager/sl_power_manager.o
 .bss.requirement_high_accuracy_hf_clock_back_to_zero
                0x200012fe        0x1 ./innilib/System/GeckoSystem/gecko_sdk_4.2.1/power_manager/sl_power_manager.o
                0x200012fe                requirement_high_accuracy_hf_clock_back_to_zero
 .bss.requirement_high_accuracy_hf_clock_counter
                0x200012ff        0x1 ./innilib/System/GeckoSystem/gecko_sdk_4.2.1/power_manager/sl_power_manager.o
                0x200012ff                requirement_high_accuracy_hf_clock_counter
 .bss.requirement_on_em1_added
                0x20001300        0x1 ./innilib/System/GeckoSystem/gecko_sdk_4.2.1/power_manager/sl_power_manager.o
 *fill*         0x20001301        0x3 
 .bss.sleeptimer_frequency
                0x20001304        0x4 ./innilib/System/GeckoSystem/gecko_sdk_4.2.1/power_manager/sl_power_manager.o
 .bss.waiting_clock_restore_from_em
                0x20001308        0x1 ./innilib/System/GeckoSystem/gecko_sdk_4.2.1/power_manager/sl_power_manager.o
 *fill*         0x20001309        0x3 
 .bss.wakeup_time_config_overhead_tick
                0x2000130c        0x4 ./innilib/System/GeckoSystem/gecko_sdk_4.2.1/power_manager/sl_power_manager.o
                0x2000130c                wakeup_time_config_overhead_tick
 .bss.cmu_sys_clock_register
                0x20001310        0x4 ./innilib/System/GeckoSystem/gecko_sdk_4.2.1/power_manager/sl_power_manager_hal_s2.o
                0x20001310                cmu_sys_clock_register
 .bss.is_entering_deepsleep
                0x20001314        0x1 ./innilib/System/GeckoSystem/gecko_sdk_4.2.1/power_manager/sl_power_manager_hal_s2.o
 .bss.is_hf_x_oscillator_already_started
                0x20001315        0x1 ./innilib/System/GeckoSystem/gecko_sdk_4.2.1/power_manager/sl_power_manager_hal_s2.o
 .bss.is_hf_x_oscillator_used
                0x20001316        0x1 ./innilib/System/GeckoSystem/gecko_sdk_4.2.1/power_manager/sl_power_manager_hal_s2.o
 *fill*         0x20001317        0x1 
 .bss.process_wakeup_overhead_tick
                0x20001318        0x4 ./innilib/System/GeckoSystem/gecko_sdk_4.2.1/power_manager/sl_power_manager_hal_s2.o
 .bss.is_sleeptimer_initialized
                0x2000131c        0x1 ./innilib/System/GeckoSystem/gecko_sdk_4.2.1/sleeptimer/sl_sleeptimer.o
 *fill*         0x2000131d        0x3 
 .bss.last_delta_update_count
                0x20001320        0x4 ./innilib/System/GeckoSystem/gecko_sdk_4.2.1/sleeptimer/sl_sleeptimer.o
 .bss.max_millisecond_conversion
                0x20001324        0x4 ./innilib/System/GeckoSystem/gecko_sdk_4.2.1/sleeptimer/sl_sleeptimer.o
 .bss.next_timer_to_expire_is_power_manager
                0x20001328        0x1 ./innilib/System/GeckoSystem/gecko_sdk_4.2.1/sleeptimer/sl_sleeptimer.o
 *fill*         0x20001329        0x1 
 .bss.overflow_counter
                0x2000132a        0x2 ./innilib/System/GeckoSystem/gecko_sdk_4.2.1/sleeptimer/sl_sleeptimer.o
 .bss.sleep_on_isr_exit
                0x2000132c        0x1 ./innilib/System/GeckoSystem/gecko_sdk_4.2.1/sleeptimer/sl_sleeptimer.o
 *fill*         0x2000132d        0x3 
 .bss.timer_frequency
                0x20001330        0x4 ./innilib/System/GeckoSystem/gecko_sdk_4.2.1/sleeptimer/sl_sleeptimer.o
 .bss.timer_head
                0x20001334        0x4 ./innilib/System/GeckoSystem/gecko_sdk_4.2.1/sleeptimer/sl_sleeptimer.o
 .bss._ZN12_GLOBAL__N_113__new_handlerE
                0x20001338        0x4 c:/siliconlabs/simplicitystudio/v5/developer/toolchains/gnu_arm/10.3_2021.10/bin/../lib/gcc/arm-none-eabi/10.3.1/../../../../arm-none-eabi/lib/thumb/v8-m.main+fp/hard\libstdc++_nano.a(new_handler.o)
 .bss.__malloc_free_list
                0x2000133c        0x4 c:/siliconlabs/simplicitystudio/v5/developer/toolchains/gnu_arm/10.3_2021.10/bin/../lib/gcc/arm-none-eabi/10.3.1/../../../../arm-none-eabi/lib/thumb/v8-m.main+fp/hard\libc_nano.a(lib_a-nano-mallocr.o)
                0x2000133c                __malloc_free_list
 .bss.__malloc_sbrk_start
                0x20001340        0x4 c:/siliconlabs/simplicitystudio/v5/developer/toolchains/gnu_arm/10.3_2021.10/bin/../lib/gcc/arm-none-eabi/10.3.1/../../../../arm-none-eabi/lib/thumb/v8-m.main+fp/hard\libc_nano.a(lib_a-nano-mallocr.o)
                0x20001340                __malloc_sbrk_start
 .bss.errno     0x20001344        0x4 c:/siliconlabs/simplicitystudio/v5/developer/toolchains/gnu_arm/10.3_2021.10/bin/../lib/gcc/arm-none-eabi/10.3.1/../../../../arm-none-eabi/lib/thumb/v8-m.main+fp/hard\libc_nano.a(lib_a-reent.o)
                0x20001344                errno
 .bss.__lock___malloc_recursive_mutex
                0x20001348        0x1 c:/siliconlabs/simplicitystudio/v5/developer/toolchains/gnu_arm/10.3_2021.10/bin/../lib/gcc/arm-none-eabi/10.3.1/../../../../arm-none-eabi/lib/thumb/v8-m.main+fp/hard\libc_nano.a(lib_a-lock.o)
                0x20001348                __lock___malloc_recursive_mutex
 *(COMMON)
                0x2000134c                . = ALIGN (0x4)
 *fill*         0x20001349        0x3 
                0x2000134c                __bss_end__ = .

.heap           0x20001350     0x6cb0
                0x20001350                __HeapBase = .
                0x20001350                __end__ = .
                0x20001350                end = __end__
                0x20001350                _end = __end__
 *(.heap*)
 .heap          0x20001350      0x800 ./innilib/System/GeckoSystem/gecko_sdk_4.2.1/common/sl_memory.o
                0x20008000                . = (ORIGIN (RAM) + LENGTH (RAM))
 *fill*         0x20001b50     0x64b0 
                0x20008000                __HeapLimit = .
                0x00006cb0                __heap_size = (__HeapLimit - __HeapBase)
                0x0007e000                __main_flash_end__ = 0x7e000

.internal_storage
                0x000058fc        0x0
 *(.internal_storage*)

.nvm            0x000058fc        0x0
 *(.simee*)
                0x0007e000                linker_nvm_end = __main_flash_end__
                0x0007e000                linker_nvm_begin = (linker_nvm_end - SIZEOF (.nvm))
                0x00000000                linker_nvm_size = SIZEOF (.nvm)
                0x0007e000                linker_storage_end = linker_nvm_begin
                0x0007e000                linker_storage_begin = (linker_storage_end - SIZEOF (.internal_storage))
                0x00000000                linker_storage_size = SIZEOF (.internal_storage)
                0x0007e000                __nvm3Base = linker_nvm_begin
                0x00000001                ASSERT ((linker_storage_begin >= (__etext + SIZEOF (.data))), FLASH memory overflowed !)
OUTPUT(EmptyProject.axf elf32-littlearm)
LOAD linker stubs

.ARM.attributes
                0x00000000       0x36
 .ARM.attributes
                0x00000000       0x22 c:/siliconlabs/simplicitystudio/v5/developer/toolchains/gnu_arm/10.3_2021.10/bin/../lib/gcc/arm-none-eabi/10.3.1/thumb/v8-m.main+fp/hard/crti.o
 .ARM.attributes
                0x00000022       0x38 c:/siliconlabs/simplicitystudio/v5/developer/toolchains/gnu_arm/10.3_2021.10/bin/../lib/gcc/arm-none-eabi/10.3.1/thumb/v8-m.main+fp/hard/crtbegin.o
 .ARM.attributes
                0x0000005a       0x20 c:/siliconlabs/simplicitystudio/v5/developer/toolchains/gnu_arm/10.3_2021.10/bin/../lib/gcc/arm-none-eabi/10.3.1/../../../../arm-none-eabi/lib/thumb/v8-m.main+fp/hard/crt0.o
 .ARM.attributes
                0x0000007a       0x3a ./innilib/System/GeckoSystem/GeckoSystem.o
 .ARM.attributes
                0x000000b4       0x3a ./innilib/System/GeckoSystem/gecko_sdk_4.2.1/bgm22/startup_bgm22.o
 .ARM.attributes
                0x000000ee       0x3a ./innilib/System/GeckoSystem/gecko_sdk_4.2.1/bgm22/system_bgm22.o
 .ARM.attributes
                0x00000128       0x3a ./innilib/System/GeckoSystem/gecko_sdk_4.2.1/common/sl_assert.o
 .ARM.attributes
                0x00000162       0x3a ./innilib/System/GeckoSystem/gecko_sdk_4.2.1/common/sl_memory.o
 .ARM.attributes
                0x0000019c       0x3a ./innilib/System/GeckoSystem/gecko_sdk_4.2.1/common/sl_slist.o
 .ARM.attributes
                0x000001d6       0x3a ./innilib/System/GeckoSystem/gecko_sdk_4.2.1/emlib/em_cmu.o
 .ARM.attributes
                0x00000210       0x3a ./innilib/System/GeckoSystem/gecko_sdk_4.2.1/emlib/em_core.o
 .ARM.attributes
                0x0000024a       0x3a ./innilib/System/GeckoSystem/gecko_sdk_4.2.1/emlib/em_emu.o
 .ARM.attributes
                0x00000284       0x3a ./innilib/System/GeckoSystem/gecko_sdk_4.2.1/emlib/em_i2c.o
 .ARM.attributes
                0x000002be       0x3a ./innilib/System/GeckoSystem/gecko_sdk_4.2.1/emlib/em_ldma.o
 .ARM.attributes
                0x000002f8       0x3a ./innilib/System/GeckoSystem/gecko_sdk_4.2.1/emlib/em_rtcc.o
 .ARM.attributes
                0x00000332       0x3a ./innilib/System/GeckoSystem/gecko_sdk_4.2.1/hfxo_manager/sl_hfxo_manager.o
 .ARM.attributes
                0x0000036c       0x3a ./innilib/System/GeckoSystem/gecko_sdk_4.2.1/hfxo_manager/sl_hfxo_manager_hal_s2.o
 .ARM.attributes
                0x000003a6       0x3a ./innilib/System/GeckoSystem/gecko_sdk_4.2.1/power_manager/sl_power_manager.o
 .ARM.attributes
                0x000003e0       0x3a ./innilib/System/GeckoSystem/gecko_sdk_4.2.1/power_manager/sl_power_manager_hal_s2.o
 .ARM.attributes
                0x0000041a       0x3a ./innilib/System/GeckoSystem/gecko_sdk_4.2.1/power_manager/sl_power_manager_handler.o
 .ARM.attributes
                0x00000454       0x3a ./innilib/System/GeckoSystem/gecko_sdk_4.2.1/sleeptimer/sl_sleeptimer.o
 .ARM.attributes
                0x0000048e       0x3a ./innilib/System/GeckoSystem/gecko_sdk_4.2.1/sleeptimer/sl_sleeptimer_hal_rtcc.o
 .ARM.attributes
                0x000004c8       0x3a ./main.o
 .ARM.attributes
                0x00000502       0x38 c:/siliconlabs/simplicitystudio/v5/developer/toolchains/gnu_arm/10.3_2021.10/bin/../lib/gcc/arm-none-eabi/10.3.1/../../../../arm-none-eabi/lib/thumb/v8-m.main+fp/hard\libstdc++_nano.a(atexit_arm.o)
 .ARM.attributes
                0x0000053a       0x38 c:/siliconlabs/simplicitystudio/v5/developer/toolchains/gnu_arm/10.3_2021.10/bin/../lib/gcc/arm-none-eabi/10.3.1/../../../../arm-none-eabi/lib/thumb/v8-m.main+fp/hard\libstdc++_nano.a(del_ops.o)
 .ARM.attributes
                0x00000572       0x38 c:/siliconlabs/simplicitystudio/v5/developer/toolchains/gnu_arm/10.3_2021.10/bin/../lib/gcc/arm-none-eabi/10.3.1/../../../../arm-none-eabi/lib/thumb/v8-m.main+fp/hard\libstdc++_nano.a(guard.o)
 .ARM.attributes
                0x000005aa       0x38 c:/siliconlabs/simplicitystudio/v5/developer/toolchains/gnu_arm/10.3_2021.10/bin/../lib/gcc/arm-none-eabi/10.3.1/../../../../arm-none-eabi/lib/thumb/v8-m.main+fp/hard\libstdc++_nano.a(new_op.o)
 .ARM.attributes
                0x000005e2       0x38 c:/siliconlabs/simplicitystudio/v5/developer/toolchains/gnu_arm/10.3_2021.10/bin/../lib/gcc/arm-none-eabi/10.3.1/../../../../arm-none-eabi/lib/thumb/v8-m.main+fp/hard\libstdc++_nano.a(functexcept.o)
 .ARM.attributes
                0x0000061a       0x38 c:/siliconlabs/simplicitystudio/v5/developer/toolchains/gnu_arm/10.3_2021.10/bin/../lib/gcc/arm-none-eabi/10.3.1/../../../../arm-none-eabi/lib/thumb/v8-m.main+fp/hard\libstdc++_nano.a(functional.o)
 .ARM.attributes
                0x00000652       0x38 c:/siliconlabs/simplicitystudio/v5/developer/toolchains/gnu_arm/10.3_2021.10/bin/../lib/gcc/arm-none-eabi/10.3.1/../../../../arm-none-eabi/lib/thumb/v8-m.main+fp/hard\libstdc++_nano.a(del_op.o)
 .ARM.attributes
                0x0000068a       0x38 c:/siliconlabs/simplicitystudio/v5/developer/toolchains/gnu_arm/10.3_2021.10/bin/../lib/gcc/arm-none-eabi/10.3.1/../../../../arm-none-eabi/lib/thumb/v8-m.main+fp/hard\libstdc++_nano.a(new_handler.o)
 .ARM.attributes
                0x000006c2       0x22 c:/siliconlabs/simplicitystudio/v5/developer/toolchains/gnu_arm/10.3_2021.10/bin/../lib/gcc/arm-none-eabi/10.3.1/thumb/v8-m.main+fp/hard\libgcc.a(_aeabi_uldivmod.o)
 .ARM.attributes
                0x000006e4       0x38 c:/siliconlabs/simplicitystudio/v5/developer/toolchains/gnu_arm/10.3_2021.10/bin/../lib/gcc/arm-none-eabi/10.3.1/thumb/v8-m.main+fp/hard\libgcc.a(_udivmoddi4.o)
 .ARM.attributes
                0x0000071c       0x22 c:/siliconlabs/simplicitystudio/v5/developer/toolchains/gnu_arm/10.3_2021.10/bin/../lib/gcc/arm-none-eabi/10.3.1/thumb/v8-m.main+fp/hard\libgcc.a(_dvmd_tls.o)
 .ARM.attributes
                0x0000073e       0x38 c:/siliconlabs/simplicitystudio/v5/developer/toolchains/gnu_arm/10.3_2021.10/bin/../lib/gcc/arm-none-eabi/10.3.1/../../../../arm-none-eabi/lib/thumb/v8-m.main+fp/hard\libc_nano.a(lib_a-abort.o)
 .ARM.attributes
                0x00000776       0x38 c:/siliconlabs/simplicitystudio/v5/developer/toolchains/gnu_arm/10.3_2021.10/bin/../lib/gcc/arm-none-eabi/10.3.1/../../../../arm-none-eabi/lib/thumb/v8-m.main+fp/hard\libc_nano.a(lib_a-cxa_atexit.o)
 .ARM.attributes
                0x000007ae       0x38 c:/siliconlabs/simplicitystudio/v5/developer/toolchains/gnu_arm/10.3_2021.10/bin/../lib/gcc/arm-none-eabi/10.3.1/../../../../arm-none-eabi/lib/thumb/v8-m.main+fp/hard\libc_nano.a(lib_a-exit.o)
 .ARM.attributes
                0x000007e6       0x38 c:/siliconlabs/simplicitystudio/v5/developer/toolchains/gnu_arm/10.3_2021.10/bin/../lib/gcc/arm-none-eabi/10.3.1/../../../../arm-none-eabi/lib/thumb/v8-m.main+fp/hard\libc_nano.a(lib_a-impure.o)
 .ARM.attributes
                0x0000081e       0x38 c:/siliconlabs/simplicitystudio/v5/developer/toolchains/gnu_arm/10.3_2021.10/bin/../lib/gcc/arm-none-eabi/10.3.1/../../../../arm-none-eabi/lib/thumb/v8-m.main+fp/hard\libc_nano.a(lib_a-init.o)
 .ARM.attributes
                0x00000856       0x38 c:/siliconlabs/simplicitystudio/v5/developer/toolchains/gnu_arm/10.3_2021.10/bin/../lib/gcc/arm-none-eabi/10.3.1/../../../../arm-none-eabi/lib/thumb/v8-m.main+fp/hard\libc_nano.a(lib_a-malloc.o)
 .ARM.attributes
                0x0000088e       0x38 c:/siliconlabs/simplicitystudio/v5/developer/toolchains/gnu_arm/10.3_2021.10/bin/../lib/gcc/arm-none-eabi/10.3.1/../../../../arm-none-eabi/lib/thumb/v8-m.main+fp/hard\libc_nano.a(lib_a-memmove.o)
 .ARM.attributes
                0x000008c6       0x38 c:/siliconlabs/simplicitystudio/v5/developer/toolchains/gnu_arm/10.3_2021.10/bin/../lib/gcc/arm-none-eabi/10.3.1/../../../../arm-none-eabi/lib/thumb/v8-m.main+fp/hard\libc_nano.a(lib_a-memset.o)
 .ARM.attributes
                0x000008fe       0x38 c:/siliconlabs/simplicitystudio/v5/developer/toolchains/gnu_arm/10.3_2021.10/bin/../lib/gcc/arm-none-eabi/10.3.1/../../../../arm-none-eabi/lib/thumb/v8-m.main+fp/hard\libc_nano.a(lib_a-nano-freer.o)
 .ARM.attributes
                0x00000936       0x38 c:/siliconlabs/simplicitystudio/v5/developer/toolchains/gnu_arm/10.3_2021.10/bin/../lib/gcc/arm-none-eabi/10.3.1/../../../../arm-none-eabi/lib/thumb/v8-m.main+fp/hard\libc_nano.a(lib_a-nano-mallocr.o)
 .ARM.attributes
                0x0000096e       0x38 c:/siliconlabs/simplicitystudio/v5/developer/toolchains/gnu_arm/10.3_2021.10/bin/../lib/gcc/arm-none-eabi/10.3.1/../../../../arm-none-eabi/lib/thumb/v8-m.main+fp/hard\libc_nano.a(lib_a-sbrkr.o)
 .ARM.attributes
                0x000009a6       0x38 c:/siliconlabs/simplicitystudio/v5/developer/toolchains/gnu_arm/10.3_2021.10/bin/../lib/gcc/arm-none-eabi/10.3.1/../../../../arm-none-eabi/lib/thumb/v8-m.main+fp/hard\libc_nano.a(lib_a-signal.o)
 .ARM.attributes
                0x000009de       0x38 c:/siliconlabs/simplicitystudio/v5/developer/toolchains/gnu_arm/10.3_2021.10/bin/../lib/gcc/arm-none-eabi/10.3.1/../../../../arm-none-eabi/lib/thumb/v8-m.main+fp/hard\libc_nano.a(lib_a-signalr.o)
 .ARM.attributes
                0x00000a16       0x38 c:/siliconlabs/simplicitystudio/v5/developer/toolchains/gnu_arm/10.3_2021.10/bin/../lib/gcc/arm-none-eabi/10.3.1/../../../../arm-none-eabi/lib/thumb/v8-m.main+fp/hard\libc_nano.a(lib_a-mlock.o)
 .ARM.attributes
                0x00000a4e       0x38 c:/siliconlabs/simplicitystudio/v5/developer/toolchains/gnu_arm/10.3_2021.10/bin/../lib/gcc/arm-none-eabi/10.3.1/../../../../arm-none-eabi/lib/thumb/v8-m.main+fp/hard\libc_nano.a(lib_a-reent.o)
 .ARM.attributes
                0x00000a86       0x38 c:/siliconlabs/simplicitystudio/v5/developer/toolchains/gnu_arm/10.3_2021.10/bin/../lib/gcc/arm-none-eabi/10.3.1/../../../../arm-none-eabi/lib/thumb/v8-m.main+fp/hard\libc_nano.a(lib_a-lock.o)
 .ARM.attributes
                0x00000abe       0x38 c:/siliconlabs/simplicitystudio/v5/developer/toolchains/gnu_arm/10.3_2021.10/bin/../lib/gcc/arm-none-eabi/10.3.1/../../../../arm-none-eabi/lib/thumb/v8-m.main+fp/hard\libnosys.a(getpid.o)
 .ARM.attributes
                0x00000af6       0x38 c:/siliconlabs/simplicitystudio/v5/developer/toolchains/gnu_arm/10.3_2021.10/bin/../lib/gcc/arm-none-eabi/10.3.1/../../../../arm-none-eabi/lib/thumb/v8-m.main+fp/hard\libnosys.a(kill.o)
 .ARM.attributes
                0x00000b2e       0x38 c:/siliconlabs/simplicitystudio/v5/developer/toolchains/gnu_arm/10.3_2021.10/bin/../lib/gcc/arm-none-eabi/10.3.1/../../../../arm-none-eabi/lib/thumb/v8-m.main+fp/hard\libnosys.a(_exit.o)
 .ARM.attributes
                0x00000b66       0x22 c:/siliconlabs/simplicitystudio/v5/developer/toolchains/gnu_arm/10.3_2021.10/bin/../lib/gcc/arm-none-eabi/10.3.1/thumb/v8-m.main+fp/hard/crtn.o

.comment        0x00000000       0x49
 .comment       0x00000000       0x49 ./innilib/System/GeckoSystem/GeckoSystem.o
                                 0x4a (size before relaxing)
 .comment       0x00000049       0x4a ./innilib/System/GeckoSystem/gecko_sdk_4.2.1/bgm22/startup_bgm22.o
 .comment       0x00000049       0x4a ./innilib/System/GeckoSystem/gecko_sdk_4.2.1/bgm22/system_bgm22.o
 .comment       0x00000049       0x4a ./innilib/System/GeckoSystem/gecko_sdk_4.2.1/common/sl_assert.o
 .comment       0x00000049       0x4a ./innilib/System/GeckoSystem/gecko_sdk_4.2.1/common/sl_memory.o
 .comment       0x00000049       0x4a ./innilib/System/GeckoSystem/gecko_sdk_4.2.1/common/sl_slist.o
 .comment       0x00000049       0x4a ./innilib/System/GeckoSystem/gecko_sdk_4.2.1/emlib/em_cmu.o
 .comment       0x00000049       0x4a ./innilib/System/GeckoSystem/gecko_sdk_4.2.1/emlib/em_core.o
 .comment       0x00000049       0x4a ./innilib/System/GeckoSystem/gecko_sdk_4.2.1/emlib/em_emu.o
 .comment       0x00000049       0x4a ./innilib/System/GeckoSystem/gecko_sdk_4.2.1/emlib/em_i2c.o
 .comment       0x00000049       0x4a ./innilib/System/GeckoSystem/gecko_sdk_4.2.1/emlib/em_ldma.o
 .comment       0x00000049       0x4a ./innilib/System/GeckoSystem/gecko_sdk_4.2.1/emlib/em_rtcc.o
 .comment       0x00000049       0x4a ./innilib/System/GeckoSystem/gecko_sdk_4.2.1/hfxo_manager/sl_hfxo_manager.o
 .comment       0x00000049       0x4a ./innilib/System/GeckoSystem/gecko_sdk_4.2.1/hfxo_manager/sl_hfxo_manager_hal_s2.o
 .comment       0x00000049       0x4a ./innilib/System/GeckoSystem/gecko_sdk_4.2.1/power_manager/sl_power_manager.o
 .comment       0x00000049       0x4a ./innilib/System/GeckoSystem/gecko_sdk_4.2.1/power_manager/sl_power_manager_hal_s2.o
 .comment       0x00000049       0x4a ./innilib/System/GeckoSystem/gecko_sdk_4.2.1/power_manager/sl_power_manager_handler.o
 .comment       0x00000049       0x4a ./innilib/System/GeckoSystem/gecko_sdk_4.2.1/sleeptimer/sl_sleeptimer.o
 .comment       0x00000049       0x4a ./innilib/System/GeckoSystem/gecko_sdk_4.2.1/sleeptimer/sl_sleeptimer_hal_rtcc.o
 .comment       0x00000049       0x4a ./main.o

.debug_info     0x00000000    0x53fdc
 .debug_info    0x00000000    0x362e0 ./innilib/System/GeckoSystem/GeckoSystem.o
 .debug_info    0x000362e0      0x337 ./innilib/System/GeckoSystem/gecko_sdk_4.2.1/bgm22/startup_bgm22.o
 .debug_info    0x00036617     0x1ffe ./innilib/System/GeckoSystem/gecko_sdk_4.2.1/bgm22/system_bgm22.o
 .debug_info    0x00038615       0x86 ./innilib/System/GeckoSystem/gecko_sdk_4.2.1/common/sl_assert.o
 .debug_info    0x0003869b      0x206 ./innilib/System/GeckoSystem/gecko_sdk_4.2.1/common/sl_memory.o
 .debug_info    0x000388a1      0x3e3 ./innilib/System/GeckoSystem/gecko_sdk_4.2.1/common/sl_slist.o