Archive member included to satisfy reference by file (symbol)

c:/siliconlabs/simplicitystudio/v5/developer/toolchains/gnu_arm/10.3_2021.10/bin/../lib/gcc/arm-none-eabi/10.3.1/../../../../arm-none-eabi/lib/thumb/v8-m.main+fp/hard\libstdc++_nano.a(atexit_arm.o)
                              ./innilib/System/GeckoSystem/GeckoSystem.o (__aeabi_atexit)
c:/siliconlabs/simplicitystudio/v5/developer/toolchains/gnu_arm/10.3_2021.10/bin/../lib/gcc/arm-none-eabi/10.3.1/../../../../arm-none-eabi/lib/thumb/v8-m.main+fp/hard\libstdc++_nano.a(del_ops.o)
                              ./innilib/System/GeckoSystem/GeckoSystem.o (operator delete(void*, unsigned int))
c:/siliconlabs/simplicitystudio/v5/developer/toolchains/gnu_arm/10.3_2021.10/bin/../lib/gcc/arm-none-eabi/10.3.1/../../../../arm-none-eabi/lib/thumb/v8-m.main+fp/hard\libstdc++_nano.a(guard.o)
                              ./innilib/System/GeckoSystem/GeckoSystem.o (__cxa_guard_acquire)
c:/siliconlabs/simplicitystudio/v5/developer/toolchains/gnu_arm/10.3_2021.10/bin/../lib/gcc/arm-none-eabi/10.3.1/../../../../arm-none-eabi/lib/thumb/v8-m.main+fp/hard\libstdc++_nano.a(new_op.o)
                              ./innilib/System/GeckoSystem/GeckoSystem.o (operator new(unsigned int))
c:/siliconlabs/simplicitystudio/v5/developer/toolchains/gnu_arm/10.3_2021.10/bin/../lib/gcc/arm-none-eabi/10.3.1/../../../../arm-none-eabi/lib/thumb/v8-m.main+fp/hard\libstdc++_nano.a(functexcept.o)
                              ./innilib/System/GeckoSystem/GeckoSystem.o (std::__throw_bad_alloc())
c:/siliconlabs/simplicitystudio/v5/developer/toolchains/gnu_arm/10.3_2021.10/bin/../lib/gcc/arm-none-eabi/10.3.1/../../../../arm-none-eabi/lib/thumb/v8-m.main+fp/hard\libstdc++_nano.a(functional.o)
                              ./innilib/System/GeckoSystem/GeckoSystem.o (std::__throw_bad_function_call())
c:/siliconlabs/simplicitystudio/v5/developer/toolchains/gnu_arm/10.3_2021.10/bin/../lib/gcc/arm-none-eabi/10.3.1/../../../../arm-none-eabi/lib/thumb/v8-m.main+fp/hard\libstdc++_nano.a(snprintf_lite.o)
                              c:/siliconlabs/simplicitystudio/v5/developer/toolchains/gnu_arm/10.3_2021.10/bin/../lib/gcc/arm-none-eabi/10.3.1/../../../../arm-none-eabi/lib/thumb/v8-m.main+fp/hard\libstdc++_nano.a(functexcept.o) (__gnu_cxx::__snprintf_lite(char*, unsigned int, char const*, std::__va_list))
c:/siliconlabs/simplicitystudio/v5/developer/toolchains/gnu_arm/10.3_2021.10/bin/../lib/gcc/arm-none-eabi/10.3.1/../../../../arm-none-eabi/lib/thumb/v8-m.main+fp/hard\libstdc++_nano.a(del_op.o)
                              c:/siliconlabs/simplicitystudio/v5/developer/toolchains/gnu_arm/10.3_2021.10/bin/../lib/gcc/arm-none-eabi/10.3.1/../../../../arm-none-eabi/lib/thumb/v8-m.main+fp/hard\libstdc++_nano.a(del_ops.o) (operator delete(void*))
c:/siliconlabs/simplicitystudio/v5/developer/toolchains/gnu_arm/10.3_2021.10/bin/../lib/gcc/arm-none-eabi/10.3.1/../../../../arm-none-eabi/lib/thumb/v8-m.main+fp/hard\libstdc++_nano.a(eh_exception.o)
                              c:/siliconlabs/simplicitystudio/v5/developer/toolchains/gnu_arm/10.3_2021.10/bin/../lib/gcc/arm-none-eabi/10.3.1/../../../../arm-none-eabi/lib/thumb/v8-m.main+fp/hard\libstdc++_nano.a(functional.o) (std::exception::~exception())
c:/siliconlabs/simplicitystudio/v5/developer/toolchains/gnu_arm/10.3_2021.10/bin/../lib/gcc/arm-none-eabi/10.3.1/../../../../arm-none-eabi/lib/thumb/v8-m.main+fp/hard\libstdc++_nano.a(new_handler.o)
                              c:/siliconlabs/simplicitystudio/v5/developer/toolchains/gnu_arm/10.3_2021.10/bin/../lib/gcc/arm-none-eabi/10.3.1/../../../../arm-none-eabi/lib/thumb/v8-m.main+fp/hard\libstdc++_nano.a(new_op.o) (std::get_new_handler())
c:/siliconlabs/simplicitystudio/v5/developer/toolchains/gnu_arm/10.3_2021.10/bin/../lib/gcc/arm-none-eabi/10.3.1/../../../../arm-none-eabi/lib/thumb/v8-m.main+fp/hard\libstdc++_nano.a(pure.o)
                              c:/siliconlabs/simplicitystudio/v5/developer/toolchains/gnu_arm/10.3_2021.10/bin/../lib/gcc/arm-none-eabi/10.3.1/../../../../arm-none-eabi/lib/thumb/v8-m.main+fp/hard\libstdc++_nano.a(eh_exception.o) (__cxa_pure_virtual)
c:/siliconlabs/simplicitystudio/v5/developer/toolchains/gnu_arm/10.3_2021.10/bin/../lib/gcc/arm-none-eabi/10.3.1/../../../../arm-none-eabi/lib/thumb/v8-m.main+fp/hard\libstdc++_nano.a(si_class_type_info.o)
                              c:/siliconlabs/simplicitystudio/v5/developer/toolchains/gnu_arm/10.3_2021.10/bin/../lib/gcc/arm-none-eabi/10.3.1/../../../../arm-none-eabi/lib/thumb/v8-m.main+fp/hard\libstdc++_nano.a(functional.o) (vtable for __cxxabiv1::__si_class_type_info)
c:/siliconlabs/simplicitystudio/v5/developer/toolchains/gnu_arm/10.3_2021.10/bin/../lib/gcc/arm-none-eabi/10.3.1/../../../../arm-none-eabi/lib/thumb/v8-m.main+fp/hard\libstdc++_nano.a(tinfo.o)
[...]
Memory Configuration

Name             Origin             Length             Attributes
FLASH            0x00000000         0x0007e000         xr
RAM              0x20000000         0x00008000         xrw
*default*        0x00000000         0xffffffff

Linker script and memory map

LOAD c:/siliconlabs/simplicitystudio/v5/developer/toolchains/gnu_arm/10.3_2021.10/bin/../lib/gcc/arm-none-eabi/10.3.1/thumb/v8-m.main+fp/hard/crti.o
LOAD c:/siliconlabs/simplicitystudio/v5/developer/toolchains/gnu_arm/10.3_2021.10/bin/../lib/gcc/arm-none-eabi/10.3.1/thumb/v8-m.main+fp/hard/crtbegin.o
LOAD c:/siliconlabs/simplicitystudio/v5/developer/toolchains/gnu_arm/10.3_2021.10/bin/../lib/gcc/arm-none-eabi/10.3.1/../../../../arm-none-eabi/lib/thumb/v8-m.main+fp/hard/crt0.o
START GROUP
LOAD ./innilib/Components/Motor/InfineonMotor/InfineonMotor.o
LOAD ./innilib/Components/Motor/InfineonMotor/InfineonMotorMain.o
LOAD ./innilib/System/GeckoSystem/GeckoSystem.o
LOAD ./innilib/System/GeckoSystem/GeckoSystemTests.o
LOAD ./innilib/System/GeckoSystem/gecko_sdk_4.2.1/bgm22/startup_bgm22.o
LOAD ./innilib/System/GeckoSystem/gecko_sdk_4.2.1/bgm22/system_bgm22.o
LOAD ./innilib/System/GeckoSystem/gecko_sdk_4.2.1/common/sl_assert.o
LOAD ./innilib/System/GeckoSystem/gecko_sdk_4.2.1/common/sl_memory.o
LOAD ./innilib/System/GeckoSystem/gecko_sdk_4.2.1/common/sl_slist.o
LOAD ./innilib/System/GeckoSystem/gecko_sdk_4.2.1/emlib/em_burtc.o
LOAD ./innilib/System/GeckoSystem/gecko_sdk_4.2.1/emlib/em_cmu.o
LOAD ./innilib/System/GeckoSystem/gecko_sdk_4.2.1/emlib/em_core.o
LOAD ./innilib/System/GeckoSystem/gecko_sdk_4.2.1/emlib/em_emu.o
LOAD ./innilib/System/GeckoSystem/gecko_sdk_4.2.1/emlib/em_eusart.o
LOAD ./innilib/System/GeckoSystem/gecko_sdk_4.2.1/emlib/em_gpcrc.o
LOAD ./innilib/System/GeckoSystem/gecko_sdk_4.2.1/emlib/em_gpio.o
LOAD ./innilib/System/GeckoSystem/gecko_sdk_4.2.1/emlib/em_i2c.o
LOAD ./innilib/System/GeckoSystem/gecko_sdk_4.2.1/emlib/em_iadc.o
LOAD ./innilib/System/GeckoSystem/gecko_sdk_4.2.1/emlib/em_ldma.o
LOAD ./innilib/System/GeckoSystem/gecko_sdk_4.2.1/emlib/em_letimer.o
LOAD ./innilib/System/GeckoSystem/gecko_sdk_4.2.1/emlib/em_msc.o
LOAD ./innilib/System/GeckoSystem/gecko_sdk_4.2.1/emlib/em_pdm.o
LOAD ./innilib/System/GeckoSystem/gecko_sdk_4.2.1/emlib/em_prs.o
LOAD ./innilib/System/GeckoSystem/gecko_sdk_4.2.1/emlib/em_rmu.o
LOAD ./innilib/System/GeckoSystem/gecko_sdk_4.2.1/emlib/em_rtcc.o
LOAD ./innilib/System/GeckoSystem/gecko_sdk_4.2.1/emlib/em_system.o
LOAD ./innilib/System/GeckoSystem/gecko_sdk_4.2.1/emlib/em_timer.o
LOAD ./innilib/System/GeckoSystem/gecko_sdk_4.2.1/emlib/em_usart.o
LOAD ./innilib/System/GeckoSystem/gecko_sdk_4.2.1/emlib/em_wdog.o
LOAD ./innilib/System/GeckoSystem/gecko_sdk_4.2.1/hfxo_manager/sl_hfxo_manager.o
LOAD ./innilib/System/GeckoSystem/gecko_sdk_4.2.1/hfxo_manager/sl_hfxo_manager_hal_s2.o
LOAD ./innilib/System/GeckoSystem/gecko_sdk_4.2.1/power_manager/sl_power_manager.o
LOAD ./innilib/System/GeckoSystem/gecko_sdk_4.2.1/power_manager/sl_power_manager_debug.o
LOAD ./innilib/System/GeckoSystem/gecko_sdk_4.2.1/power_manager/sl_power_manager_hal_s2.o
LOAD ./innilib/System/GeckoSystem/gecko_sdk_4.2.1/power_manager/sl_power_manager_handler.o
LOAD ./innilib/System/GeckoSystem/gecko_sdk_4.2.1/sleeptimer/sl_sleeptimer.o
LOAD ./innilib/System/GeckoSystem/gecko_sdk_4.2.1/sleeptimer/sl_sleeptimer_hal_rtcc.o
LOAD ./main.o
LOAD c:/siliconlabs/simplicitystudio/v5/developer/toolchains/gnu_arm/10.3_2021.10/bin/../lib/gcc/arm-none-eabi/10.3.1/../../../../arm-none-eabi/lib/thumb/v8-m.main+fp/hard\libstdc++_nano.a
LOAD c:/siliconlabs/simplicitystudio/v5/developer/toolchains/gnu_arm/10.3_2021.10/bin/../lib/gcc/arm-none-eabi/10.3.1/thumb/v8-m.main+fp/hard\libgcc.a
LOAD c:/siliconlabs/simplicitystudio/v5/developer/toolchains/gnu_arm/10.3_2021.10/bin/../lib/gcc/arm-none-eabi/10.3.1/../../../../arm-none-eabi/lib/thumb/v8-m.main+fp/hard\libnosys.a
END GROUP
START GROUP
LOAD c:/siliconlabs/simplicitystudio/v5/developer/toolchains/gnu_arm/10.3_2021.10/bin/../lib/gcc/arm-none-eabi/10.3.1/thumb/v8-m.main+fp/hard\libgcc.a
LOAD c:/siliconlabs/simplicitystudio/v5/developer/toolchains/gnu_arm/10.3_2021.10/bin/../lib/gcc/arm-none-eabi/10.3.1/../../../../arm-none-eabi/lib/thumb/v8-m.main+fp/hard\libc_nano.a
LOAD c:/siliconlabs/simplicitystudio/v5/developer/toolchains/gnu_arm/10.3_2021.10/bin/../lib/gcc/arm-none-eabi/10.3.1/../../../../arm-none-eabi/lib/thumb/v8-m.main+fp/hard\libnosys.a
END GROUP
LOAD c:/siliconlabs/simplicitystudio/v5/developer/toolchains/gnu_arm/10.3_2021.10/bin/../lib/gcc/arm-none-eabi/10.3.1/../../../../arm-none-eabi/lib/thumb/v8-m.main+fp/hard\libstdc++_nano.a
LOAD c:/siliconlabs/simplicitystudio/v5/developer/toolchains/gnu_arm/10.3_2021.10/bin/../lib/gcc/arm-none-eabi/10.3.1/../../../../arm-none-eabi/lib/thumb/v8-m.main+fp/hard\libm.a
LOAD c:/siliconlabs/simplicitystudio/v5/developer/toolchains/gnu_arm/10.3_2021.10/bin/../lib/gcc/arm-none-eabi/10.3.1/../../../../arm-none-eabi/lib/thumb/v8-m.main+fp/hard\libc_nano.a
START GROUP
LOAD c:/siliconlabs/simplicitystudio/v5/developer/toolchains/gnu_arm/10.3_2021.10/bin/../lib/gcc/arm-none-eabi/10.3.1/thumb/v8-m.main+fp/hard\libgcc.a
LOAD c:/siliconlabs/simplicitystudio/v5/developer/toolchains/gnu_arm/10.3_2021.10/bin/../lib/gcc/arm-none-eabi/10.3.1/../../../../arm-none-eabi/lib/thumb/v8-m.main+fp/hard\libg_nano.a
LOAD c:/siliconlabs/simplicitystudio/v5/developer/toolchains/gnu_arm/10.3_2021.10/bin/../lib/gcc/arm-none-eabi/10.3.1/../../../../arm-none-eabi/lib/thumb/v8-m.main+fp/hard\libc_nano.a
END GROUP
START GROUP
LOAD c:/siliconlabs/simplicitystudio/v5/developer/toolchains/gnu_arm/10.3_2021.10/bin/../lib/gcc/arm-none-eabi/10.3.1/thumb/v8-m.main+fp/hard\libgcc.a
LOAD c:/siliconlabs/simplicitystudio/v5/developer/toolchains/gnu_arm/10.3_2021.10/bin/../lib/gcc/arm-none-eabi/10.3.1/../../../../arm-none-eabi/lib/thumb/v8-m.main+fp/hard\libc_nano.a
LOAD c:/siliconlabs/simplicitystudio/v5/developer/toolchains/gnu_arm/10.3_2021.10/bin/../lib/gcc/arm-none-eabi/10.3.1/../../../../arm-none-eabi/lib/thumb/v8-m.main+fp/hard\libnosys.a
END GROUP
START GROUP
LOAD c:/siliconlabs/simplicitystudio/v5/developer/toolchains/gnu_arm/10.3_2021.10/bin/../lib/gcc/arm-none-eabi/10.3.1/thumb/v8-m.main+fp/hard\libgcc.a
LOAD c:/siliconlabs/simplicitystudio/v5/developer/toolchains/gnu_arm/10.3_2021.10/bin/../lib/gcc/arm-none-eabi/10.3.1/../../../../arm-none-eabi/lib/thumb/v8-m.main+fp/hard\libc_nano.a
LOAD c:/siliconlabs/simplicitystudio/v5/developer/toolchains/gnu_arm/10.3_2021.10/bin/../lib/gcc/arm-none-eabi/10.3.1/../../../../arm-none-eabi/lib/thumb/v8-m.main+fp/hard\libnosys.a
END GROUP
LOAD c:/siliconlabs/simplicitystudio/v5/developer/toolchains/gnu_arm/10.3_2021.10/bin/../lib/gcc/arm-none-eabi/10.3.1/thumb/v8-m.main+fp/hard/crtend.o
LOAD c:/siliconlabs/simplicitystudio/v5/developer/toolchains/gnu_arm/10.3_2021.10/bin/../lib/gcc/arm-none-eabi/10.3.1/thumb/v8-m.main+fp/hard/crtn.o

.text           0x00000000     0x6ca4
                0x00000000                linker_vectors_begin = .
 *(.vectors)
 .vectors       0x00000000      0x140 ./innilib/System/GeckoSystem/gecko_sdk_4.2.1/bgm22/startup_bgm22.o
                0x00000000                __Vectors
                0x00000140                linker_vectors_end = .
                0x00000140                __Vectors_End = .
                0x00000140                __Vectors_Size = (__Vectors_End - __Vectors)
                0x00000140                linker_code_begin = .
 *(.text*)
 .text          0x00000140       0x40 c:/siliconlabs/simplicitystudio/v5/developer/toolchains/gnu_arm/10.3_2021.10/bin/../lib/gcc/arm-none-eabi/10.3.1/thumb/v8-m.main+fp/hard/crtbegin.o
 .text          0x00000180       0x7c c:/siliconlabs/simplicitystudio/v5/developer/toolchains/gnu_arm/10.3_2021.10/bin/../lib/gcc/arm-none-eabi/10.3.1/../../../../arm-none-eabi/lib/thumb/v8-m.main+fp/hard/crt0.o
                0x00000180                _stack_init
                0x00000188                _start
                0x00000188                _mainCRTStartup
 .text._ZN8innirion13InfineonMotorC2Ev
                0x000001fc       0x88 ./innilib/Components/Motor/InfineonMotor/InfineonMotor.o
                0x000001fc                innirion::InfineonMotor::InfineonMotor()
                0x000001fc                innirion::InfineonMotor::InfineonMotor()
 .text._ZN8innirion13InfineonMotor12ReadRegisterEhh
                0x00000284       0x60 ./innilib/Components/Motor/InfineonMotor/InfineonMotor.o
                0x00000284                innirion::InfineonMotor::ReadRegister(unsigned char, unsigned char)
 .text._ZN8innirion13InfineonMotor10ClearFaultEv
                0x000002e4       0x54 ./innilib/Components/Motor/InfineonMotor/InfineonMotor.o
                0x000002e4                innirion::InfineonMotor::ClearFault()
 .text._ZN8innirion13InfineonMotor12MotorControlEs
                0x00000338       0x54 ./innilib/Components/Motor/InfineonMotor/InfineonMotor.o
                0x00000338                innirion::InfineonMotor::MotorControl(short)
 .text._ZN8innirion11AdcObserver19ComparatorTriggeredEf
                0x0000038c        0x4 ./innilib/System/GeckoSystem/GeckoSystem.o
                0x0000038c                innirion::AdcObserver::ComparatorTriggered(float)
 .text._ZN8innirion19UartReceiveObserver43UartReceiveFrameCompletedInInterruptContextEm
                0x00000390        0x4 ./innilib/System/GeckoSystem/GeckoSystem.o
                0x00000390                innirion::UartReceiveObserver::UartReceiveFrameCompletedInInterruptContext(unsigned long)
 .text._ZN8innirion18GeckoSchedulerImpl5ResetEv
                0x00000394       0x24 ./innilib/System/GeckoSystem/GeckoSystem.o
                0x00000394                innirion::GeckoSchedulerImpl::Reset()
 .text._ZN8innirion18GeckoSchedulerImpl13EnterCriticalEv
                0x000003b8        0xc ./innilib/System/GeckoSystem/GeckoSystem.o
                0x000003b8                innirion::GeckoSchedulerImpl::EnterCritical()
 .text._ZN8innirion18GeckoSchedulerImpl12ExitCriticalEv
                0x000003c4        0x8 ./innilib/System/GeckoSystem/GeckoSystem.o
                0x000003c4                innirion::GeckoSchedulerImpl::ExitCritical()
 .text._ZNSt17_Function_handlerIFvvEZN8innirion12_GLOBAL__N_110DmaManager9HandleIrqEmEUlvE_E9_M_invokeERKSt9_Any_data
                0x000003cc        0x8 ./innilib/System/GeckoSystem/GeckoSystem.o
 .text._ZNSt17_Function_handlerIFvvEZN8innirion12_GLOBAL__N_111GeckoI2cNewILi0EE9HandleIrqEvEUlvE_E9_M_invokeERKSt9_Any_data
                0x000003d4       0x10 ./innilib/System/GeckoSystem/GeckoSystem.o
 .text._ZNSt17_Function_handlerIFvvEZN8innirion12_GLOBAL__N_111GeckoI2cNewILi0EE9HandleIrqEvEUlvE0_E9_M_invokeERKSt9_Any_data
                0x000003e4        0xc ./innilib/System/GeckoSystem/GeckoSystem.o
 .text._ZNSt17_Function_handlerIFvvEZN8innirion12_GLOBAL__N_111GeckoI2cNewILi1EE9HandleIrqEvEUlvE_E9_M_invokeERKSt9_Any_data
                0x000003f0       0x10 ./innilib/System/GeckoSystem/GeckoSystem.o
 .text._ZNSt17_Function_handlerIFvvEZN8innirion12_GLOBAL__N_111GeckoI2cNewILi1EE9HandleIrqEvEUlvE0_E9_M_invokeERKSt9_Any_data
                0x00000400        0xc ./innilib/System/GeckoSystem/GeckoSystem.o
 .text._ZNSt17_Function_handlerIFvvEZN8innirion12_GLOBAL__N_116GeckoDmaUartImplILi0EE9HandleIrqEvEUlvE_E9_M_invokeERKSt9_Any_data
                0x0000040c       0x18 ./innilib/System/GeckoSystem/GeckoSystem.o
 .text._ZNSt17_Function_handlerIFvvEZN8innirion12_GLOBAL__N_116GeckoDmaUartImplILi1EE9HandleIrqEvEUlvE_E9_M_invokeERKSt9_Any_data
                0x00000424       0x18 ./innilib/System/GeckoSystem/GeckoSystem.o
 .text._ZN8innirion12_GLOBAL__N_116GeckoDmaUartImplILi1EE19SetTransmitObserverEPNS_20UartTransmitObserverE
                0x0000043c        0xc ./innilib/System/GeckoSystem/GeckoSystem.o
 .text._ZN8innirion12_GLOBAL__N_116GeckoDmaUartImplILi1EE18SetReceiveObserverEPNS_19UartReceiveObserverE
                0x00000448        0xc ./innilib/System/GeckoSystem/GeckoSystem.o
 .text._ZN8innirion12_GLOBAL__N_116GeckoDmaUartImplILi1EE19DmaTransferFinishedEv
                0x00000454       0x14 ./innilib/System/GeckoSystem/GeckoSystem.o
 .text._ZN8innirion12_GLOBAL__N_116GeckoDmaUartImplILi0EE19SetTransmitObserverEPNS_20UartTransmitObserverE
                0x00000468        0xc ./innilib/System/GeckoSystem/GeckoSystem.o
 .text._ZN8innirion12_GLOBAL__N_116GeckoDmaUartImplILi0EE18SetReceiveObserverEPNS_19UartReceiveObserverE
                0x00000474        0xc ./innilib/System/GeckoSystem/GeckoSystem.o
 .text._ZN8innirion12_GLOBAL__N_116GeckoDmaUartImplILi0EE19DmaTransferFinishedEv
                0x00000480       0x14 ./innilib/System/GeckoSystem/GeckoSystem.o
 .text._ZN8innirion18GeckoSchedulerImpl5SleepEv
                0x00000494        0x4 ./innilib/System/GeckoSystem/GeckoSystem.o
                0x00000494                innirion::GeckoSchedulerImpl::Sleep()
 .text._ZN8innirion10GeckoTimer4StopEv
                0x00000498        0x8 ./innilib/System/GeckoSystem/GeckoSystem.o
                0x00000498                innirion::GeckoTimer::Stop()
 .text._ZN8innirion12_GLOBAL__N_122PortToMemoryDmaChannel13StartTransferENS_6RegionE
                0x000004a0       0x28 ./innilib/System/GeckoSystem/GeckoSystem.o
 .text._ZN8innirion12_GLOBAL__N_122MemoryToPortDmaChannel13StartTransferENS_6RegionE
                0x000004c8       0x28 ./innilib/System/GeckoSystem/GeckoSystem.o
 .text._ZN8innirion12_GLOBAL__N_122PortToMemoryDmaChannel12StopTransferEv
                0x000004f0        0x8 ./innilib/System/GeckoSystem/GeckoSystem.o
 .text._ZN8innirion12_GLOBAL__N_116GeckoDmaUartImplILi0EE13StopReceivingEv
                0x000004f8       0x1c ./innilib/System/GeckoSystem/GeckoSystem.o
 .text._ZN8innirion12_GLOBAL__N_116GeckoDmaUartImplILi1EE13StopReceivingEv
                0x00000514       0x1c ./innilib/System/GeckoSystem/GeckoSystem.o
 .text._ZN8innirion12_GLOBAL__N_122MemoryToPortDmaChannel12StopTransferEv
                0x00000530        0x8 ./innilib/System/GeckoSystem/GeckoSystem.o
 .text._ZNSt17_Function_handlerIFvvEZN8innirion12_GLOBAL__N_110DmaManager9HandleIrqEmEUlvE_E10_M_managerERSt9_Any_dataRKS6_St18_Manager_operation
                0x00000538       0x18 ./innilib/System/GeckoSystem/GeckoSystem.o
 .text._ZNSt17_Function_handlerIFvvEZN8innirion12_GLOBAL__N_116GeckoDmaUartImplILi0EE9HandleIrqEvEUlvE_E10_M_managerERSt9_Any_dataRKS7_St18_Manager_operation
                0x00000550       0x18 ./innilib/System/GeckoSystem/GeckoSystem.o
 .text._ZNSt17_Function_handlerIFvvEZN8innirion12_GLOBAL__N_116GeckoDmaUartImplILi1EE9HandleIrqEvEUlvE_E10_M_managerERSt9_Any_dataRKS7_St18_Manager_operation
                0x00000568       0x18 ./innilib/System/GeckoSystem/GeckoSystem.o
 .text._ZNSt17_Function_handlerIFvvEZN8innirion12_GLOBAL__N_111GeckoI2cNewILi1EE9HandleIrqEvEUlvE0_E10_M_managerERSt9_Any_dataRKS7_St18_Manager_operation
                0x00000580       0x1c ./innilib/System/GeckoSystem/GeckoSystem.o
 .text._ZNSt17_Function_handlerIFvvEZN8innirion12_GLOBAL__N_111GeckoI2cNewILi1EE9HandleIrqEvEUlvE_E10_M_managerERSt9_Any_dataRKS7_St18_Manager_operation
                0x0000059c       0x1c ./innilib/System/GeckoSystem/GeckoSystem.o
 .text._ZNSt17_Function_handlerIFvvEZN8innirion12_GLOBAL__N_111GeckoI2cNewILi0EE9HandleIrqEvEUlvE0_E10_M_managerERSt9_Any_dataRKS7_St18_Manager_operation
                0x000005b8       0x1c ./innilib/System/GeckoSystem/GeckoSystem.o
 .text._ZNSt17_Function_handlerIFvvEZN8innirion12_GLOBAL__N_111GeckoI2cNewILi0EE9HandleIrqEvEUlvE_E10_M_managerERSt9_Any_dataRKS7_St18_Manager_operation
                0x000005d4       0x1c ./innilib/System/GeckoSystem/GeckoSystem.o
 .text._ZN8innirion12_GLOBAL__N_122PortToMemoryDmaChannel4BusyEv
                0x000005f0       0x24 ./innilib/System/GeckoSystem/GeckoSystem.o
 .text._ZN8innirion12_GLOBAL__N_122MemoryToPortDmaChannel4BusyEv
                0x00000614       0x24 ./innilib/System/GeckoSystem/GeckoSystem.o
 .text._ZN8innirion12_GLOBAL__N_116GeckoDmaUartImplILi1EE8TransmitENS_6RegionE
                0x00000638       0x84 ./innilib/System/GeckoSystem/GeckoSystem.o
 .text._ZN8innirion12_GLOBAL__N_116GeckoDmaUartImplILi0EE8TransmitENS_6RegionE
                0x000006bc       0x84 ./innilib/System/GeckoSystem/GeckoSystem.o
 .text._ZN8innirion12_GLOBAL__N_116GeckoDmaUartImplILi1EE12ReceiveFrameENS_6RegionEj
                0x00000740       0xa8 ./innilib/System/GeckoSystem/GeckoSystem.o
 .text._ZN8innirion12_GLOBAL__N_116GeckoDmaUartImplILi0EE30ReceiveFrameInInterruptContextENS_6RegionEj
                0x000007e8       0xa8 ./innilib/System/GeckoSystem/GeckoSystem.o
 .text._ZThn4_N8innirion12_GLOBAL__N_116GeckoDmaUartImplILi0EE19DmaTransferFinishedEv
                0x00000890       0x14 ./innilib/System/GeckoSystem/GeckoSystem.o
 .text._ZThn4_N8innirion12_GLOBAL__N_116GeckoDmaUartImplILi1EE19DmaTransferFinishedEv
                0x000008a4       0x14 ./innilib/System/GeckoSystem/GeckoSystem.o
 .text._ZN8innirion12_GLOBAL__N_116configureDmaUartEP13USART_TypeDefm4IRQnS3_RNS_10UartConfigEi
                0x000008b8       0xdc ./innilib/System/GeckoSystem/GeckoSystem.o
 .text._ZN8innirion12_GLOBAL__N_116GeckoDmaUartImplILi1EE30ReceiveFrameInInterruptContextENS_6RegionEj
                0x00000994       0xa8 ./innilib/System/GeckoSystem/GeckoSystem.o
 .text._ZN8innirion12_GLOBAL__N_116GeckoDmaUartImplILi0EE12ReceiveFrameENS_6RegionEj
                0x00000a3c       0xa8 ./innilib/System/GeckoSystem/GeckoSystem.o
 .text._ZN8innirion18GeckoSchedulerImpl3RunEv
                0x00000ae4       0xa8 ./innilib/System/GeckoSystem/GeckoSystem.o
                0x00000ae4                innirion::GeckoSchedulerImpl::Run()
 .text._ZN8innirion10GeckoTimer4tickEjSt8functionIFvvEE
                0x00000b8c       0x7c ./innilib/System/GeckoSystem/GeckoSystem.o
                0x00000b8c                innirion::GeckoTimer::tick(unsigned int, std::function<void ()>)
 .text._ZN8innirion18GeckoSchedulerImplD2Ev
                0x00000c08       0xd0 ./innilib/System/GeckoSystem/GeckoSystem.o
                0x00000c08                innirion::GeckoSchedulerImpl::~GeckoSchedulerImpl()
                0x00000c08                innirion::GeckoSchedulerImpl::~GeckoSchedulerImpl()
 .text._ZN8innirion10GeckoTimer4waitEjSt8functionIFvvEE
                0x00000cd8       0x88 ./innilib/System/GeckoSystem/GeckoSystem.o
                0x00000cd8                innirion::GeckoTimer::wait(unsigned int, std::function<void ()>)
 .text._ZN8innirion18GeckoSchedulerImplC2EONS_14GeckoScheduler9McuConfigE
                0x00000d60      0x210 ./innilib/System/GeckoSystem/GeckoSystem.o
                0x00000d60                innirion::GeckoSchedulerImpl::GeckoSchedulerImpl(innirion::GeckoScheduler::McuConfig&&)
                0x00000d60                innirion::GeckoSchedulerImpl::GeckoSchedulerImpl(innirion::GeckoScheduler::McuConfig&&)
 .text._ZN8innirion14GeckoScheduler4InitEONS0_9McuConfigE
                0x00000f70       0x54 ./innilib/System/GeckoSystem/GeckoSystem.o
                0x00000f70                innirion::GeckoScheduler::Init(innirion::GeckoScheduler::McuConfig&&)
 .text.app_is_ok_to_sleep
                0x00000fc4       0x18 ./innilib/System/GeckoSystem/GeckoSystem.o
                0x00000fc4                app_is_ok_to_sleep
 .text.app_sleep_on_isr_exit
                0x00000fdc       0x18 ./innilib/System/GeckoSystem/GeckoSystem.o
                0x00000fdc                app_sleep_on_isr_exit
 .text._ZN8innirion10GeckoTimerC2Ev
                0x00000ff4       0x20 ./innilib/System/GeckoSystem/GeckoSystem.o
                0x00000ff4                innirion::GeckoTimer::GeckoTimer()
                0x00000ff4                innirion::GeckoTimer::GeckoTimer()
 .text._ZN8innirion10GeckoTimerD2Ev
                0x00001014       0x30 ./innilib/System/GeckoSystem/GeckoSystem.o
                0x00001014                innirion::GeckoTimer::~GeckoTimer()
                0x00001014                innirion::GeckoTimer::~GeckoTimer()
 .text.IADC_IRQHandler
                0x00001044       0x7c ./innilib/System/GeckoSystem/GeckoSystem.o
                0x00001044                IADC_IRQHandler
 .text._ZN8innirion9GeckoUartEONS_10UartConfigE
                0x000010c0      0x360 ./innilib/System/GeckoSystem/GeckoSystem.o
                0x000010c0                innirion::GeckoUart(innirion::UartConfig&&)
 .text.USART0_TX_IRQHandler
                0x00001420       0x40 ./innilib/System/GeckoSystem/GeckoSystem.o
                0x00001420                USART0_TX_IRQHandler
 .text.USART1_TX_IRQHandler
                0x00001460       0x40 ./innilib/System/GeckoSystem/GeckoSystem.o
                0x00001460                USART1_TX_IRQHandler
 .text.EUART0_RX_IRQHandler
                0x000014a0       0x3c ./innilib/System/GeckoSystem/GeckoSystem.o
                0x000014a0                EUART0_RX_IRQHandler
 .text.EUART0_TX_IRQHandler
                0x000014dc       0x30 ./innilib/System/GeckoSystem/GeckoSystem.o
                0x000014dc                EUART0_TX_IRQHandler
 .text._ZNSt5dequeISt8functionIFvvEESaIS2_EE17_M_reallocate_mapEjb
                0x0000150c       0xc8 ./innilib/System/GeckoSystem/GeckoSystem.o
                0x0000150c                std::deque<std::function<void ()>, std::allocator<std::function<void ()> > >::_M_reallocate_map(unsigned int, bool)
 .text._ZN8innirion18GeckoSchedulerImpl15RequestTimeSlotESt8functionIFvvEE
                0x000015d4       0xd0 ./innilib/System/GeckoSystem/GeckoSystem.o
                0x000015d4                innirion::GeckoSchedulerImpl::RequestTimeSlot(std::function<void ()>)
 .text.LDMA_IRQHandler
                0x000016a4      0x164 ./innilib/System/GeckoSystem/GeckoSystem.o
                0x000016a4                LDMA_IRQHandler
 .text.GPIO_ODD_IRQHandler
                0x00001808      0x190 ./innilib/System/GeckoSystem/GeckoSystem.o
                0x00001808                GPIO_ODD_IRQHandler
 .text.GPIO_EVEN_IRQHandler
                0x00001998      0x190 ./innilib/System/GeckoSystem/GeckoSystem.o
                0x00001998                GPIO_EVEN_IRQHandler
 .text.timer_cb
                0x00001b28      0x108 ./innilib/System/GeckoSystem/GeckoSystem.o
                0x00001b28                timer_cb
 .text.USART1_RX_IRQHandler
                0x00001c30      0x170 ./innilib/System/GeckoSystem/GeckoSystem.o
                0x00001c30                USART1_RX_IRQHandler
 .text.USART0_RX_IRQHandler
                0x00001da0      0x170 ./innilib/System/GeckoSystem/GeckoSystem.o
                0x00001da0                USART0_RX_IRQHandler
 .text.I2C1_IRQHandler
                0x00001f10      0x2c8 ./innilib/System/GeckoSystem/GeckoSystem.o
                0x00001f10                I2C1_IRQHandler
 .text.I2C0_IRQHandler
                0x000021d8      0x2c8 ./innilib/System/GeckoSystem/GeckoSystem.o
                0x000021d8                I2C0_IRQHandler
 .text.startup._GLOBAL__sub_I__ZN8innirion14GeckoScheduler4InitEONS0_9McuConfigE
                0x000024a0       0x48 ./innilib/System/GeckoSystem/GeckoSystem.o
 .text.Default_Handler
                0x000024e8        0x4 ./innilib/System/GeckoSystem/gecko_sdk_4.2.1/bgm22/startup_bgm22.o
                0x000024e8                ULFRCO_IRQHandler
                0x000024e8                SW2_IRQHandler
                0x000024e8                TIMER2_IRQHandler
                0x000024e8                DebugMon_Handler
                0x000024e8                PKE_IRQHandler
                0x000024e8                PRORTC_IRQHandler
                0x000024e8                LFXO_IRQHandler
                0x000024e8                CRYPTOACC_IRQHandler
                0x000024e8                HardFault_Handler
                0x000024e8                SMU_SECURE_IRQHandler
                0x000024e8                SysTick_Handler
                0x000024e8                EMUEFP_IRQHandler
                0x000024e8                PendSV_Handler
                0x000024e8                NMI_Handler
                0x000024e8                SYNTH_IRQHandler
                0x000024e8                PDM_IRQHandler
                0x000024e8                WDOG0_IRQHandler
                0x000024e8                TIMER3_IRQHandler
                0x000024e8                SYSCFG_IRQHandler
                0x000024e8                EMUSE_IRQHandler
                0x000024e8                EMUDG_IRQHandler
                0x000024e8                MSC_IRQHandler
                0x000024e8                DPLL0_IRQHandler
                0x000024e8                UsageFault_Handler
                0x000024e8                M33CTI1_IRQHandler
                0x000024e8                TIMER4_IRQHandler
                0x000024e8                SW0_IRQHandler
                0x000024e8                TIMER0_IRQHandler
                0x000024e8                LETIMER0_IRQHandler
                0x000024e8                TIMER1_IRQHandler
                0x000024e8                HFRCO0_IRQHandler
                0x000024e8                RFSENSE_IRQHandler
                0x000024e8                SecureFault_Handler
                0x000024e8                BUFC_IRQHandler
                0x000024e8                DCDC_IRQHandler
                0x000024e8                MODEM_IRQHandler
                0x000024e8                Default_Handler
                0x000024e8                RAC_SEQ_IRQHandler
                0x000024e8                FRC_PRI_IRQHandler
                0x000024e8                EMU_IRQHandler
                0x000024e8                SW3_IRQHandler
                0x000024e8                KERNEL0_IRQHandler
                0x000024e8                FRC_IRQHandler
                0x000024e8                KERNEL1_IRQHandler
                0x000024e8                AGC_IRQHandler
                0x000024e8                sl_app_properties
                0x000024e8                BURTC_IRQHandler
                0x000024e8                LFRCO_IRQHandler
                0x000024e8                MemManage_Handler
                0x000024e8                RDMAILBOX_IRQHandler
                0x000024e8                SVC_Handler
                0x000024e8                SMU_S_PRIVILEGED_IRQHandler
                0x000024e8                SW1_IRQHandler
                0x000024e8                CMU_IRQHandler
                0x000024e8                RAC_RSM_IRQHandler
                0x000024e8                AES_IRQHandler
                0x000024e8                M33CTI0_IRQHandler
                0x000024e8                ICACHE0_IRQHandler
                0x000024e8                SMU_NS_PRIVILEGED_IRQHandler
                0x000024e8                PROTIMER_IRQHandler
                0x000024e8                BusFault_Handler
                0x000024e8                TRNG_IRQHandler
 .text.Reset_Handler
                0x000024ec       0x90 ./innilib/System/GeckoSystem/gecko_sdk_4.2.1/bgm22/startup_bgm22.o
                0x000024ec                Reset_Handler
 .text.SystemInit
                0x0000257c       0x68 ./innilib/System/GeckoSystem/gecko_sdk_4.2.1/bgm22/system_bgm22.o
                0x0000257c                SystemInit
 .text.SystemHFRCODPLLClockGet
                0x000025e4        0xc ./innilib/System/GeckoSystem/gecko_sdk_4.2.1/bgm22/system_bgm22.o
                0x000025e4                SystemHFRCODPLLClockGet
 .text.SystemHFRCODPLLClockSet
                0x000025f0        0xc ./innilib/System/GeckoSystem/gecko_sdk_4.2.1/bgm22/system_bgm22.o
                0x000025f0                SystemHFRCODPLLClockSet
 .text.SystemSYSCLKGet
                0x000025fc       0x38 ./innilib/System/GeckoSystem/gecko_sdk_4.2.1/bgm22/system_bgm22.o
                0x000025fc                SystemSYSCLKGet
 .text.SystemHCLKGet
                0x00002634       0x4c ./innilib/System/GeckoSystem/gecko_sdk_4.2.1/bgm22/system_bgm22.o
                0x00002634                SystemHCLKGet
 .text.SystemMaxCoreClockGet
                0x00002680        0x8 ./innilib/System/GeckoSystem/gecko_sdk_4.2.1/bgm22/system_bgm22.o
                0x00002680                SystemMaxCoreClockGet
 .text.SystemHFXOClockGet
                0x00002688        0xc ./innilib/System/GeckoSystem/gecko_sdk_4.2.1/bgm22/system_bgm22.o
                0x00002688                SystemHFXOClockGet
 .text.SystemHFXOClockSet
                0x00002694       0x20 ./innilib/System/GeckoSystem/gecko_sdk_4.2.1/bgm22/system_bgm22.o
                0x00002694                SystemHFXOClockSet
 .text.SystemCLKIN0Get
                0x000026b4        0x4 ./innilib/System/GeckoSystem/gecko_sdk_4.2.1/bgm22/system_bgm22.o
                0x000026b4                SystemCLKIN0Get
 .text.SystemFSRCOClockGet
                0x000026b8        0x8 ./innilib/System/GeckoSystem/gecko_sdk_4.2.1/bgm22/system_bgm22.o
                0x000026b8                SystemFSRCOClockGet
 .text.SystemLFRCOClockGet
                0x000026c0        0x8 ./innilib/System/GeckoSystem/gecko_sdk_4.2.1/bgm22/system_bgm22.o
                0x000026c0                SystemLFRCOClockGet
 .text.SystemULFRCOClockGet
                0x000026c8        0x8 ./innilib/System/GeckoSystem/gecko_sdk_4.2.1/bgm22/system_bgm22.o
                0x000026c8                SystemULFRCOClockGet
 .text.SystemLFXOClockGet
                0x000026d0        0xc ./innilib/System/GeckoSystem/gecko_sdk_4.2.1/bgm22/system_bgm22.o
                0x000026d0                SystemLFXOClockGet
 .text.assertEFM
                0x000026dc        0x4 ./innilib/System/GeckoSystem/gecko_sdk_4.2.1/common/sl_assert.o
                0x000026dc                assertEFM
 .text._sbrk    0x000026e0       0x24 ./innilib/System/GeckoSystem/gecko_sdk_4.2.1/common/sl_memory.o
                0x000026e0                _sbrk
 .text.sl_slist_init
                0x00002704        0x8 ./innilib/System/GeckoSystem/gecko_sdk_4.2.1/common/sl_slist.o
                0x00002704                sl_slist_init
 .text.HFRCODPLLDevinfoGet
                0x0000270c      0x10c ./innilib/System/GeckoSystem/gecko_sdk_4.2.1/emlib/em_cmu.o
 .text.em01GrpaClkGet
                0x00002818       0x54 ./innilib/System/GeckoSystem/gecko_sdk_4.2.1/emlib/em_cmu.o
 .text.iadcClkGet
                0x0000286c       0x54 ./innilib/System/GeckoSystem/gecko_sdk_4.2.1/emlib/em_cmu.o
 .text.em01GrpbClkGet
                0x000028c0       0x70 ./innilib/System/GeckoSystem/gecko_sdk_4.2.1/emlib/em_cmu.o
 .text.em23GrpaClkGet
                0x00002930       0x54 ./innilib/System/GeckoSystem/gecko_sdk_4.2.1/emlib/em_cmu.o
 .text.wdog0ClkGet
                0x00002984       0x60 ./innilib/System/GeckoSystem/gecko_sdk_4.2.1/emlib/em_cmu.o
 .text.rtccClkGet
                0x000029e4       0x54 ./innilib/System/GeckoSystem/gecko_sdk_4.2.1/emlib/em_cmu.o
 .text.em4GrpaClkGet
                0x00002a38       0x54 ./innilib/System/GeckoSystem/gecko_sdk_4.2.1/emlib/em_cmu.o
 .text.euart0ClkGet
                0x00002a8c       0x40 ./innilib/System/GeckoSystem/gecko_sdk_4.2.1/emlib/em_cmu.o
 .text.waitStateMax
                0x00002acc       0x7c ./innilib/System/GeckoSystem/gecko_sdk_4.2.1/emlib/em_cmu.o
 .text.CMU_ClockDivGet
                0x00002b48       0x9c ./innilib/System/GeckoSystem/gecko_sdk_4.2.1/emlib/em_cmu.o
                0x00002b48                CMU_ClockDivGet
 .text.CMU_ClockEnable
                0x00002be4       0x60 ./innilib/System/GeckoSystem/gecko_sdk_4.2.1/emlib/em_cmu.o
                0x00002be4                CMU_ClockEnable
 .text.CMU_ClockFreqGet
                0x00002c44      0x348 ./innilib/System/GeckoSystem/gecko_sdk_4.2.1/emlib/em_cmu.o
                0x00002c44                CMU_ClockFreqGet
 .text.pclkDivOptimize
                0x00002f8c       0x2c ./innilib/System/GeckoSystem/gecko_sdk_4.2.1/emlib/em_cmu.o
 .text.CMU_ClockSelectGet
                0x00002fb8      0x1a8 ./innilib/System/GeckoSystem/gecko_sdk_4.2.1/emlib/em_cmu.o
                0x00002fb8                CMU_ClockSelectGet
 .text.CMU_HFXOInit
                0x00003160      0x214 ./innilib/System/GeckoSystem/gecko_sdk_4.2.1/emlib/em_cmu.o
                0x00003160                CMU_HFXOInit
 .text.CMU_HFXOCTuneDeltaGet
                0x00003374        0xc ./innilib/System/GeckoSystem/gecko_sdk_4.2.1/emlib/em_cmu.o
                0x00003374                CMU_HFXOCTuneDeltaGet
 .text.CMU_LFRCOSetPrecision
                0x00003380       0x84 ./innilib/System/GeckoSystem/gecko_sdk_4.2.1/emlib/em_cmu.o
                0x00003380                CMU_LFRCOSetPrecision
 .text.CMU_UpdateWaitStates
                0x00003404       0x78 ./innilib/System/GeckoSystem/gecko_sdk_4.2.1/emlib/em_cmu.o
                0x00003404                CMU_UpdateWaitStates
 .text.CMU_ClockDivSet
                0x0000347c      0x134 ./innilib/System/GeckoSystem/gecko_sdk_4.2.1/emlib/em_cmu.o
                0x0000347c                CMU_ClockDivSet
 .text.CMU_ClockSelectSet
                0x000035b0      0x428 ./innilib/System/GeckoSystem/gecko_sdk_4.2.1/emlib/em_cmu.o
                0x000035b0                CMU_ClockSelectSet
 .text.CMU_DPLLLock
                0x000039d8      0x37c ./innilib/System/GeckoSystem/gecko_sdk_4.2.1/emlib/em_cmu.o
                0x000039d8                CMU_DPLLLock
 .text.CORE_EnterCritical
                0x00003d54        0x8 ./innilib/System/GeckoSystem/gecko_sdk_4.2.1/emlib/em_core.o
                0x00003d54                CORE_EnterCritical
 .text.CORE_ExitCritical
                0x00003d5c        0x8 ./innilib/System/GeckoSystem/gecko_sdk_4.2.1/emlib/em_core.o
                0x00003d5c                CORE_ExitCritical
 .text.CORE_EnterAtomic
                0x00003d64        0xc ./innilib/System/GeckoSystem/gecko_sdk_4.2.1/emlib/em_core.o
                0x00003d64                CORE_EnterAtomic
 .text.CORE_ExitAtomic
                0x00003d70        0x8 ./innilib/System/GeckoSystem/gecko_sdk_4.2.1/emlib/em_core.o
                0x00003d70                CORE_ExitAtomic
 .text.dpllState.part.0
                0x00003d78       0x80 ./innilib/System/GeckoSystem/gecko_sdk_4.2.1/emlib/em_emu.o
 .text.EMU_EM23Init
                0x00003df8       0x18 ./innilib/System/GeckoSystem/gecko_sdk_4.2.1/emlib/em_emu.o
                0x00003df8                EMU_EM23Init
 .text.EMU_EFPEM23PresleepHook
                0x00003e10        0x4 ./innilib/System/GeckoSystem/gecko_sdk_4.2.1/emlib/em_emu.o
                0x00003e10                EMU_EFPEM23PresleepHook
 .text.EMU_EFPEM23PostsleepHook
                0x00003e14        0x4 ./innilib/System/GeckoSystem/gecko_sdk_4.2.1/emlib/em_emu.o
                0x00003e14                EMU_EFPEM23PostsleepHook
 .text.EMU_EnterEM2
                0x00003e18       0x94 ./innilib/System/GeckoSystem/gecko_sdk_4.2.1/emlib/em_emu.o
                0x00003e18                EMU_EnterEM2
 .text.EMU_EnterEM3
                0x00003eac       0x84 ./innilib/System/GeckoSystem/gecko_sdk_4.2.1/emlib/em_emu.o
                0x00003eac                EMU_EnterEM3
 .text.EMU_Save
                0x00003f30       0x34 ./innilib/System/GeckoSystem/gecko_sdk_4.2.1/emlib/em_emu.o
                0x00003f30                EMU_Save
 .text.EMU_Restore
                0x00003f64        0x4 ./innilib/System/GeckoSystem/gecko_sdk_4.2.1/emlib/em_emu.o
                0x00003f64                EMU_Restore
 .text.EMU_EM4Init
                0x00003f68       0x14 ./innilib/System/GeckoSystem/gecko_sdk_4.2.1/emlib/em_emu.o
                0x00003f68                EMU_EM4Init
 .text.EMU_EFPEM01VScale
                0x00003f7c        0x4 ./innilib/System/GeckoSystem/gecko_sdk_4.2.1/emlib/em_emu.o
                0x00003f7c                EMU_EFPEM01VScale
 .text.EMU_VScaleEM01
                0x00003f80       0xb4 ./innilib/System/GeckoSystem/gecko_sdk_4.2.1/emlib/em_emu.o
                0x00003f80                EMU_VScaleEM01
 .text.EMU_VScaleEM01ByClock
                0x00004034       0x38 ./innilib/System/GeckoSystem/gecko_sdk_4.2.1/emlib/em_emu.o
                0x00004034                EMU_VScaleEM01ByClock
 .text.EMU_EM01Init
                0x0000406c       0x34 ./innilib/System/GeckoSystem/gecko_sdk_4.2.1/emlib/em_emu.o
                0x0000406c                EMU_EM01Init
 .text.EMU_DCDCUpdatedHook
                0x000040a0        0x4 ./innilib/System/GeckoSystem/gecko_sdk_4.2.1/emlib/em_emu.o
                0x000040a0                EMU_DCDCUpdatedHook
 .text.EMU_DCDCModeSet
                0x000040a4       0x74 ./innilib/System/GeckoSystem/gecko_sdk_4.2.1/emlib/em_emu.o
                0x000040a4                EMU_DCDCModeSet
 .text.EMU_DCDCInit
                0x00004118       0x80 ./innilib/System/GeckoSystem/gecko_sdk_4.2.1/emlib/em_emu.o
                0x00004118                EMU_DCDCInit
 .text.GPIO_PinModeSet
                0x00004198      0x1e4 ./innilib/System/GeckoSystem/gecko_sdk_4.2.1/emlib/em_gpio.o
                0x00004198                GPIO_PinModeSet
 .text.I2C_Transfer
                0x0000437c      0x290 ./innilib/System/GeckoSystem/gecko_sdk_4.2.1/emlib/em_i2c.o
                0x0000437c                I2C_Transfer
 .text.LDMA_Init
                0x0000460c       0xa0 ./innilib/System/GeckoSystem/gecko_sdk_4.2.1/emlib/em_ldma.o
                0x0000460c                LDMA_Init
 .text.LDMA_StartTransfer
                0x000046ac      0x13c ./innilib/System/GeckoSystem/gecko_sdk_4.2.1/emlib/em_ldma.o
                0x000046ac                LDMA_StartTransfer
 .text.LDMA_StopTransfer
                0x000047e8       0x3c ./innilib/System/GeckoSystem/gecko_sdk_4.2.1/emlib/em_ldma.o
                0x000047e8                LDMA_StopTransfer
 .text.LDMA_TransferRemainingCount
                0x00004824       0x54 ./innilib/System/GeckoSystem/gecko_sdk_4.2.1/emlib/em_ldma.o
                0x00004824                LDMA_TransferRemainingCount
 .text.RTCC_ChannelInit
                0x00004878       0x4c ./innilib/System/GeckoSystem/gecko_sdk_4.2.1/emlib/em_rtcc.o
                0x00004878                RTCC_ChannelInit
 .text.RTCC_Enable
                0x000048c4       0x84 ./innilib/System/GeckoSystem/gecko_sdk_4.2.1/emlib/em_rtcc.o
                0x000048c4                RTCC_Enable
 .text.RTCC_Init
                0x00004948       0x74 ./innilib/System/GeckoSystem/gecko_sdk_4.2.1/emlib/em_rtcc.o
                0x00004948                RTCC_Init
 .text.USART_BaudrateAsyncSet
                0x000049bc       0xf8 ./innilib/System/GeckoSystem/gecko_sdk_4.2.1/emlib/em_usart.o
                0x000049bc                USART_BaudrateAsyncSet
 .text.USART_Reset
                0x00004ab4       0x90 ./innilib/System/GeckoSystem/gecko_sdk_4.2.1/emlib/em_usart.o
                0x00004ab4                USART_Reset
 .text.USART_InitAsync
                0x00004b44      0x130 ./innilib/System/GeckoSystem/gecko_sdk_4.2.1/emlib/em_usart.o
                0x00004b44                USART_InitAsync
 .text.sl_hfxo_manager_init_hardware
                0x00004c74        0x4 ./innilib/System/GeckoSystem/gecko_sdk_4.2.1/hfxo_manager/sl_hfxo_manager.o
                0x00004c74                sl_hfxo_manager_init_hardware
 .text.sl_hfxo_manager_init
                0x00004c78       0x60 ./innilib/System/GeckoSystem/gecko_sdk_4.2.1/hfxo_manager/sl_hfxo_manager.o
                0x00004c78                sl_hfxo_manager_init
 .text.sli_hfxo_manager_begin_startup_measurement
                0x00004cd8       0x1c ./innilib/System/GeckoSystem/gecko_sdk_4.2.1/hfxo_manager/sl_hfxo_manager.o
                0x00004cd8                sli_hfxo_manager_begin_startup_measurement
 .text.sli_hfxo_manager_end_startup_measurement
                0x00004cf4       0x80 ./innilib/System/GeckoSystem/gecko_sdk_4.2.1/hfxo_manager/sl_hfxo_manager.o
                0x00004cf4                sli_hfxo_manager_end_startup_measurement
 .text.sli_hfxo_manager_get_startup_time
                0x00004d74        0xc ./innilib/System/GeckoSystem/gecko_sdk_4.2.1/hfxo_manager/sl_hfxo_manager.o
                0x00004d74                sli_hfxo_manager_get_startup_time
 .text.sli_hfxo_manager_init_hardware
                0x00004d80       0x44 ./innilib/System/GeckoSystem/gecko_sdk_4.2.1/hfxo_manager/sl_hfxo_manager_hal_s2.o
                0x00004d80                sli_hfxo_manager_init_hardware
 .text.sli_hfxo_manager_is_hfxo_ready
                0x00004dc4       0x18 ./innilib/System/GeckoSystem/gecko_sdk_4.2.1/hfxo_manager/sl_hfxo_manager_hal_s2.o
                0x00004dc4                sli_hfxo_manager_is_hfxo_ready
 .text.HFXO0_IRQHandler
                0x00004ddc       0x40 ./innilib/System/GeckoSystem/gecko_sdk_4.2.1/hfxo_manager/sl_hfxo_manager_hal_s2.o
                0x00004ddc                HFXO0_IRQHandler
 .text.power_manager_notify_em_transition
                0x00004e1c       0x64 ./innilib/System/GeckoSystem/gecko_sdk_4.2.1/power_manager/sl_power_manager.o
 .text.clock_restore
                0x00004e80       0x68 ./innilib/System/GeckoSystem/gecko_sdk_4.2.1/power_manager/sl_power_manager.o
 .text.on_clock_wakeup_timeout
                0x00004ee8       0x20 ./innilib/System/GeckoSystem/gecko_sdk_4.2.1/power_manager/sl_power_manager.o
 .text.update_em1_requirement
                0x00004f08       0x70 ./innilib/System/GeckoSystem/gecko_sdk_4.2.1/power_manager/sl_power_manager.o
 .text.sl_power_manager_init
                0x00004f78       0x64 ./innilib/System/GeckoSystem/gecko_sdk_4.2.1/power_manager/sl_power_manager.o
                0x00004f78                sl_power_manager_init
 .text.sli_power_manager_convert_delay_us_to_tick
                0x00004fdc       0x24 ./innilib/System/GeckoSystem/gecko_sdk_4.2.1/power_manager/sl_power_manager.o
                0x00004fdc                sli_power_manager_convert_delay_us_to_tick
 .text.sl_power_manager_sleep
                0x00005000      0x260 ./innilib/System/GeckoSystem/gecko_sdk_4.2.1/power_manager/sl_power_manager.o
                0x00005000                sl_power_manager_sleep
 .text.sl_power_manager_is_latest_wakeup_internal
                0x00005260       0x20 ./innilib/System/GeckoSystem/gecko_sdk_4.2.1/power_manager/sl_power_manager.o
                0x00005260                sl_power_manager_is_latest_wakeup_internal
 .text.sli_hfxo_manager_notify_ready_for_power_manager
                0x00005280       0x3c ./innilib/System/GeckoSystem/gecko_sdk_4.2.1/power_manager/sl_power_manager.o
                0x00005280                sli_hfxo_manager_notify_ready_for_power_manager
 .text.sli_power_manager_init_hardware
                0x000052bc      0x148 ./innilib/System/GeckoSystem/gecko_sdk_4.2.1/power_manager/sl_power_manager_hal_s2.o
                0x000052bc                sli_power_manager_init_hardware
 .text.sli_power_manager_save_states
                0x00005404        0x4 ./innilib/System/GeckoSystem/gecko_sdk_4.2.1/power_manager/sl_power_manager_hal_s2.o
                0x00005404                sli_power_manager_save_states
 .text.EMU_EM23PresleepHook
                0x00005408       0x28 ./innilib/System/GeckoSystem/gecko_sdk_4.2.1/power_manager/sl_power_manager_hal_s2.o
                0x00005408                EMU_EM23PresleepHook
 .text.EMU_EM23PostsleepHook
                0x00005430       0x54 ./innilib/System/GeckoSystem/gecko_sdk_4.2.1/power_manager/sl_power_manager_hal_s2.o
                0x00005430                EMU_EM23PostsleepHook
 .text.sli_power_manager_handle_pre_deepsleep_operations
                0x00005484        0xc ./innilib/System/GeckoSystem/gecko_sdk_4.2.1/power_manager/sl_power_manager_hal_s2.o
                0x00005484                sli_power_manager_handle_pre_deepsleep_operations
 .text.sli_power_manager_restore_high_freq_accuracy_clk
                0x00005490       0x48 ./innilib/System/GeckoSystem/gecko_sdk_4.2.1/power_manager/sl_power_manager_hal_s2.o
                0x00005490                sli_power_manager_restore_high_freq_accuracy_clk
 .text.sli_power_manager_is_high_freq_accuracy_clk_ready
                0x000054d8       0x14 ./innilib/System/GeckoSystem/gecko_sdk_4.2.1/power_manager/sl_power_manager_hal_s2.o
                0x000054d8                sli_power_manager_is_high_freq_accuracy_clk_ready
 .text.sli_power_manager_restore_states
                0x000054ec       0x3c ./innilib/System/GeckoSystem/gecko_sdk_4.2.1/power_manager/sl_power_manager_hal_s2.o
                0x000054ec                sli_power_manager_restore_states
 .text.sli_power_manager_apply_em
                0x00005528       0x38 ./innilib/System/GeckoSystem/gecko_sdk_4.2.1/power_manager/sl_power_manager_hal_s2.o
                0x00005528                sli_power_manager_apply_em
 .text.sli_power_manager_get_default_high_frequency_minimum_offtime
                0x00005560        0x8 ./innilib/System/GeckoSystem/gecko_sdk_4.2.1/power_manager/sl_power_manager_hal_s2.o
                0x00005560                sli_power_manager_get_default_high_frequency_minimum_offtime
 .text.sli_power_manager_get_wakeup_process_time_overhead
                0x00005568       0x28 ./innilib/System/GeckoSystem/gecko_sdk_4.2.1/power_manager/sl_power_manager_hal_s2.o
                0x00005568                sli_power_manager_get_wakeup_process_time_overhead
 .text.sl_power_manager_is_ok_to_sleep
                0x00005590        0x8 ./innilib/System/GeckoSystem/gecko_sdk_4.2.1/power_manager/sl_power_manager_handler.o
                0x00005590                sl_power_manager_is_ok_to_sleep
 .text.sl_power_manager_sleep_on_isr_exit
                0x00005598       0x20 ./innilib/System/GeckoSystem/gecko_sdk_4.2.1/power_manager/sl_power_manager_handler.o
                0x00005598                sl_power_manager_sleep_on_isr_exit
 .text.delta_list_insert_timer
                0x000055b8       0x4c ./innilib/System/GeckoSystem/gecko_sdk_4.2.1/sleeptimer/sl_sleeptimer.o
 .text.update_delta_list
                0x00005604       0x3c ./innilib/System/GeckoSystem/gecko_sdk_4.2.1/sleeptimer/sl_sleeptimer.o
 .text.set_comparator_for_next_timer
                0x00005640       0x5c ./innilib/System/GeckoSystem/gecko_sdk_4.2.1/sleeptimer/sl_sleeptimer.o
 .text.create_timer
                0x0000569c       0x70 ./innilib/System/GeckoSystem/gecko_sdk_4.2.1/sleeptimer/sl_sleeptimer.o
 .text.delta_list_remove_timer
                0x0000570c       0x48 ./innilib/System/GeckoSystem/gecko_sdk_4.2.1/sleeptimer/sl_sleeptimer.o
 .text.sl_sleeptimer_init
                0x00005754       0x74 ./innilib/System/GeckoSystem/gecko_sdk_4.2.1/sleeptimer/sl_sleeptimer.o
                0x00005754                sl_sleeptimer_init
 .text.sl_sleeptimer_stop_timer
                0x000057c8       0x60 ./innilib/System/GeckoSystem/gecko_sdk_4.2.1/sleeptimer/sl_sleeptimer.o
                0x000057c8                sl_sleeptimer_stop_timer
 .text.sl_sleeptimer_restart_timer
                0x00005828       0x40 ./innilib/System/GeckoSystem/gecko_sdk_4.2.1/sleeptimer/sl_sleeptimer.o
                0x00005828                sl_sleeptimer_restart_timer
 .text.sl_sleeptimer_restart_periodic_timer_ms
                0x00005868       0xa4 ./innilib/System/GeckoSystem/gecko_sdk_4.2.1/sleeptimer/sl_sleeptimer.o
                0x00005868                sl_sleeptimer_restart_periodic_timer_ms
 .text.sl_sleeptimer_get_remaining_time_of_first_timer
                0x0000590c       0x60 ./innilib/System/GeckoSystem/gecko_sdk_4.2.1/sleeptimer/sl_sleeptimer.o
                0x0000590c                sl_sleeptimer_get_remaining_time_of_first_timer
 .text.sli_sleeptimer_is_power_manager_timer_next_to_expire
                0x0000596c        0xc ./innilib/System/GeckoSystem/gecko_sdk_4.2.1/sleeptimer/sl_sleeptimer.o
                0x0000596c                sli_sleeptimer_is_power_manager_timer_next_to_expire
 .text.sl_sleeptimer_get_tick_count
                0x00005978       0x18 ./innilib/System/GeckoSystem/gecko_sdk_4.2.1/sleeptimer/sl_sleeptimer.o
                0x00005978                sl_sleeptimer_get_tick_count
 .text.sl_sleeptimer_get_timer_frequency
                0x00005990        0xc ./innilib/System/GeckoSystem/gecko_sdk_4.2.1/sleeptimer/sl_sleeptimer.o
                0x00005990                sl_sleeptimer_get_timer_frequency
 .text.sl_sleeptimer_ms32_to_tick
                0x0000599c       0x3c ./innilib/System/GeckoSystem/gecko_sdk_4.2.1/sleeptimer/sl_sleeptimer.o
                0x0000599c                sl_sleeptimer_ms32_to_tick
 .text.process_timer_irq
                0x000059d8      0x1ac ./innilib/System/GeckoSystem/gecko_sdk_4.2.1/sleeptimer/sl_sleeptimer.o
                0x000059d8                process_timer_irq
 .text.sl_sleeptimer_is_power_manager_early_restore_timer_latest_to_expire
                0x00005b84       0x18 ./innilib/System/GeckoSystem/gecko_sdk_4.2.1/sleeptimer/sl_sleeptimer.o
                0x00005b84                sl_sleeptimer_is_power_manager_early_restore_timer_latest_to_expire
 .text.sleeptimer_hal_init_timer
                0x00005b9c       0x88 ./innilib/System/GeckoSystem/gecko_sdk_4.2.1/sleeptimer/sl_sleeptimer_hal_rtcc.o
                0x00005b9c                sleeptimer_hal_init_timer
 .text.sleeptimer_hal_get_counter
                0x00005c24       0x10 ./innilib/System/GeckoSystem/gecko_sdk_4.2.1/sleeptimer/sl_sleeptimer_hal_rtcc.o
                0x00005c24                sleeptimer_hal_get_counter
 .text.sleeptimer_hal_set_compare
                0x00005c34       0x68 ./innilib/System/GeckoSystem/gecko_sdk_4.2.1/sleeptimer/sl_sleeptimer_hal_rtcc.o
                0x00005c34                sleeptimer_hal_set_compare
 .text.sleeptimer_hal_enable_int
                0x00005c9c       0x18 ./innilib/System/GeckoSystem/gecko_sdk_4.2.1/sleeptimer/sl_sleeptimer_hal_rtcc.o
                0x00005c9c                sleeptimer_hal_enable_int
 .text.sleeptimer_hal_disable_int
                0x00005cb4       0x38 ./innilib/System/GeckoSystem/gecko_sdk_4.2.1/sleeptimer/sl_sleeptimer_hal_rtcc.o
                0x00005cb4                sleeptimer_hal_disable_int
 .text.sleeptimer_hal_set_int
                0x00005cec       0x10 ./innilib/System/GeckoSystem/gecko_sdk_4.2.1/sleeptimer/sl_sleeptimer_hal_rtcc.o
                0x00005cec                sleeptimer_hal_set_int
 .text.sli_sleeptimer_hal_is_int_status_set
                0x00005cfc       0x20 ./innilib/System/GeckoSystem/gecko_sdk_4.2.1/sleeptimer/sl_sleeptimer_hal_rtcc.o
                0x00005cfc                sli_sleeptimer_hal_is_int_status_set
 .text.RTCC_IRQHandler
                0x00005d1c       0x34 ./innilib/System/GeckoSystem/gecko_sdk_4.2.1/sleeptimer/sl_sleeptimer_hal_rtcc.o
                0x00005d1c                RTCC_IRQHandler
 .text.sleeptimer_hal_get_timer_frequency
                0x00005d50        0x8 ./innilib/System/GeckoSystem/gecko_sdk_4.2.1/sleeptimer/sl_sleeptimer_hal_rtcc.o
                0x00005d50                sleeptimer_hal_get_timer_frequency
 .text.startup.main
                0x00005d58       0x44 ./main.o
                0x00005d58                main
 .text.startup._GLOBAL__sub_I_timer
                0x00005d9c       0x24 ./main.o
 .text.__aeabi_atexit
                0x00005dc0        0xa c:/siliconlabs/simplicitystudio/v5/developer/toolchains/gnu_arm/10.3_2021.10/bin/../lib/gcc/arm-none-eabi/10.3.1/../../../../arm-none-eabi/lib/thumb/v8-m.main+fp/hard\libstdc++_nano.a(atexit_arm.o)
                0x00005dc0                __aeabi_atexit
 .text._ZdlPvj  0x00005dca        0x4 c:/siliconlabs/simplicitystudio/v5/developer/toolchains/gnu_arm/10.3_2021.10/bin/../lib/gcc/arm-none-eabi/10.3.1/../../../../arm-none-eabi/lib/thumb/v8-m.main+fp/hard\libstdc++_nano.a(del_ops.o)
                0x00005dca                operator delete(void*, unsigned int)
 .text.__cxa_guard_acquire
                0x00005dce       0x18 c:/siliconlabs/simplicitystudio/v5/developer/toolchains/gnu_arm/10.3_2021.10/bin/../lib/gcc/arm-none-eabi/10.3.1/../../../../arm-none-eabi/lib/thumb/v8-m.main+fp/hard\libstdc++_nano.a(guard.o)
                0x00005dce                __cxa_guard_acquire
 .text.__cxa_guard_release
                0x00005de6        0x6 c:/siliconlabs/simplicitystudio/v5/developer/toolchains/gnu_arm/10.3_2021.10/bin/../lib/gcc/arm-none-eabi/10.3.1/../../../../arm-none-eabi/lib/thumb/v8-m.main+fp/hard\libstdc++_nano.a(guard.o)
                0x00005de6                __cxa_guard_release
 .text._Znwj    0x00005dec       0x22 c:/siliconlabs/simplicitystudio/v5/developer/toolchains/gnu_arm/10.3_2021.10/bin/../lib/gcc/arm-none-eabi/10.3.1/../../../../arm-none-eabi/lib/thumb/v8-m.main+fp/hard\libstdc++_nano.a(new_op.o)
                0x00005dec                operator new(unsigned int)
 .text.unlikely._ZSt17__throw_bad_allocv
                0x00005e0e        0x6 c:/siliconlabs/simplicitystudio/v5/developer/toolchains/gnu_arm/10.3_2021.10/bin/../lib/gcc/arm-none-eabi/10.3.1/../../../../arm-none-eabi/lib/thumb/v8-m.main+fp/hard\libstdc++_nano.a(functexcept.o)
                0x00005e0e                std::__throw_bad_alloc()
 .text.unlikely._ZSt20__throw_length_errorPKc
                0x00005e14        0x6 c:/siliconlabs/simplicitystudio/v5/developer/toolchains/gnu_arm/10.3_2021.10/bin/../lib/gcc/arm-none-eabi/10.3.1/../../../../arm-none-eabi/lib/thumb/v8-m.main+fp/hard\libstdc++_nano.a(functexcept.o)
                0x00005e14                std::__throw_length_error(char const*)
 .text.unlikely._ZSt25__throw_bad_function_callv
                0x00005e1a        0x6 c:/siliconlabs/simplicitystudio/v5/developer/toolchains/gnu_arm/10.3_2021.10/bin/../lib/gcc/arm-none-eabi/10.3.1/../../../../arm-none-eabi/lib/thumb/v8-m.main+fp/hard\libstdc++_nano.a(functional.o)
                0x00005e1a                std::__throw_bad_function_call()
 .text._ZdlPv   0x00005e20        0x4 c:/siliconlabs/simplicitystudio/v5/developer/toolchains/gnu_arm/10.3_2021.10/bin/../lib/gcc/arm-none-eabi/10.3.1/../../../../arm-none-eabi/lib/thumb/v8-m.main+fp/hard\libstdc++_nano.a(del_op.o)
                0x00005e20                operator delete(void*)
 .text._ZSt15get_new_handlerv
                0x00005e24        0xc c:/siliconlabs/simplicitystudio/v5/developer/toolchains/gnu_arm/10.3_2021.10/bin/../lib/gcc/arm-none-eabi/10.3.1/../../../../arm-none-eabi/lib/thumb/v8-m.main+fp/hard\libstdc++_nano.a(new_handler.o)
                0x00005e24                std::get_new_handler()
 .text          0x00005e30       0x30 c:/siliconlabs/simplicitystudio/v5/developer/toolchains/gnu_arm/10.3_2021.10/bin/../lib/gcc/arm-none-eabi/10.3.1/thumb/v8-m.main+fp/hard\libgcc.a(_aeabi_uldivmod.o)
                0x00005e30                __aeabi_uldivmod
 .text          0x00005e60      0x2ec c:/siliconlabs/simplicitystudio/v5/developer/toolchains/gnu_arm/10.3_2021.10/bin/../lib/gcc/arm-none-eabi/10.3.1/thumb/v8-m.main+fp/hard\libgcc.a(_udivmoddi4.o)
                0x00005e60                __udivmoddi4
 .text          0x0000614c        0x4 c:/siliconlabs/simplicitystudio/v5/developer/toolchains/gnu_arm/10.3_2021.10/bin/../lib/gcc/arm-none-eabi/10.3.1/thumb/v8-m.main+fp/hard\libgcc.a(_dvmd_tls.o)
                0x0000614c                __aeabi_idiv0
                0x0000614c                __aeabi_ldiv0
 .text.abort    0x00006150        0xe c:/siliconlabs/simplicitystudio/v5/developer/toolchains/gnu_arm/10.3_2021.10/bin/../lib/gcc/arm-none-eabi/10.3.1/../../../../arm-none-eabi/lib/thumb/v8-m.main+fp/hard\libc_nano.a(lib_a-abort.o)
                0x00006150                abort
 *fill*         0x0000615e        0x2 
 .text.__cxa_atexit
                0x00006160       0x1c c:/siliconlabs/simplicitystudio/v5/developer/toolchains/gnu_arm/10.3_2021.10/bin/../lib/gcc/arm-none-eabi/10.3.1/../../../../arm-none-eabi/lib/thumb/v8-m.main+fp/hard\libc_nano.a(lib_a-cxa_atexit.o)
                0x00006160                __cxa_atexit
 .text.exit     0x0000617c       0x28 c:/siliconlabs/simplicitystudio/v5/developer/toolchains/gnu_arm/10.3_2021.10/bin/../lib/gcc/arm-none-eabi/10.3.1/../../../../arm-none-eabi/lib/thumb/v8-m.main+fp/hard\libc_nano.a(lib_a-exit.o)
                0x0000617c                exit
 .text.__libc_init_array
                0x000061a4       0x48 c:/siliconlabs/simplicitystudio/v5/developer/toolchains/gnu_arm/10.3_2021.10/bin/../lib/gcc/arm-none-eabi/10.3.1/../../../../arm-none-eabi/lib/thumb/v8-m.main+fp/hard\libc_nano.a(lib_a-init.o)
                0x000061a4                __libc_init_array
 .text.malloc   0x000061ec       0x10 c:/siliconlabs/simplicitystudio/v5/developer/toolchains/gnu_arm/10.3_2021.10/bin/../lib/gcc/arm-none-eabi/10.3.1/../../../../arm-none-eabi/lib/thumb/v8-m.main+fp/hard\libc_nano.a(lib_a-malloc.o)
                0x000061ec                malloc
 .text.free     0x000061fc       0x10 c:/siliconlabs/simplicitystudio/v5/developer/toolchains/gnu_arm/10.3_2021.10/bin/../lib/gcc/arm-none-eabi/10.3.1/../../../../arm-none-eabi/lib/thumb/v8-m.main+fp/hard\libc_nano.a(lib_a-malloc.o)
                0x000061fc                free
 .text.memmove  0x0000620c       0x34 c:/siliconlabs/simplicitystudio/v5/developer/toolchains/gnu_arm/10.3_2021.10/bin/../lib/gcc/arm-none-eabi/10.3.1/../../../../arm-none-eabi/lib/thumb/v8-m.main+fp/hard\libc_nano.a(lib_a-memmove.o)
                0x0000620c                memmove
 .text.memset   0x00006240       0x10 c:/siliconlabs/simplicitystudio/v5/developer/toolchains/gnu_arm/10.3_2021.10/bin/../lib/gcc/arm-none-eabi/10.3.1/../../../../arm-none-eabi/lib/thumb/v8-m.main+fp/hard\libc_nano.a(lib_a-memset.o)
                0x00006240                memset
 .text._free_r  0x00006250       0x98 c:/siliconlabs/simplicitystudio/v5/developer/toolchains/gnu_arm/10.3_2021.10/bin/../lib/gcc/arm-none-eabi/10.3.1/../../../../arm-none-eabi/lib/thumb/v8-m.main+fp/hard\libc_nano.a(lib_a-nano-freer.o)
                0x00006250                _free_r
 .text.sbrk_aligned
                0x000062e8       0x40 c:/siliconlabs/simplicitystudio/v5/developer/toolchains/gnu_arm/10.3_2021.10/bin/../lib/gcc/arm-none-eabi/10.3.1/../../../../arm-none-eabi/lib/thumb/v8-m.main+fp/hard\libc_nano.a(lib_a-nano-mallocr.o)
 .text._malloc_r
                0x00006328       0xe8 c:/siliconlabs/simplicitystudio/v5/developer/toolchains/gnu_arm/10.3_2021.10/bin/../lib/gcc/arm-none-eabi/10.3.1/../../../../arm-none-eabi/lib/thumb/v8-m.main+fp/hard\libc_nano.a(lib_a-nano-mallocr.o)
                0x00006328                _malloc_r
 .text._sbrk_r  0x00006410       0x20 c:/siliconlabs/simplicitystudio/v5/developer/toolchains/gnu_arm/10.3_2021.10/bin/../lib/gcc/arm-none-eabi/10.3.1/../../../../arm-none-eabi/lib/thumb/v8-m.main+fp/hard\libc_nano.a(lib_a-sbrkr.o)
                0x00006410                _sbrk_r
 .text._raise_r
                0x00006430       0x50 c:/siliconlabs/simplicitystudio/v5/developer/toolchains/gnu_arm/10.3_2021.10/bin/../lib/gcc/arm-none-eabi/10.3.1/../../../../arm-none-eabi/lib/thumb/v8-m.main+fp/hard\libc_nano.a(lib_a-signal.o)
                0x00006430                _raise_r
 .text.raise    0x00006480       0x10 c:/siliconlabs/simplicitystudio/v5/developer/toolchains/gnu_arm/10.3_2021.10/bin/../lib/gcc/arm-none-eabi/10.3.1/../../../../arm-none-eabi/lib/thumb/v8-m.main+fp/hard\libc_nano.a(lib_a-signal.o)
                0x00006480                raise
 .text._kill_r  0x00006490       0x24 c:/siliconlabs/simplicitystudio/v5/developer/toolchains/gnu_arm/10.3_2021.10/bin/../lib/gcc/arm-none-eabi/10.3.1/../../../../arm-none-eabi/lib/thumb/v8-m.main+fp/hard\libc_nano.a(lib_a-signalr.o)
                0x00006490                _kill_r
 .text._getpid_r
                0x000064b4        0x4 c:/siliconlabs/simplicitystudio/v5/developer/toolchains/gnu_arm/10.3_2021.10/bin/../lib/gcc/arm-none-eabi/10.3.1/../../../../arm-none-eabi/lib/thumb/v8-m.main+fp/hard\libc_nano.a(lib_a-signalr.o)
                0x000064b4                _getpid_r
 .text.__malloc_lock
                0x000064b8        0xc c:/siliconlabs/simplicitystudio/v5/developer/toolchains/gnu_arm/10.3_2021.10/bin/../lib/gcc/arm-none-eabi/10.3.1/../../../../arm-none-eabi/lib/thumb/v8-m.main+fp/hard\libc_nano.a(lib_a-mlock.o)
                0x000064b8                __malloc_lock
 .text.__malloc_unlock
                0x000064c4        0xc c:/siliconlabs/simplicitystudio/v5/developer/toolchains/gnu_arm/10.3_2021.10/bin/../lib/gcc/arm-none-eabi/10.3.1/../../../../arm-none-eabi/lib/thumb/v8-m.main+fp/hard\libc_nano.a(lib_a-mlock.o)
                0x000064c4                __malloc_unlock
 .text.__retarget_lock_acquire_recursive
                0x000064d0        0x2 c:/siliconlabs/simplicitystudio/v5/developer/toolchains/gnu_arm/10.3_2021.10/bin/../lib/gcc/arm-none-eabi/10.3.1/../../../../arm-none-eabi/lib/thumb/v8-m.main+fp/hard\libc_nano.a(lib_a-lock.o)
                0x000064d0                __retarget_lock_acquire_recursive
 .text.__retarget_lock_release_recursive
                0x000064d2        0x2 c:/siliconlabs/simplicitystudio/v5/developer/toolchains/gnu_arm/10.3_2021.10/bin/../lib/gcc/arm-none-eabi/10.3.1/../../../../arm-none-eabi/lib/thumb/v8-m.main+fp/hard\libc_nano.a(lib_a-lock.o)
                0x000064d2                __retarget_lock_release_recursive
 .text._getpid  0x000064d4       0x10 c:/siliconlabs/simplicitystudio/v5/developer/toolchains/gnu_arm/10.3_2021.10/bin/../lib/gcc/arm-none-eabi/10.3.1/../../../../arm-none-eabi/lib/thumb/v8-m.main+fp/hard\libnosys.a(getpid.o)
                0x000064d4                _getpid
 .text._kill    0x000064e4       0x10 c:/siliconlabs/simplicitystudio/v5/developer/toolchains/gnu_arm/10.3_2021.10/bin/../lib/gcc/arm-none-eabi/10.3.1/../../../../arm-none-eabi/lib/thumb/v8-m.main+fp/hard\libnosys.a(kill.o)
                0x000064e4                _kill
 .text._exit    0x000064f4        0x4 c:/siliconlabs/simplicitystudio/v5/developer/toolchains/gnu_arm/10.3_2021.10/bin/../lib/gcc/arm-none-eabi/10.3.1/../../../../arm-none-eabi/lib/thumb/v8-m.main+fp/hard\libnosys.a(_exit.o)
                0x000064f4                _exit
                0x000064f8                linker_code_end = .
 *(.init)
 .init          0x000064f8        0x4 c:/siliconlabs/simplicitystudio/v5/developer/toolchains/gnu_arm/10.3_2021.10/bin/../lib/gcc/arm-none-eabi/10.3.1/thumb/v8-m.main+fp/hard/crti.o
                0x000064f8                _init
 .init          0x000064fc        0x8 c:/siliconlabs/simplicitystudio/v5/developer/toolchains/gnu_arm/10.3_2021.10/bin/../lib/gcc/arm-none-eabi/10.3.1/thumb/v8-m.main+fp/hard/crtn.o
 *(.fini)
 .fini          0x00006504        0x4 c:/siliconlabs/simplicitystudio/v5/developer/toolchains/gnu_arm/10.3_2021.10/bin/../lib/gcc/arm-none-eabi/10.3.1/thumb/v8-m.main+fp/hard/crti.o
                0x00006504                _fini
 .fini          0x00006508        0x8 c:/siliconlabs/simplicitystudio/v5/developer/toolchains/gnu_arm/10.3_2021.10/bin/../lib/gcc/arm-none-eabi/10.3.1/thumb/v8-m.main+fp/hard/crtn.o
 .fini.__stub   0x00006510       0x10 linker stubs
 *crtbegin.o(.ctors)
 *crtbegin?.o(.ctors)
 *(EXCLUDE_FILE(*crtend.o *crtend?.o) .ctors)
 *(SORT_BY_NAME(.ctors.*))
 *(.ctors)
 *crtbegin.o(.dtors)
 *crtbegin?.o(.dtors)
 *(EXCLUDE_FILE(*crtend.o *crtend?.o) .dtors)
 *(SORT_BY_NAME(.dtors.*))
 *(.dtors)
 *(.rodata*)
 .rodata        0x00006520       0x1c ./innilib/Components/Motor/InfineonMotor/InfineonMotor.o
 .rodata._ZN8innirion18GeckoSchedulerImpl15RequestTimeSlotESt8functionIFvvEE.str1.4
                0x0000653c       0x30 ./innilib/System/GeckoSystem/GeckoSystem.o
 .rodata._ZTVN8innirion18GeckoSchedulerImplE
                0x0000656c       0x20 ./innilib/System/GeckoSystem/GeckoSystem.o
                0x0000656c                vtable for innirion::GeckoSchedulerImpl
 .rodata        0x0000658c       0xdc ./innilib/System/GeckoSystem/GeckoSystem.o
 .rodata.CSWTCH.300
                0x00006668       0x14 ./innilib/System/GeckoSystem/GeckoSystem.o
 .rodata._ZTVN8innirion10GeckoTimerE
                0x0000667c       0x14 ./innilib/System/GeckoSystem/GeckoSystem.o
                0x0000667c                vtable for innirion::GeckoTimer
 .rodata._ZTVN8innirion12_GLOBAL__N_116GeckoDmaUartImplILi0EEE
                0x00006690       0x30 ./innilib/System/GeckoSystem/GeckoSystem.o
 .rodata._ZTVN8innirion12_GLOBAL__N_116GeckoDmaUartImplILi1EEE
                0x000066c0       0x30 ./innilib/System/GeckoSystem/GeckoSystem.o
 .rodata._ZTVN8innirion12_GLOBAL__N_122MemoryToPortDmaChannelE
                0x000066f0       0x14 ./innilib/System/GeckoSystem/GeckoSystem.o
 .rodata._ZTVN8innirion12_GLOBAL__N_122PortToMemoryDmaChannelE
                0x00006704       0x14 ./innilib/System/GeckoSystem/GeckoSystem.o
 .rodata.HFRCODPLLDevinfoGet.str1.4
                0x00006718       0x48 ./innilib/System/GeckoSystem/gecko_sdk_4.2.1/emlib/em_cmu.o
 .rodata.CSWTCH.73
                0x00006760       0x10 ./innilib/System/GeckoSystem/gecko_sdk_4.2.1/emlib/em_cmu.o
 .rodata.CSWTCH.75
                0x00006770       0x18 ./innilib/System/GeckoSystem/gecko_sdk_4.2.1/emlib/em_cmu.o
 .rodata.hfrcoCalTable
                0x00006788      0x190 ./innilib/System/GeckoSystem/gecko_sdk_4.2.1/emlib/em_cmu.o
 .rodata.EMU_VScaleEM01.str1.4
                0x00006918       0x48 ./innilib/System/GeckoSystem/gecko_sdk_4.2.1/emlib/em_emu.o
 .rodata.GPIO_ExtIntConfig.str1.4
                0x00006960       0x94 ./innilib/System/GeckoSystem/gecko_sdk_4.2.1/emlib/em_gpio.o
 .rodata.GPIO_PinModeSet.str1.4
                0x000069f4       0x49 ./innilib/System/GeckoSystem/gecko_sdk_4.2.1/emlib/em_gpio.o
 *fill*         0x00006a3d        0x3 
 .rodata.I2C_BusFreqSet.part.0.str1.4
                0x00006a40       0x48 ./innilib/System/GeckoSystem/gecko_sdk_4.2.1/emlib/em_i2c.o
 .rodata.LDMA_EnableChannelRequest.str1.4
                0x00006a88       0x49 ./innilib/System/GeckoSystem/gecko_sdk_4.2.1/emlib/em_ldma.o
                                 0x94 (size before relaxing)
 *fill*         0x00006ad1        0x3 
 .rodata.RTCC_ChannelInit.str1.4
                0x00006ad4       0x49 ./innilib/System/GeckoSystem/gecko_sdk_4.2.1/emlib/em_rtcc.o
 *fill*         0x00006b1d        0x3 
 .rodata.USART_BaudrateAsyncSet.str1.4
                0x00006b20       0x4a ./innilib/System/GeckoSystem/gecko_sdk_4.2.1/emlib/em_usart.o
 *fill*         0x00006b6a        0x2 
 .rodata.power_manager_notify_em_transition.str1.4
                0x00006b6c       0x5a ./innilib/System/GeckoSystem/gecko_sdk_4.2.1/power_manager/sl_power_manager.o
 *fill*         0x00006bc6        0x2 
 .rodata.CSWTCH.63
                0x00006bc8       0x10 ./innilib/System/GeckoSystem/gecko_sdk_4.2.1/power_manager/sl_power_manager.o
 .rodata.sli_power_manager_init_hardware.str1.4
                0x00006bd8       0x61 ./innilib/System/GeckoSystem/gecko_sdk_4.2.1/power_manager/sl_power_manager_hal_s2.o
 *fill*         0x00006c39        0x3 
 .rodata.process_timer_irq.str1.4
                0x00006c3c       0x54 ./innilib/System/GeckoSystem/gecko_sdk_4.2.1/sleeptimer/sl_sleeptimer.o
 .rodata        0x00006c90        0xd ./innilib/System/GeckoSystem/gecko_sdk_4.2.1/sleeptimer/sl_sleeptimer_hal_rtcc.o
 *fill*         0x00006c9d        0x3 
 .rodata._global_impure_ptr
                0x00006ca0        0x4 c:/siliconlabs/simplicitystudio/v5/developer/toolchains/gnu_arm/10.3_2021.10/bin/../lib/gcc/arm-none-eabi/10.3.1/../../../../arm-none-eabi/lib/thumb/v8-m.main+fp/hard\libc_nano.a(lib_a-impure.o)
                0x00006ca0                _global_impure_ptr
 *(.eh_frame*)
 .eh_frame      0x00006ca4        0x0 c:/siliconlabs/simplicitystudio/v5/developer/toolchains/gnu_arm/10.3_2021.10/bin/../lib/gcc/arm-none-eabi/10.3.1/thumb/v8-m.main+fp/hard/crtbegin.o

.glue_7         0x00006ca4        0x0
 .glue_7        0x00006ca4        0x0 linker stubs

.glue_7t        0x00006ca4        0x0
 .glue_7t       0x00006ca4        0x0 linker stubs

.vfp11_veneer   0x00006ca4        0x0
 .vfp11_veneer  0x00006ca4        0x0 linker stubs

.v4_bx          0x00006ca4        0x0
 .v4_bx         0x00006ca4        0x0 linker stubs

.iplt           0x00006ca4        0x0
 .iplt          0x00006ca4        0x0 c:/siliconlabs/simplicitystudio/v5/developer/toolchains/gnu_arm/10.3_2021.10/bin/../lib/gcc/arm-none-eabi/10.3.1/thumb/v8-m.main+fp/hard/crtbegin.o

.ARM.extab
 *(.ARM.extab* .gnu.linkonce.armextab.*)
                0x00006ca4                __exidx_start = .

.ARM.exidx      0x00006ca4        0x8
 *(.ARM.exidx* .gnu.linkonce.armexidx.*)
 .ARM.exidx     0x00006ca4        0x8 c:/siliconlabs/simplicitystudio/v5/developer/toolchains/gnu_arm/10.3_2021.10/bin/../lib/gcc/arm-none-eabi/10.3.1/../../../../arm-none-eabi/lib/thumb/v8-m.main+fp/hard/crt0.o
                                 0x10 (size before relaxing)
 .ARM.exidx     0x00006cac        0x0 c:/siliconlabs/simplicitystudio/v5/developer/toolchains/gnu_arm/10.3_2021.10/bin/../lib/gcc/arm-none-eabi/10.3.1/thumb/v8-m.main+fp/hard\libgcc.a(_udivmoddi4.o)
                                  0x8 (size before relaxing)
                0x00006cac                __exidx_end = .

.rel.dyn        0x00006cac        0x0
 .rel.iplt      0x00006cac        0x0 c:/siliconlabs/simplicitystudio/v5/developer/toolchains/gnu_arm/10.3_2021.10/bin/../lib/gcc/arm-none-eabi/10.3.1/thumb/v8-m.main+fp/hard/crtbegin.o

.copy.table     0x00006cac        0xc
                0x00006cac                . = ALIGN (0x4)
                0x00006cac                __copy_table_start__ = .
                0x00006cac        0x4 LONG 0x6cb8 __etext
                0x00006cb0        0x4 LONG 0x20001000 __data_start__
                0x00006cb4        0x4 LONG 0x30 ((__data_end__ - __data_start__) / 0x4)
                0x00006cb8                __copy_table_end__ = .

.zero.table     0x00006cb8        0x0
                0x00006cb8                . = ALIGN (0x4)
                0x00006cb8                __zero_table_start__ = .
                0x00006cb8                __zero_table_end__ = .
                0x00006cb8                __etext = .
                0x20000000                . = ORIGIN (RAM)

.stack          0x20000000     0x1000
                0x20000000                __StackLimit = .
 *(.stack*)
 .stack         0x20000000     0x1000 ./innilib/System/GeckoSystem/gecko_sdk_4.2.1/common/sl_memory.o
                0x20001000                . = ALIGN (0x4)
                0x20001000                __StackTop = .
                0x20001000                PROVIDE (__stack = __StackTop)

.noinit
 *(.noinit*)

.data           0x20001000       0xc0 load address 0x00006cb8
                0x20001000                . = ALIGN (0x4)
                0x20001000                __data_start__ = .
 *(vtable)
 *(.data*)
 .data          0x20001000        0x4 c:/siliconlabs/simplicitystudio/v5/developer/toolchains/gnu_arm/10.3_2021.10/bin/../lib/gcc/arm-none-eabi/10.3.1/thumb/v8-m.main+fp/hard/crtbegin.o
                0x20001000                __dso_handle
 .data.SystemCoreClock
                0x20001004        0x4 ./innilib/System/GeckoSystem/gecko_sdk_4.2.1/bgm22/system_bgm22.o
                0x20001004                SystemCoreClock
 .data.SystemHFRCODPLLClock
                0x20001008        0x4 ./innilib/System/GeckoSystem/gecko_sdk_4.2.1/bgm22/system_bgm22.o
 .data.SystemHFXOClock
                0x2000100c        0x4 ./innilib/System/GeckoSystem/gecko_sdk_4.2.1/bgm22/system_bgm22.o
 .data.SystemLFXOClock
                0x20001010        0x4 ./innilib/System/GeckoSystem/gecko_sdk_4.2.1/bgm22/system_bgm22.o
 .data.heap_end.0
                0x20001014        0x4 ./innilib/System/GeckoSystem/gecko_sdk_4.2.1/common/sl_memory.o
 .data.is_fast_wakeup_enabled
                0x20001018        0x1 ./innilib/System/GeckoSystem/gecko_sdk_4.2.1/power_manager/sl_power_manager_hal_s2.o
 .data.cc_disabled
                0x20001019        0x1 ./innilib/System/GeckoSystem/gecko_sdk_4.2.1/sleeptimer/sl_sleeptimer_hal_rtcc.o
 *fill*         0x2000101a        0x2 
 .data._impure_ptr
                0x2000101c        0x4 c:/siliconlabs/simplicitystudio/v5/developer/toolchains/gnu_arm/10.3_2021.10/bin/../lib/gcc/arm-none-eabi/10.3.1/../../../../arm-none-eabi/lib/thumb/v8-m.main+fp/hard\libc_nano.a(lib_a-impure.o)
                0x2000101c                _impure_ptr
 .data.impure_data
                0x20001020       0x60 c:/siliconlabs/simplicitystudio/v5/developer/toolchains/gnu_arm/10.3_2021.10/bin/../lib/gcc/arm-none-eabi/10.3.1/../../../../arm-none-eabi/lib/thumb/v8-m.main+fp/hard\libc_nano.a(lib_a-impure.o)
                0x20001080                . = ALIGN (0x4)
                [!provide]                PROVIDE (__ram_func_section_start = .)
 *(.ram)
 .ram           0x20001080       0x30 ./innilib/System/GeckoSystem/gecko_sdk_4.2.1/emlib/em_emu.o
                [!provide]                PROVIDE (__ram_func_section_end = .)
                0x200010b0                . = ALIGN (0x4)
                0x200010b0                PROVIDE (__preinit_array_start = .)
 *(.preinit_array)
                0x200010b0                PROVIDE (__preinit_array_end = .)
                0x200010b0                . = ALIGN (0x4)
                0x200010b0                PROVIDE (__init_array_start = .)
 *(SORT_BY_NAME(.init_array.*))
 *(.init_array)
 .init_array    0x200010b0        0x4 c:/siliconlabs/simplicitystudio/v5/developer/toolchains/gnu_arm/10.3_2021.10/bin/../lib/gcc/arm-none-eabi/10.3.1/thumb/v8-m.main+fp/hard/crtbegin.o
 .init_array    0x200010b4        0x4 ./innilib/System/GeckoSystem/GeckoSystem.o
 .init_array    0x200010b8        0x4 ./main.o
                0x200010bc                PROVIDE (__init_array_end = .)
                0x200010bc                . = ALIGN (0x4)
                [!provide]                PROVIDE (__fini_array_start = .)
 *(SORT_BY_NAME(.fini_array.*))
 *(.fini_array)
 .fini_array    0x200010bc        0x4 c:/siliconlabs/simplicitystudio/v5/developer/toolchains/gnu_arm/10.3_2021.10/bin/../lib/gcc/arm-none-eabi/10.3.1/thumb/v8-m.main+fp/hard/crtbegin.o
                [!provide]                PROVIDE (__fini_array_end = .)
                0x200010c0                . = ALIGN (0x4)
                0x200010c0                __data_end__ = .

.igot.plt       0x200010c0        0x0 load address 0x00006d78
 .igot.plt      0x200010c0        0x0 c:/siliconlabs/simplicitystudio/v5/developer/toolchains/gnu_arm/10.3_2021.10/bin/../lib/gcc/arm-none-eabi/10.3.1/thumb/v8-m.main+fp/hard/crtbegin.o

.bss            0x200010c0      0x2cc load address 0x00006d78
                0x200010c0                . = ALIGN (0x4)
                0x200010c0                __bss_start__ = .
 *(.bss*)
 .bss           0x200010c0       0x1c c:/siliconlabs/simplicitystudio/v5/developer/toolchains/gnu_arm/10.3_2021.10/bin/../lib/gcc/arm-none-eabi/10.3.1/thumb/v8-m.main+fp/hard/crtbegin.o
 .bss._ZGVZN8innirion15GeckoPinManager8InstanceEvE3gpm
                0x200010dc        0x4 ./innilib/System/GeckoSystem/GeckoSystem.o
                0x200010dc                guard variable for innirion::GeckoPinManager::Instance()::gpm
 .bss._ZZN8innirion15GeckoPinManager8InstanceEvE3gpm
                0x200010e0        0x8 ./innilib/System/GeckoSystem/GeckoSystem.o
                0x200010e0                innirion::GeckoPinManager::Instance()::gpm
 .bss._ZGVZN8innirion18GeckoSchedulerImpl4InitEONS_14GeckoScheduler9McuConfigEE1k
                0x200010e8        0x4 ./innilib/System/GeckoSystem/GeckoSystem.o
                0x200010e8                guard variable for innirion::GeckoSchedulerImpl::Init(innirion::GeckoScheduler::McuConfig&&)::k
 .bss._ZZN8innirion18GeckoSchedulerImpl4InitEONS_14GeckoScheduler9McuConfigEE1k
                0x200010ec       0x30 ./innilib/System/GeckoSystem/GeckoSystem.o
                0x200010ec                innirion::GeckoSchedulerImpl::Init(innirion::GeckoScheduler::McuConfig&&)::k
 .bss._ZN8innirion18GeckoSchedulerImpl8instanceE
                0x2000111c        0x4 ./innilib/System/GeckoSystem/GeckoSystem.o
                0x2000111c                innirion::GeckoSchedulerImpl::instance
 .bss._ZGVZN8innirion12_GLOBAL__N_110DmaManager8InstanceEvE1m
                0x20001120        0x4 ./innilib/System/GeckoSystem/GeckoSystem.o
 .bss._ZGVZN8innirion9GeckoUartEONS_10UartConfigEE1u
                0x20001124        0x4 ./innilib/System/GeckoSystem/GeckoSystem.o
 .bss._ZGVZN8innirion9GeckoUartEONS_10UartConfigEE1u_0
                0x20001128        0x4 ./innilib/System/GeckoSystem/GeckoSystem.o
 .bss._ZN8innirion12_GLOBAL__N_111GeckoI2cNewILi0EE8observerE
                0x2000112c        0x4 ./innilib/System/GeckoSystem/GeckoSystem.o
 .bss._ZN8innirion12_GLOBAL__N_111GeckoI2cNewILi0EE8sequenceE
                0x20001130       0x14 ./innilib/System/GeckoSystem/GeckoSystem.o
 .bss._ZN8innirion12_GLOBAL__N_111GeckoI2cNewILi1EE8observerE
                0x20001144        0x4 ./innilib/System/GeckoSystem/GeckoSystem.o
 .bss._ZN8innirion12_GLOBAL__N_111GeckoI2cNewILi1EE8sequenceE
                0x20001148       0x14 ./innilib/System/GeckoSystem/GeckoSystem.o
 .bss._ZN8innirion12_GLOBAL__N_112adc_observerE
                0x2000115c        0x4 ./innilib/System/GeckoSystem/GeckoSystem.o
 .bss._ZN8innirion12_GLOBAL__N_116GeckoDmaUartImplILi0EE10rx_channelE
                0x20001160       0x2c ./innilib/System/GeckoSystem/GeckoSystem.o
 .bss._ZN8innirion12_GLOBAL__N_116GeckoDmaUartImplILi0EE10tx_channelE
                0x2000118c       0x2c ./innilib/System/GeckoSystem/GeckoSystem.o
 .bss._ZN8innirion12_GLOBAL__N_116GeckoDmaUartImplILi0EE11rx_observerE
                0x200011b8        0x4 ./innilib/System/GeckoSystem/GeckoSystem.o
 .bss._ZN8innirion12_GLOBAL__N_116GeckoDmaUartImplILi0EE11tx_observerE
                0x200011bc        0x4 ./innilib/System/GeckoSystem/GeckoSystem.o
 .bss._ZN8innirion12_GLOBAL__N_116GeckoDmaUartImplILi0EE21use_interrupt_contextE
                0x200011c0        0x1 ./innilib/System/GeckoSystem/GeckoSystem.o
 *fill*         0x200011c1        0x3 
 .bss._ZN8innirion12_GLOBAL__N_116GeckoDmaUartImplILi1EE10rx_channelE
                0x200011c4       0x2c ./innilib/System/GeckoSystem/GeckoSystem.o
 .bss._ZN8innirion12_GLOBAL__N_116GeckoDmaUartImplILi1EE10tx_channelE
                0x200011f0       0x2c ./innilib/System/GeckoSystem/GeckoSystem.o
 .bss._ZN8innirion12_GLOBAL__N_116GeckoDmaUartImplILi1EE11rx_observerE
                0x2000121c        0x4 ./innilib/System/GeckoSystem/GeckoSystem.o
 .bss._ZN8innirion12_GLOBAL__N_116GeckoDmaUartImplILi1EE11tx_observerE
                0x20001220        0x4 ./innilib/System/GeckoSystem/GeckoSystem.o
 .bss._ZN8innirion12_GLOBAL__N_116GeckoDmaUartImplILi1EE21use_interrupt_contextE
                0x20001224        0x1 ./innilib/System/GeckoSystem/GeckoSystem.o
 *fill*         0x20001225        0x3 
 .bss._ZN8innirion12_GLOBAL__N_117uart_rx_observersE
                0x20001228        0xc ./innilib/System/GeckoSystem/GeckoSystem.o
 .bss._ZN8innirion12_GLOBAL__N_117uart_tx_observersE
                0x20001234        0xc ./innilib/System/GeckoSystem/GeckoSystem.o
 .bss._ZN8innirion12_GLOBAL__N_118euart_rx_observersE
                0x20001240        0xc ./innilib/System/GeckoSystem/GeckoSystem.o
 .bss._ZN8innirion12_GLOBAL__N_118euart_tx_observersE
                0x2000124c        0xc ./innilib/System/GeckoSystem/GeckoSystem.o
 .bss._ZZN8innirion12_GLOBAL__N_110DmaManager8InstanceEvE1m
                0x20001258       0x20 ./innilib/System/GeckoSystem/GeckoSystem.o
 .bss._ZZN8innirion9GeckoUartEONS_10UartConfigEE1u
                0x20001278        0x8 ./innilib/System/GeckoSystem/GeckoSystem.o
 .bss._ZZN8innirion9GeckoUartEONS_10UartConfigEE1u_0
                0x20001280        0x8 ./innilib/System/GeckoSystem/GeckoSystem.o
 .bss.ctuneDelta
                0x20001288        0x1 ./innilib/System/GeckoSystem/gecko_sdk_4.2.1/emlib/em_cmu.o
 *fill*         0x20001289        0x3 
 .bss.dpllRefClk.0
                0x2000128c        0x4 ./innilib/System/GeckoSystem/gecko_sdk_4.2.1/emlib/em_emu.o
 .bss.vScaleEM01Config
                0x20001290        0x1 ./innilib/System/GeckoSystem/gecko_sdk_4.2.1/emlib/em_emu.o
 *fill*         0x20001291        0x3 
 .bss.i2cTransfer
                0x20001294       0x18 ./innilib/System/GeckoSystem/gecko_sdk_4.2.1/emlib/em_i2c.o
 .bss.hfxo_last_startup_time
                0x200012ac        0x4 ./innilib/System/GeckoSystem/gecko_sdk_4.2.1/hfxo_manager/sl_hfxo_manager.o
 .bss.hfxo_measurement_on
                0x200012b0        0x1 ./innilib/System/GeckoSystem/gecko_sdk_4.2.1/hfxo_manager/sl_hfxo_manager.o
 *fill*         0x200012b1        0x3 
 .bss.hfxo_startup_time_sum_average
                0x200012b4        0x4 ./innilib/System/GeckoSystem/gecko_sdk_4.2.1/hfxo_manager/sl_hfxo_manager.o
 .bss.hfxo_startup_time_table
                0x200012b8       0x28 ./innilib/System/GeckoSystem/gecko_sdk_4.2.1/hfxo_manager/sl_hfxo_manager.o
 .bss.hfxo_startup_time_table_index
                0x200012e0        0x1 ./innilib/System/GeckoSystem/gecko_sdk_4.2.1/hfxo_manager/sl_hfxo_manager.o
 *fill*         0x200012e1        0x3 
 .bss.hfxo_startup_time_tc_inital
                0x200012e4        0x4 ./innilib/System/GeckoSystem/gecko_sdk_4.2.1/hfxo_manager/sl_hfxo_manager.o
 .bss.hfxo_startup_time_tick
                0x200012e8        0x4 ./innilib/System/GeckoSystem/gecko_sdk_4.2.1/hfxo_manager/sl_hfxo_manager.o
 .bss.clock_wakeup_timer_handle
                0x200012ec       0x20 ./innilib/System/GeckoSystem/gecko_sdk_4.2.1/power_manager/sl_power_manager.o
 .bss.current_em
                0x2000130c        0x1 ./innilib/System/GeckoSystem/gecko_sdk_4.2.1/power_manager/sl_power_manager.o
 *fill*         0x2000130d        0x3 
 .bss.high_frequency_min_offtime_tick
                0x20001310        0x4 ./innilib/System/GeckoSystem/gecko_sdk_4.2.1/power_manager/sl_power_manager.o
                0x20001310                high_frequency_min_offtime_tick
 .bss.is_actively_waiting_for_clock_restore
                0x20001314        0x1 ./innilib/System/GeckoSystem/gecko_sdk_4.2.1/power_manager/sl_power_manager.o
 .bss.is_hf_x_oscillator_not_preserved
                0x20001315        0x1 ./innilib/System/GeckoSystem/gecko_sdk_4.2.1/power_manager/sl_power_manager.o
 .bss.is_initialized
                0x20001316        0x1 ./innilib/System/GeckoSystem/gecko_sdk_4.2.1/power_manager/sl_power_manager.o
 .bss.is_restored_from_hfxo_isr
                0x20001317        0x1 ./innilib/System/GeckoSystem/gecko_sdk_4.2.1/power_manager/sl_power_manager.o
 .bss.is_restored_from_hfxo_isr_internal
                0x20001318        0x1 ./innilib/System/GeckoSystem/gecko_sdk_4.2.1/power_manager/sl_power_manager.o
 .bss.is_sleeping_waiting_for_clock_restore
                0x20001319        0x1 ./innilib/System/GeckoSystem/gecko_sdk_4.2.1/power_manager/sl_power_manager.o
 .bss.is_states_saved
                0x2000131a        0x1 ./innilib/System/GeckoSystem/gecko_sdk_4.2.1/power_manager/sl_power_manager.o
 *fill*         0x2000131b        0x1 
 .bss.power_manager_em_transition_event_list
                0x2000131c        0x4 ./innilib/System/GeckoSystem/gecko_sdk_4.2.1/power_manager/sl_power_manager.o
 .bss.requirement_em_table
                0x20001320        0x2 ./innilib/System/GeckoSystem/gecko_sdk_4.2.1/power_manager/sl_power_manager.o
 .bss.requirement_high_accuracy_hf_clock_back_to_zero
                0x20001322        0x1 ./innilib/System/GeckoSystem/gecko_sdk_4.2.1/power_manager/sl_power_manager.o
                0x20001322                requirement_high_accuracy_hf_clock_back_to_zero
 .bss.requirement_high_accuracy_hf_clock_counter
                0x20001323        0x1 ./innilib/System/GeckoSystem/gecko_sdk_4.2.1/power_manager/sl_power_manager.o
                0x20001323                requirement_high_accuracy_hf_clock_counter
 .bss.requirement_on_em1_added
                0x20001324        0x1 ./innilib/System/GeckoSystem/gecko_sdk_4.2.1/power_manager/sl_power_manager.o
 *fill*         0x20001325        0x3 
 .bss.sleeptimer_frequency
                0x20001328        0x4 ./innilib/System/GeckoSystem/gecko_sdk_4.2.1/power_manager/sl_power_manager.o
 .bss.waiting_clock_restore_from_em
                0x2000132c        0x1 ./innilib/System/GeckoSystem/gecko_sdk_4.2.1/power_manager/sl_power_manager.o
 *fill*         0x2000132d        0x3 
 .bss.wakeup_time_config_overhead_tick
                0x20001330        0x4 ./innilib/System/GeckoSystem/gecko_sdk_4.2.1/power_manager/sl_power_manager.o
                0x20001330                wakeup_time_config_overhead_tick
 .bss.cmu_sys_clock_register
                0x20001334        0x4 ./innilib/System/GeckoSystem/gecko_sdk_4.2.1/power_manager/sl_power_manager_hal_s2.o
                0x20001334                cmu_sys_clock_register
 .bss.is_entering_deepsleep
                0x20001338        0x1 ./innilib/System/GeckoSystem/gecko_sdk_4.2.1/power_manager/sl_power_manager_hal_s2.o
 .bss.is_hf_x_oscillator_already_started
                0x20001339        0x1 ./innilib/System/GeckoSystem/gecko_sdk_4.2.1/power_manager/sl_power_manager_hal_s2.o
 .bss.is_hf_x_oscillator_used
                0x2000133a        0x1 ./innilib/System/GeckoSystem/gecko_sdk_4.2.1/power_manager/sl_power_manager_hal_s2.o
 *fill*         0x2000133b        0x1 
 .bss.process_wakeup_overhead_tick
                0x2000133c        0x4 ./innilib/System/GeckoSystem/gecko_sdk_4.2.1/power_manager/sl_power_manager_hal_s2.o
 .bss.is_sleeptimer_initialized
                0x20001340        0x1 ./innilib/System/GeckoSystem/gecko_sdk_4.2.1/sleeptimer/sl_sleeptimer.o
 *fill*         0x20001341        0x3 
 .bss.last_delta_update_count
                0x20001344        0x4 ./innilib/System/GeckoSystem/gecko_sdk_4.2.1/sleeptimer/sl_sleeptimer.o
 .bss.max_millisecond_conversion
                0x20001348        0x4 ./innilib/System/GeckoSystem/gecko_sdk_4.2.1/sleeptimer/sl_sleeptimer.o
 .bss.next_timer_to_expire_is_power_manager
                0x2000134c        0x1 ./innilib/System/GeckoSystem/gecko_sdk_4.2.1/sleeptimer/sl_sleeptimer.o
 *fill*         0x2000134d        0x1 
 .bss.overflow_counter
                0x2000134e        0x2 ./innilib/System/GeckoSystem/gecko_sdk_4.2.1/sleeptimer/sl_sleeptimer.o
 .bss.sleep_on_isr_exit
                0x20001350        0x1 ./innilib/System/GeckoSystem/gecko_sdk_4.2.1/sleeptimer/sl_sleeptimer.o
 *fill*         0x20001351        0x3 
 .bss.timer_frequency
                0x20001354        0x4 ./innilib/System/GeckoSystem/gecko_sdk_4.2.1/sleeptimer/sl_sleeptimer.o
 .bss.timer_head
                0x20001358        0x4 ./innilib/System/GeckoSystem/gecko_sdk_4.2.1/sleeptimer/sl_sleeptimer.o
 .bss.timer     0x2000135c       0x1c ./main.o
                0x2000135c                timer
 .bss._ZN12_GLOBAL__N_113__new_handlerE
                0x20001378        0x4 c:/siliconlabs/simplicitystudio/v5/developer/toolchains/gnu_arm/10.3_2021.10/bin/../lib/gcc/arm-none-eabi/10.3.1/../../../../arm-none-eabi/lib/thumb/v8-m.main+fp/hard\libstdc++_nano.a(new_handler.o)
 .bss.__malloc_free_list
                0x2000137c        0x4 c:/siliconlabs/simplicitystudio/v5/developer/toolchains/gnu_arm/10.3_2021.10/bin/../lib/gcc/arm-none-eabi/10.3.1/../../../../arm-none-eabi/lib/thumb/v8-m.main+fp/hard\libc_nano.a(lib_a-nano-mallocr.o)
                0x2000137c                __malloc_free_list
 .bss.__malloc_sbrk_start
                0x20001380        0x4 c:/siliconlabs/simplicitystudio/v5/developer/toolchains/gnu_arm/10.3_2021.10/bin/../lib/gcc/arm-none-eabi/10.3.1/../../../../arm-none-eabi/lib/thumb/v8-m.main+fp/hard\libc_nano.a(lib_a-nano-mallocr.o)
                0x20001380                __malloc_sbrk_start
 .bss.errno     0x20001384        0x4 c:/siliconlabs/simplicitystudio/v5/developer/toolchains/gnu_arm/10.3_2021.10/bin/../lib/gcc/arm-none-eabi/10.3.1/../../../../arm-none-eabi/lib/thumb/v8-m.main+fp/hard\libc_nano.a(lib_a-reent.o)
                0x20001384                errno
 .bss.__lock___malloc_recursive_mutex
                0x20001388        0x1 c:/siliconlabs/simplicitystudio/v5/developer/toolchains/gnu_arm/10.3_2021.10/bin/../lib/gcc/arm-none-eabi/10.3.1/../../../../arm-none-eabi/lib/thumb/v8-m.main+fp/hard\libc_nano.a(lib_a-lock.o)
                0x20001388                __lock___malloc_recursive_mutex
 *(COMMON)
                0x2000138c                . = ALIGN (0x4)
 *fill*         0x20001389        0x3 
                0x2000138c                __bss_end__ = .

.heap           0x20001390     0x6c70
                0x20001390                __HeapBase = .
                0x20001390                __end__ = .
                0x20001390                end = __end__
                0x20001390                _end = __end__
 *(.heap*)
 .heap          0x20001390      0x800 ./innilib/System/GeckoSystem/gecko_sdk_4.2.1/common/sl_memory.o
                0x20008000                . = (ORIGIN (RAM) + LENGTH (RAM))
 *fill*         0x20001b90     0x6470 
                0x20008000                __HeapLimit = .
                0x00006c70                __heap_size = (__HeapLimit - __HeapBase)
                0x0007e000                __main_flash_end__ = 0x7e000

.internal_storage
                0x00006cb8        0x0
 *(.internal_storage*)

.nvm            0x00006cb8        0x0
 *(.simee*)
                0x0007e000                linker_nvm_end = __main_flash_end__
                0x0007e000                linker_nvm_begin = (linker_nvm_end - SIZEOF (.nvm))
                0x00000000                linker_nvm_size = SIZEOF (.nvm)
                0x0007e000                linker_storage_end = linker_nvm_begin
                0x0007e000                linker_storage_begin = (linker_storage_end - SIZEOF (.internal_storage))
                0x00000000                linker_storage_size = SIZEOF (.internal_storage)
                0x0007e000                __nvm3Base = linker_nvm_begin
                0x00000001                ASSERT ((linker_storage_begin >= (__etext + SIZEOF (.data))), FLASH memory overflowed !)
OUTPUT(infineonMotor.axf elf32-littlearm)
LOAD linker stubs

.ARM.attributes
                0x00000000       0x36
 .ARM.attributes
                0x00000000       0x22 c:/siliconlabs/simplicitystudio/v5/developer/toolchains/gnu_arm/10.3_2021.10/bin/../lib/gcc/arm-none-eabi/10.3.1/thumb/v8-m.main+fp/hard/crti.o
 .ARM.attributes
                0x00000022       0x38 c:/siliconlabs/simplicitystudio/v5/developer/toolchains/gnu_arm/10.3_2021.10/bin/../lib/gcc/arm-none-eabi/10.3.1/thumb/v8-m.main+fp/hard/crtbegin.o
 .ARM.attributes
                0x0000005a       0x20 c:/siliconlabs/simplicitystudio/v5/developer/toolchains/gnu_arm/10.3_2021.10/bin/../lib/gcc/arm-none-eabi/10.3.1/../../../../arm-none-eabi/lib/thumb/v8-m.main+fp/hard/crt0.o
 .ARM.attributes
                0x0000007a       0x3a ./innilib/Components/Motor/InfineonMotor/InfineonMotor.o
 .ARM.attributes
                0x000000b4       0x3a ./innilib/System/GeckoSystem/GeckoSystem.o
 .ARM.attributes
                0x000000ee       0x3a ./innilib/System/GeckoSystem/gecko_sdk_4.2.1/bgm22/startup_bgm22.o
 .ARM.attributes
                0x00000128       0x3a ./innilib/System/GeckoSystem/gecko_sdk_4.2.1/bgm22/system_bgm22.o
 .ARM.attributes
                0x00000162       0x3a ./innilib/System/GeckoSystem/gecko_sdk_4.2.1/common/sl_assert.o
 .ARM.attributes
                0x0000019c       0x3a ./innilib/System/GeckoSystem/gecko_sdk_4.2.1/common/sl_memory.o
 .ARM.attributes
                0x000001d6       0x3a ./innilib/System/GeckoSystem/gecko_sdk_4.2.1/common/sl_slist.o
 .ARM.attributes
                0x00000210       0x3a ./innilib/System/GeckoSystem/gecko_sdk_4.2.1/emlib/em_cmu.o
 .ARM.attributes
                0x0000024a       0x3a ./innilib/System/GeckoSystem/gecko_sdk_4.2.1/emlib/em_core.o
 .ARM.attributes
                0x00000284       0x3a ./innilib/System/GeckoSystem/gecko_sdk_4.2.1/emlib/em_emu.o
 .ARM.attributes
                0x000002be       0x3a ./innilib/System/GeckoSystem/gecko_sdk_4.2.1/emlib/em_gpio.o
 .ARM.attributes
                0x000002f8       0x3a ./innilib/System/GeckoSystem/gecko_sdk_4.2.1/emlib/em_i2c.o
 .ARM.attributes
                0x00000332       0x3a ./innilib/System/GeckoSystem/gecko_sdk_4.2.1/emlib/em_ldma.o
 .ARM.attributes
                0x0000036c       0x3a ./innilib/System/GeckoSystem/gecko_sdk_4.2.1/emlib/em_rtcc.o
 .ARM.attributes
                0x000003a6       0x3a ./innilib/System/GeckoSystem/gecko_sdk_4.2.1/emlib/em_usart.o
 .ARM.attributes
                0x000003e0       0x3a ./innilib/System/GeckoSystem/gecko_sdk_4.2.1/hfxo_manager/sl_hfxo_manager.o
 .ARM.attributes
                0x0000041a       0x3a ./innilib/System/GeckoSystem/gecko_sdk_4.2.1/hfxo_manager/sl_hfxo_manager_hal_s2.o
 .ARM.attributes
                0x00000454       0x3a ./innilib/System/GeckoSystem/gecko_sdk_4.2.1/power_manager/sl_power_manager.o
 .ARM.attributes
                0x0000048e       0x3a ./innilib/System/GeckoSystem/gecko_sdk_4.2.1/power_manager/sl_power_manager_hal_s2.o
 .ARM.attributes
                0x000004c8       0x3a ./innilib/System/GeckoSystem/gecko_sdk_4.2.1/power_manager/sl_power_manager_handler.o
 .ARM.attributes
                0x00000502       0x3a ./innilib/System/GeckoSystem/gecko_sdk_4.2.1/sleeptimer/sl_sleeptimer.o
 .ARM.attributes
                0x0000053c       0x3a ./innilib/System/GeckoSystem/gecko_sdk_4.2.1/sleeptimer/sl_sleeptimer_hal_rtcc.o
 .ARM.attributes
                0x00000576       0x3a ./main.o
 .ARM.attributes
                0x000005b0       0x38 c:/siliconlabs/simplicitystudio/v5/developer/toolchains/gnu_arm/10.3_2021.10/bin/../lib/gcc/arm-none-eabi/10.3.1/../../../../arm-none-eabi/lib/thumb/v8-m.main+fp/hard\libstdc++_nano.a(atexit_arm.o)
 .ARM.attributes
                0x000005e8       0x38 c:/siliconlabs/simplicitystudio/v5/developer/toolchains/gnu_arm/10.3_2021.10/bin/../lib/gcc/arm-none-eabi/10.3.1/../../../../arm-none-eabi/lib/thumb/v8-m.main+fp/hard\libstdc++_nano.a(del_ops.o)
 .ARM.attributes
                0x00000620       0x38 c:/siliconlabs/simplicitystudio/v5/developer/toolchains/gnu_arm/10.3_2021.10/bin/../lib/gcc/arm-none-eabi/10.3.1/../../../../arm-none-eabi/lib/thumb/v8-m.main+fp/hard\libstdc++_nano.a(guard.o)
 .ARM.attributes
                0x00000658       0x38 c:/siliconlabs/simplicitystudio/v5/developer/toolchains/gnu_arm/10.3_2021.10/bin/../lib/gcc/arm-none-eabi/10.3.1/../../../../arm-none-eabi/lib/thumb/v8-m.main+fp/hard\libstdc++_nano.a(new_op.o)
 .ARM.attributes